Random Seed: 1685743222 (Overridden by hardware generation!)
Device #0, Loaded binary from: /home/paperspace/.qrack/qrack_ocl_dev_NVIDIA_A100-SXM4-80GB.ir
Default platform: NVIDIA CUDA
Default device: #0, NVIDIA A100-SXM4-80GB
OpenCL device #0: NVIDIA A100-SXM4-80GB
############ Default Optimal (QUnit) ############
Filters: test_noisy_fidelity_2qb_nn_estimate
>>> 'test_noisy_fidelity_2qb_nn_estimate':
Circuit width: 54
Circuit layer depth (excluding factor of x2 for mirror validation): 10
For SDRP=1: 
Unitary fidelity: 3.14509e-09
Execution time: 0s
For SDRP=0.975: 
Unitary fidelity: 3.14509e-09
Execution time: 0s
For SDRP=0.95: 
Unitary fidelity: 1.44096e-08
Execution time: 2s
For SDRP=0.925: 
Unitary fidelity: 1.44097e-08
Execution time: 2s
For SDRP=0.9: 
Unitary fidelity: 1.44097e-08
Execution time: 2s
For SDRP=0.875: 
Unitary fidelity: 1.32094e-08
Execution time: 3s
For SDRP=0.85: 
Unitary fidelity: 1.32093e-08
Execution time: 3s
For SDRP=0.825: 
Unitary fidelity: 1.08617e-07
Execution time: 4s

~~~~~~~~~~~~~~~~~~~~~~~~~~~~~~~~~~~~~~~~~~~~~~~~~~~~~~~~~~~~~~~~~~~~~~~~~~~~~~~
benchmarks is a Catch v2.13.7 host application.
Run with -? for options

Randomness seeded to: 1685743222

-------------------------------------------------------------------------------
test_noisy_fidelity_2qb_nn_estimate
-------------------------------------------------------------------------------
/home/paperspace/qrack/test/benchmarks.cpp:5763
...............................................................................

/home/paperspace/qrack/test/benchmarks.cpp:5763: FAILED:
due to unexpected exception with message:
  VRAM limits exceeded in QEngineOCL::AddAlloc()

===============================================================================
test cases: 1 | 1 failed
assertions: 1 | 1 failed

Random Seed: 1685743249 (Overridden by hardware generation!)
Device #0, Loaded binary from: /home/paperspace/.qrack/qrack_ocl_dev_NVIDIA_A100-SXM4-80GB.ir
Default platform: NVIDIA CUDA
Default device: #0, NVIDIA A100-SXM4-80GB
OpenCL device #0: NVIDIA A100-SXM4-80GB
############ Default Optimal (QUnit) ############
Filters: test_noisy_fidelity_2qb_nn_estimate
>>> 'test_noisy_fidelity_2qb_nn_estimate':
Circuit width: 54
Circuit layer depth (excluding factor of x2 for mirror validation): 10
For SDRP=1: 
Unitary fidelity: 3.75988e-10
Execution time: 0s
For SDRP=0.975: 
Unitary fidelity: 7.51258e-10
Execution time: 0s
For SDRP=0.95: 
Unitary fidelity: 2.10369e-10
Execution time: 0s
For SDRP=0.925: 
Unitary fidelity: 2.973e-09
Execution time: 0s
For SDRP=0.9: 
Unitary fidelity: 4.71919e-09
Execution time: 0s
For SDRP=0.875: 
Unitary fidelity: 2.76568e-08
Execution time: 1s
For SDRP=0.85: 
Unitary fidelity: 2.76568e-08
Execution time: 1s
For SDRP=0.825: 
Unitary fidelity: 9.20869e-08
Execution time: 10s

~~~~~~~~~~~~~~~~~~~~~~~~~~~~~~~~~~~~~~~~~~~~~~~~~~~~~~~~~~~~~~~~~~~~~~~~~~~~~~~
benchmarks is a Catch v2.13.7 host application.
Run with -? for options

Randomness seeded to: 1685743249

-------------------------------------------------------------------------------
test_noisy_fidelity_2qb_nn_estimate
-------------------------------------------------------------------------------
/home/paperspace/qrack/test/benchmarks.cpp:5763
...............................................................................

/home/paperspace/qrack/test/benchmarks.cpp:5763: FAILED:
due to unexpected exception with message:
  Cannot instantiate a QPager with greater capacity than environment variable
  QRACK_MAX_PAGING_QB.

===============================================================================
test cases: 1 | 1 failed
assertions: 1 | 1 failed

Random Seed: 1685743267 (Overridden by hardware generation!)
Device #0, Loaded binary from: /home/paperspace/.qrack/qrack_ocl_dev_NVIDIA_A100-SXM4-80GB.ir
Default platform: NVIDIA CUDA
Default device: #0, NVIDIA A100-SXM4-80GB
OpenCL device #0: NVIDIA A100-SXM4-80GB
############ Default Optimal (QUnit) ############
Filters: test_noisy_fidelity_2qb_nn_estimate
>>> 'test_noisy_fidelity_2qb_nn_estimate':
Circuit width: 54
Circuit layer depth (excluding factor of x2 for mirror validation): 10
For SDRP=1: 
Unitary fidelity: 2.25285e-09
Execution time: 1s
For SDRP=0.975: 
Unitary fidelity: 2.25296e-09
Execution time: 1s
For SDRP=0.95: 
Unitary fidelity: 2.25291e-09
Execution time: 1s
For SDRP=0.925: 
Unitary fidelity: 3.48779e-09
Execution time: 3s
For SDRP=0.9: 
Unitary fidelity: 1.26234e-09
Execution time: 10s
For SDRP=0.875: 
Unitary fidelity: 1.50466e-08
Execution time: 12s
For SDRP=0.85: 
Unitary fidelity: 6.03137e-08
Execution time: 3s
For SDRP=0.825: 
Unitary fidelity: 7.22073e-08
Execution time: 4s

~~~~~~~~~~~~~~~~~~~~~~~~~~~~~~~~~~~~~~~~~~~~~~~~~~~~~~~~~~~~~~~~~~~~~~~~~~~~~~~
benchmarks is a Catch v2.13.7 host application.
Run with -? for options

Randomness seeded to: 1685743267

-------------------------------------------------------------------------------
test_noisy_fidelity_2qb_nn_estimate
-------------------------------------------------------------------------------
/home/paperspace/qrack/test/benchmarks.cpp:5763
...............................................................................

/home/paperspace/qrack/test/benchmarks.cpp:5763: FAILED:
due to unexpected exception with message:
  VRAM limits exceeded in QEngineOCL::AddAlloc()

===============================================================================
test cases: 1 | 1 failed
assertions: 1 | 1 failed

Random Seed: 1685743309 (Overridden by hardware generation!)
Device #0, Loaded binary from: /home/paperspace/.qrack/qrack_ocl_dev_NVIDIA_A100-SXM4-80GB.ir
Default platform: NVIDIA CUDA
Default device: #0, NVIDIA A100-SXM4-80GB
OpenCL device #0: NVIDIA A100-SXM4-80GB
############ Default Optimal (QUnit) ############
Filters: test_noisy_fidelity_2qb_nn_estimate
>>> 'test_noisy_fidelity_2qb_nn_estimate':
Circuit width: 54
Circuit layer depth (excluding factor of x2 for mirror validation): 10
For SDRP=1: 
Unitary fidelity: 1.96013e-08
Execution time: 0s
For SDRP=0.975: 
Unitary fidelity: 1.96009e-08
Execution time: 0s
For SDRP=0.95: 
Unitary fidelity: 1.96012e-08
Execution time: 0s
For SDRP=0.925: 
Unitary fidelity: 1.96018e-08
Execution time: 0s
For SDRP=0.9: 
Unitary fidelity: 9.29651e-09
Execution time: 0s
For SDRP=0.875: 
Unitary fidelity: 5.9323e-09
Execution time: 0s
For SDRP=0.85: 
Unitary fidelity: 3.17156e-09
Execution time: 4s
For SDRP=0.825: 
Unitary fidelity: 3.17158e-09
Execution time: 3s
For SDRP=0.8: 
Unitary fidelity: 5.63376e-08
Execution time: 7s
For SDRP=0.775: 
Unitary fidelity: 6.03012e-07
Execution time: 18s
For SDRP=0.75: 
Unitary fidelity: 1.64221e-06
Execution time: 17s
For SDRP=0.725: 
Unitary fidelity: 3.55851e-06
Execution time: 19s

~~~~~~~~~~~~~~~~~~~~~~~~~~~~~~~~~~~~~~~~~~~~~~~~~~~~~~~~~~~~~~~~~~~~~~~~~~~~~~~
benchmarks is a Catch v2.13.7 host application.
Run with -? for options

Randomness seeded to: 1685743309

-------------------------------------------------------------------------------
test_noisy_fidelity_2qb_nn_estimate
-------------------------------------------------------------------------------
/home/paperspace/qrack/test/benchmarks.cpp:5763
...............................................................................

/home/paperspace/qrack/test/benchmarks.cpp:5763: FAILED:
due to unexpected exception with message:
  Cannot instantiate a QPager with greater capacity than environment variable
  QRACK_MAX_PAGING_QB.

===============================================================================
test cases: 1 | 1 failed
assertions: 1 | 1 failed

Random Seed: 1685743385 (Overridden by hardware generation!)
Device #0, Loaded binary from: /home/paperspace/.qrack/qrack_ocl_dev_NVIDIA_A100-SXM4-80GB.ir
Default platform: NVIDIA CUDA
Default device: #0, NVIDIA A100-SXM4-80GB
OpenCL device #0: NVIDIA A100-SXM4-80GB
############ Default Optimal (QUnit) ############
Filters: test_noisy_fidelity_2qb_nn_estimate
>>> 'test_noisy_fidelity_2qb_nn_estimate':
Circuit width: 54
Circuit layer depth (excluding factor of x2 for mirror validation): 10
For SDRP=1: 
Unitary fidelity: 4.69988e-10
Execution time: 1s
For SDRP=0.975: 
Unitary fidelity: 3.15891e-10
Execution time: 1s
For SDRP=0.95: 
Unitary fidelity: 6.28285e-10
Execution time: 0s
For SDRP=0.925: 
Unitary fidelity: 6.63419e-10
Execution time: 0s

~~~~~~~~~~~~~~~~~~~~~~~~~~~~~~~~~~~~~~~~~~~~~~~~~~~~~~~~~~~~~~~~~~~~~~~~~~~~~~~
benchmarks is a Catch v2.13.7 host application.
Run with -? for options

Randomness seeded to: 1685743385

-------------------------------------------------------------------------------
test_noisy_fidelity_2qb_nn_estimate
-------------------------------------------------------------------------------
/home/paperspace/qrack/test/benchmarks.cpp:5763
...............................................................................

/home/paperspace/qrack/test/benchmarks.cpp:5763: FAILED:
due to unexpected exception with message:
  VRAM limits exceeded in QEngineOCL::AddAlloc()

===============================================================================
test cases: 1 | 1 failed
assertions: 1 | 1 failed

Random Seed: 1685743392 (Overridden by hardware generation!)
Device #0, Loaded binary from: /home/paperspace/.qrack/qrack_ocl_dev_NVIDIA_A100-SXM4-80GB.ir
Default platform: NVIDIA CUDA
Default device: #0, NVIDIA A100-SXM4-80GB
OpenCL device #0: NVIDIA A100-SXM4-80GB
############ Default Optimal (QUnit) ############
Filters: test_noisy_fidelity_2qb_nn_estimate
>>> 'test_noisy_fidelity_2qb_nn_estimate':
Circuit width: 54
Circuit layer depth (excluding factor of x2 for mirror validation): 10
For SDRP=1: 
Unitary fidelity: 4.09954e-08
Execution time: 6s
For SDRP=0.975: 
Unitary fidelity: 4.09957e-08
Execution time: 5s
For SDRP=0.95: 
Unitary fidelity: 2.92542e-08
Execution time: 7s
For SDRP=0.925: 
Unitary fidelity: 2.92544e-08
Execution time: 8s
For SDRP=0.9: 
Unitary fidelity: 2.92544e-08
Execution time: 8s
For SDRP=0.875: 
Unitary fidelity: 1.53003e-07
Execution time: 15s
For SDRP=0.85: 
Unitary fidelity: 8.40974e-08
Execution time: 15s
For SDRP=0.825: 
Unitary fidelity: 1.30836e-07
Execution time: 17s
For SDRP=0.8: 
Unitary fidelity: 1.23608e-07
Execution time: 15s
For SDRP=0.775: 
Unitary fidelity: 1.44889e-06
Execution time: 64s
For SDRP=0.75: 
Unitary fidelity: 1.0959e-06
Execution time: 40s

~~~~~~~~~~~~~~~~~~~~~~~~~~~~~~~~~~~~~~~~~~~~~~~~~~~~~~~~~~~~~~~~~~~~~~~~~~~~~~~
benchmarks is a Catch v2.13.7 host application.
Run with -? for options

Randomness seeded to: 1685743392

-------------------------------------------------------------------------------
test_noisy_fidelity_2qb_nn_estimate
-------------------------------------------------------------------------------
/home/paperspace/qrack/test/benchmarks.cpp:5763
...............................................................................

/home/paperspace/qrack/test/benchmarks.cpp:5763: FAILED:
due to unexpected exception with message:
  Cannot instantiate a QPager with greater capacity than environment variable
  QRACK_MAX_PAGING_QB.

===============================================================================
test cases: 1 | 1 failed
assertions: 1 | 1 failed

Random Seed: 1685743640 (Overridden by hardware generation!)
Device #0, Loaded binary from: /home/paperspace/.qrack/qrack_ocl_dev_NVIDIA_A100-SXM4-80GB.ir
Default platform: NVIDIA CUDA
Default device: #0, NVIDIA A100-SXM4-80GB
OpenCL device #0: NVIDIA A100-SXM4-80GB
############ Default Optimal (QUnit) ############
Filters: test_noisy_fidelity_2qb_nn_estimate
>>> 'test_noisy_fidelity_2qb_nn_estimate':
Circuit width: 54
Circuit layer depth (excluding factor of x2 for mirror validation): 10
For SDRP=1: 
Unitary fidelity: 4.69475e-10
Execution time: 0s
For SDRP=0.975: 
Unitary fidelity: 5.58662e-10
Execution time: 0s
For SDRP=0.95: 
Unitary fidelity: 5.5867e-10
Execution time: 0s
For SDRP=0.925: 
Unitary fidelity: 5.58673e-10
Execution time: 0s
For SDRP=0.9: 
Unitary fidelity: 7.95416e-10
Execution time: 2s
For SDRP=0.875: 
Unitary fidelity: 7.55761e-10
Execution time: 2s
For SDRP=0.85: 
Unitary fidelity: 1.70209e-09
Execution time: 1s
For SDRP=0.825: 
Unitary fidelity: 4.34232e-08
Execution time: 3s
For SDRP=0.8: 
Unitary fidelity: 4.38361e-08
Execution time: 6s

~~~~~~~~~~~~~~~~~~~~~~~~~~~~~~~~~~~~~~~~~~~~~~~~~~~~~~~~~~~~~~~~~~~~~~~~~~~~~~~
benchmarks is a Catch v2.13.7 host application.
Run with -? for options

Randomness seeded to: 1685743640

-------------------------------------------------------------------------------
test_noisy_fidelity_2qb_nn_estimate
-------------------------------------------------------------------------------
/home/paperspace/qrack/test/benchmarks.cpp:5763
...............................................................................

/home/paperspace/qrack/test/benchmarks.cpp:5763: FAILED:
due to unexpected exception with message:
  Cannot instantiate a QPager with greater capacity than environment variable
  QRACK_MAX_PAGING_QB.

===============================================================================
test cases: 1 | 1 failed
assertions: 1 | 1 failed

Random Seed: 1685743676 (Overridden by hardware generation!)
Device #0, Loaded binary from: /home/paperspace/.qrack/qrack_ocl_dev_NVIDIA_A100-SXM4-80GB.ir
Default platform: NVIDIA CUDA
Default device: #0, NVIDIA A100-SXM4-80GB
OpenCL device #0: NVIDIA A100-SXM4-80GB
############ Default Optimal (QUnit) ############
Filters: test_noisy_fidelity_2qb_nn_estimate
>>> 'test_noisy_fidelity_2qb_nn_estimate':
Circuit width: 54
Circuit layer depth (excluding factor of x2 for mirror validation): 10
For SDRP=1: 
Unitary fidelity: 1.96443e-09
Execution time: 1s
For SDRP=0.975: 
Unitary fidelity: 1.96432e-09
Execution time: 1s
For SDRP=0.95: 
Unitary fidelity: 1.96433e-09
Execution time: 1s
For SDRP=0.925: 
Unitary fidelity: 1.79753e-09
Execution time: 1s
For SDRP=0.9: 
Unitary fidelity: 4.395e-09
Execution time: 1s

~~~~~~~~~~~~~~~~~~~~~~~~~~~~~~~~~~~~~~~~~~~~~~~~~~~~~~~~~~~~~~~~~~~~~~~~~~~~~~~
benchmarks is a Catch v2.13.7 host application.
Run with -? for options

Randomness seeded to: 1685743676

-------------------------------------------------------------------------------
test_noisy_fidelity_2qb_nn_estimate
-------------------------------------------------------------------------------
/home/paperspace/qrack/test/benchmarks.cpp:5763
...............................................................................

/home/paperspace/qrack/test/benchmarks.cpp:5763: FAILED:
due to unexpected exception with message:
  Cannot instantiate a QPager with greater capacity than environment variable
  QRACK_MAX_PAGING_QB.

===============================================================================
test cases: 1 | 1 failed
assertions: 1 | 1 failed

Random Seed: 1685743688 (Overridden by hardware generation!)
Device #0, Loaded binary from: /home/paperspace/.qrack/qrack_ocl_dev_NVIDIA_A100-SXM4-80GB.ir
Default platform: NVIDIA CUDA
Default device: #0, NVIDIA A100-SXM4-80GB
OpenCL device #0: NVIDIA A100-SXM4-80GB
############ Default Optimal (QUnit) ############
Filters: test_noisy_fidelity_2qb_nn_estimate
>>> 'test_noisy_fidelity_2qb_nn_estimate':
Circuit width: 54
Circuit layer depth (excluding factor of x2 for mirror validation): 10
For SDRP=1: 
Unitary fidelity: 1.90698e-09
Execution time: 12s
For SDRP=0.975: 
Unitary fidelity: 1.90696e-09
Execution time: 13s
For SDRP=0.95: 
Unitary fidelity: 3.34392e-10
Execution time: 4s
For SDRP=0.925: 
Unitary fidelity: 3.34387e-10
Execution time: 3s
For SDRP=0.9: 
Unitary fidelity: 3.34394e-10
Execution time: 3s
For SDRP=0.875: 
Unitary fidelity: 1.1504e-08
Execution time: 12s
For SDRP=0.85: 
Unitary fidelity: 1.15038e-08
Execution time: 12s
For SDRP=0.825: 
Unitary fidelity: 1.28904e-08
Execution time: 12s
For SDRP=0.8: 
Unitary fidelity: 6.06678e-08
Execution time: 41s

~~~~~~~~~~~~~~~~~~~~~~~~~~~~~~~~~~~~~~~~~~~~~~~~~~~~~~~~~~~~~~~~~~~~~~~~~~~~~~~
benchmarks is a Catch v2.13.7 host application.
Run with -? for options

Randomness seeded to: 1685743688

-------------------------------------------------------------------------------
test_noisy_fidelity_2qb_nn_estimate
-------------------------------------------------------------------------------
/home/paperspace/qrack/test/benchmarks.cpp:5763
...............................................................................

/home/paperspace/qrack/test/benchmarks.cpp:5763: FAILED:
due to unexpected exception with message:
  Cannot instantiate a QPager with greater capacity than environment variable
  QRACK_MAX_PAGING_QB.

===============================================================================
test cases: 1 | 1 failed
assertions: 1 | 1 failed

Random Seed: 1685743810 (Overridden by hardware generation!)
Device #0, Loaded binary from: /home/paperspace/.qrack/qrack_ocl_dev_NVIDIA_A100-SXM4-80GB.ir
Default platform: NVIDIA CUDA
Default device: #0, NVIDIA A100-SXM4-80GB
OpenCL device #0: NVIDIA A100-SXM4-80GB
############ Default Optimal (QUnit) ############
Filters: test_noisy_fidelity_2qb_nn_estimate
>>> 'test_noisy_fidelity_2qb_nn_estimate':
Circuit width: 54
Circuit layer depth (excluding factor of x2 for mirror validation): 10
For SDRP=1: 
Unitary fidelity: 4.4692e-09
Execution time: 0s
For SDRP=0.975: 
Unitary fidelity: 4.46919e-09
Execution time: 0s
For SDRP=0.95: 
Unitary fidelity: 4.4692e-09
Execution time: 0s
For SDRP=0.925: 
Unitary fidelity: 4.46919e-09
Execution time: 0s
For SDRP=0.9: 
Unitary fidelity: 5.43909e-09
Execution time: 0s
For SDRP=0.875: 
Unitary fidelity: 1.61889e-08
Execution time: 0s
For SDRP=0.85: 
Unitary fidelity: 8.16768e-08
Execution time: 0s
For SDRP=0.825: 
Unitary fidelity: 2.40781e-07
Execution time: 3s
For SDRP=0.8: 
Unitary fidelity: 4.8482e-07
Execution time: 4s
For SDRP=0.775: 
Unitary fidelity: 8.70741e-07
Execution time: 11s
For SDRP=0.75: 
Unitary fidelity: 1.01034e-07
Execution time: 0s
For SDRP=0.725: 
Unitary fidelity: 1.1017e-06
Execution time: 2s

~~~~~~~~~~~~~~~~~~~~~~~~~~~~~~~~~~~~~~~~~~~~~~~~~~~~~~~~~~~~~~~~~~~~~~~~~~~~~~~
benchmarks is a Catch v2.13.7 host application.
Run with -? for options

Randomness seeded to: 1685743810

-------------------------------------------------------------------------------
test_noisy_fidelity_2qb_nn_estimate
-------------------------------------------------------------------------------
/home/paperspace/qrack/test/benchmarks.cpp:5763
...............................................................................

/home/paperspace/qrack/test/benchmarks.cpp:5763: FAILED:
due to unexpected exception with message:
  Cannot instantiate a QPager with greater capacity than environment variable
  QRACK_MAX_PAGING_QB.

===============================================================================
test cases: 1 | 1 failed
assertions: 1 | 1 failed

Random Seed: 1685743874 (Overridden by hardware generation!)
Device #0, Loaded binary from: /home/paperspace/.qrack/qrack_ocl_dev_NVIDIA_A100-SXM4-80GB.ir
Default platform: NVIDIA CUDA
Default device: #0, NVIDIA A100-SXM4-80GB
OpenCL device #0: NVIDIA A100-SXM4-80GB
############ Default Optimal (QUnit) ############
Filters: test_noisy_fidelity_2qb_nn_estimate
>>> 'test_noisy_fidelity_2qb_nn_estimate':
Circuit width: 54
Circuit layer depth (excluding factor of x2 for mirror validation): 10

~~~~~~~~~~~~~~~~~~~~~~~~~~~~~~~~~~~~~~~~~~~~~~~~~~~~~~~~~~~~~~~~~~~~~~~~~~~~~~~
benchmarks is a Catch v2.13.7 host application.
Run with -? for options

Randomness seeded to: 1685743874

-------------------------------------------------------------------------------
test_noisy_fidelity_2qb_nn_estimate
-------------------------------------------------------------------------------
/home/paperspace/qrack/test/benchmarks.cpp:5763
...............................................................................

/home/paperspace/qrack/test/benchmarks.cpp:5763: FAILED:
due to unexpected exception with message:
  Cannot instantiate a QPager with greater capacity than environment variable
  QRACK_MAX_PAGING_QB.

===============================================================================
test cases: 1 | 1 failed
assertions: 1 | 1 failed

Random Seed: 1685743874 (Overridden by hardware generation!)
Device #0, Loaded binary from: /home/paperspace/.qrack/qrack_ocl_dev_NVIDIA_A100-SXM4-80GB.ir
Default platform: NVIDIA CUDA
Default device: #0, NVIDIA A100-SXM4-80GB
OpenCL device #0: NVIDIA A100-SXM4-80GB
############ Default Optimal (QUnit) ############
Filters: test_noisy_fidelity_2qb_nn_estimate
>>> 'test_noisy_fidelity_2qb_nn_estimate':
Circuit width: 54
Circuit layer depth (excluding factor of x2 for mirror validation): 10

~~~~~~~~~~~~~~~~~~~~~~~~~~~~~~~~~~~~~~~~~~~~~~~~~~~~~~~~~~~~~~~~~~~~~~~~~~~~~~~
benchmarks is a Catch v2.13.7 host application.
Run with -? for options

Randomness seeded to: 1685743874

-------------------------------------------------------------------------------
test_noisy_fidelity_2qb_nn_estimate
-------------------------------------------------------------------------------
/home/paperspace/qrack/test/benchmarks.cpp:5763
...............................................................................

/home/paperspace/qrack/test/benchmarks.cpp:5763: FAILED:
due to unexpected exception with message:
  VRAM limits exceeded in QEngineOCL::AddAlloc()

===============================================================================
test cases: 1 | 1 failed
assertions: 1 | 1 failed

Random Seed: 1685743875 (Overridden by hardware generation!)
Device #0, Loaded binary from: /home/paperspace/.qrack/qrack_ocl_dev_NVIDIA_A100-SXM4-80GB.ir
Default platform: NVIDIA CUDA
Default device: #0, NVIDIA A100-SXM4-80GB
OpenCL device #0: NVIDIA A100-SXM4-80GB
############ Default Optimal (QUnit) ############
Filters: test_noisy_fidelity_2qb_nn_estimate
>>> 'test_noisy_fidelity_2qb_nn_estimate':
Circuit width: 54
Circuit layer depth (excluding factor of x2 for mirror validation): 10
For SDRP=1: 
Unitary fidelity: 1.33737e-09
Execution time: 8s
For SDRP=0.975: 
Unitary fidelity: 1.13945e-09
Execution time: 7s
For SDRP=0.95: 
Unitary fidelity: 3.59169e-09
Execution time: 8s

~~~~~~~~~~~~~~~~~~~~~~~~~~~~~~~~~~~~~~~~~~~~~~~~~~~~~~~~~~~~~~~~~~~~~~~~~~~~~~~
benchmarks is a Catch v2.13.7 host application.
Run with -? for options

Randomness seeded to: 1685743875

-------------------------------------------------------------------------------
test_noisy_fidelity_2qb_nn_estimate
-------------------------------------------------------------------------------
/home/paperspace/qrack/test/benchmarks.cpp:5763
...............................................................................

/home/paperspace/qrack/test/benchmarks.cpp:5763: FAILED:
due to unexpected exception with message:
  VRAM limits exceeded in QEngineOCL::AddAlloc()

===============================================================================
test cases: 1 | 1 failed
assertions: 1 | 1 failed

Random Seed: 1685743902 (Overridden by hardware generation!)
Device #0, Loaded binary from: /home/paperspace/.qrack/qrack_ocl_dev_NVIDIA_A100-SXM4-80GB.ir
Default platform: NVIDIA CUDA
Default device: #0, NVIDIA A100-SXM4-80GB
OpenCL device #0: NVIDIA A100-SXM4-80GB
############ Default Optimal (QUnit) ############
Filters: test_noisy_fidelity_2qb_nn_estimate
>>> 'test_noisy_fidelity_2qb_nn_estimate':
Circuit width: 54
Circuit layer depth (excluding factor of x2 for mirror validation): 10
For SDRP=1: 
Unitary fidelity: 2.77719e-09
Execution time: 1s
For SDRP=0.975: 
Unitary fidelity: 1.2603e-08
Execution time: 0s
For SDRP=0.95: 
Unitary fidelity: 2.47506e-09
Execution time: 0s
For SDRP=0.925: 
Unitary fidelity: 1.50241e-08
Execution time: 0s
For SDRP=0.9: 
Unitary fidelity: 2.09956e-08
Execution time: 1s
For SDRP=0.875: 
Unitary fidelity: 2.69067e-08
Execution time: 2s
For SDRP=0.85: 
Unitary fidelity: 7.09917e-08
Execution time: 27s

~~~~~~~~~~~~~~~~~~~~~~~~~~~~~~~~~~~~~~~~~~~~~~~~~~~~~~~~~~~~~~~~~~~~~~~~~~~~~~~
benchmarks is a Catch v2.13.7 host application.
Run with -? for options

Randomness seeded to: 1685743902

-------------------------------------------------------------------------------
test_noisy_fidelity_2qb_nn_estimate
-------------------------------------------------------------------------------
/home/paperspace/qrack/test/benchmarks.cpp:5763
...............................................................................

/home/paperspace/qrack/test/benchmarks.cpp:5763: FAILED:
due to unexpected exception with message:
  VRAM limits exceeded in QEngineOCL::AddAlloc()

===============================================================================
test cases: 1 | 1 failed
assertions: 1 | 1 failed

Random Seed: 1685743943 (Overridden by hardware generation!)
Device #0, Loaded binary from: /home/paperspace/.qrack/qrack_ocl_dev_NVIDIA_A100-SXM4-80GB.ir
Default platform: NVIDIA CUDA
Default device: #0, NVIDIA A100-SXM4-80GB
OpenCL device #0: NVIDIA A100-SXM4-80GB
############ Default Optimal (QUnit) ############
Filters: test_noisy_fidelity_2qb_nn_estimate
>>> 'test_noisy_fidelity_2qb_nn_estimate':
Circuit width: 54
Circuit layer depth (excluding factor of x2 for mirror validation): 10
For SDRP=1: 
Unitary fidelity: 2.36989e-08
Execution time: 1s
For SDRP=0.975: 
Unitary fidelity: 2.62113e-08
Execution time: 4s
For SDRP=0.95: 
Unitary fidelity: 2.62114e-08
Execution time: 3s
For SDRP=0.925: 
Unitary fidelity: 2.10544e-08
Execution time: 3s
For SDRP=0.9: 
Unitary fidelity: 2.10544e-08
Execution time: 3s
For SDRP=0.875: 
Unitary fidelity: 1.39323e-08
Execution time: 9s
For SDRP=0.85: 
Unitary fidelity: 1.40218e-07
Execution time: 13s

~~~~~~~~~~~~~~~~~~~~~~~~~~~~~~~~~~~~~~~~~~~~~~~~~~~~~~~~~~~~~~~~~~~~~~~~~~~~~~~
benchmarks is a Catch v2.13.7 host application.
Run with -? for options

Randomness seeded to: 1685743943

-------------------------------------------------------------------------------
test_noisy_fidelity_2qb_nn_estimate
-------------------------------------------------------------------------------
/home/paperspace/qrack/test/benchmarks.cpp:5763
...............................................................................

/home/paperspace/qrack/test/benchmarks.cpp:5763: FAILED:
due to unexpected exception with message:
  VRAM limits exceeded in QEngineOCL::AddAlloc()

===============================================================================
test cases: 1 | 1 failed
assertions: 1 | 1 failed

Random Seed: 1685743985 (Overridden by hardware generation!)
Device #0, Loaded binary from: /home/paperspace/.qrack/qrack_ocl_dev_NVIDIA_A100-SXM4-80GB.ir
Default platform: NVIDIA CUDA
Default device: #0, NVIDIA A100-SXM4-80GB
OpenCL device #0: NVIDIA A100-SXM4-80GB
############ Default Optimal (QUnit) ############
Filters: test_noisy_fidelity_2qb_nn_estimate
>>> 'test_noisy_fidelity_2qb_nn_estimate':
Circuit width: 54
Circuit layer depth (excluding factor of x2 for mirror validation): 10
For SDRP=1: 
Unitary fidelity: 2.08174e-10
Execution time: 0s
For SDRP=0.975: 
Unitary fidelity: 7.95287e-11
Execution time: 5s
For SDRP=0.95: 
Unitary fidelity: 2.77813e-10
Execution time: 3s
For SDRP=0.925: 
Unitary fidelity: 2.77812e-10
Execution time: 3s
For SDRP=0.9: 
Unitary fidelity: 8.98366e-10
Execution time: 3s
For SDRP=0.875: 
Unitary fidelity: 8.98367e-10
Execution time: 3s
For SDRP=0.85: 
Unitary fidelity: 8.98376e-10
Execution time: 3s

~~~~~~~~~~~~~~~~~~~~~~~~~~~~~~~~~~~~~~~~~~~~~~~~~~~~~~~~~~~~~~~~~~~~~~~~~~~~~~~
benchmarks is a Catch v2.13.7 host application.
Run with -? for options

Randomness seeded to: 1685743985

-------------------------------------------------------------------------------
test_noisy_fidelity_2qb_nn_estimate
-------------------------------------------------------------------------------
/home/paperspace/qrack/test/benchmarks.cpp:5763
...............................................................................

/home/paperspace/qrack/test/benchmarks.cpp:5763: FAILED:
due to unexpected exception with message:
  Cannot instantiate a QPager with greater capacity than environment variable
  QRACK_MAX_PAGING_QB.

===============================================================================
test cases: 1 | 1 failed
assertions: 1 | 1 failed

Random Seed: 1685744010 (Overridden by hardware generation!)
Device #0, Loaded binary from: /home/paperspace/.qrack/qrack_ocl_dev_NVIDIA_A100-SXM4-80GB.ir
Default platform: NVIDIA CUDA
Default device: #0, NVIDIA A100-SXM4-80GB
OpenCL device #0: NVIDIA A100-SXM4-80GB
############ Default Optimal (QUnit) ############
Filters: test_noisy_fidelity_2qb_nn_estimate
>>> 'test_noisy_fidelity_2qb_nn_estimate':
Circuit width: 54
Circuit layer depth (excluding factor of x2 for mirror validation): 10
For SDRP=1: 
Unitary fidelity: 5.80126e-09
Execution time: 0s
For SDRP=0.975: 
Unitary fidelity: 5.80127e-09
Execution time: 0s
For SDRP=0.95: 
Unitary fidelity: 5.80123e-09
Execution time: 0s
For SDRP=0.925: 
Unitary fidelity: 5.80125e-09
Execution time: 0s
For SDRP=0.9: 
Unitary fidelity: 8.98054e-10
Execution time: 0s
For SDRP=0.875: 
Unitary fidelity: 3.19451e-09
Execution time: 0s
For SDRP=0.85: 
Unitary fidelity: 3.19452e-09
Execution time: 0s
For SDRP=0.825: 
Unitary fidelity: 3.19452e-09
Execution time: 0s
For SDRP=0.8: 
Unitary fidelity: 4.6975e-09
Execution time: 0s
For SDRP=0.775: 
Unitary fidelity: 4.69749e-09
Execution time: 0s
For SDRP=0.75: 
Unitary fidelity: 2.30949e-08
Execution time: 0s
For SDRP=0.725: 
Unitary fidelity: 8.42669e-08
Execution time: 0s
For SDRP=0.7: 
Unitary fidelity: 2.37239e-06
Execution time: 26s

~~~~~~~~~~~~~~~~~~~~~~~~~~~~~~~~~~~~~~~~~~~~~~~~~~~~~~~~~~~~~~~~~~~~~~~~~~~~~~~
benchmarks is a Catch v2.13.7 host application.
Run with -? for options

Randomness seeded to: 1685744010

-------------------------------------------------------------------------------
test_noisy_fidelity_2qb_nn_estimate
-------------------------------------------------------------------------------
/home/paperspace/qrack/test/benchmarks.cpp:5763
...............................................................................

/home/paperspace/qrack/test/benchmarks.cpp:5763: FAILED:
due to unexpected exception with message:
  Cannot instantiate a QPager with greater capacity than environment variable
  QRACK_MAX_PAGING_QB.

===============================================================================
test cases: 1 | 1 failed
assertions: 1 | 1 failed

Random Seed: 1685744053 (Overridden by hardware generation!)
Device #0, Loaded binary from: /home/paperspace/.qrack/qrack_ocl_dev_NVIDIA_A100-SXM4-80GB.ir
Default platform: NVIDIA CUDA
Default device: #0, NVIDIA A100-SXM4-80GB
OpenCL device #0: NVIDIA A100-SXM4-80GB
############ Default Optimal (QUnit) ############
Filters: test_noisy_fidelity_2qb_nn_estimate
>>> 'test_noisy_fidelity_2qb_nn_estimate':
Circuit width: 54
Circuit layer depth (excluding factor of x2 for mirror validation): 10
For SDRP=1: 
Unitary fidelity: 2.27876e-10
Execution time: 0s
For SDRP=0.975: 
Unitary fidelity: 9.9245e-10
Execution time: 0s
For SDRP=0.95: 
Unitary fidelity: 2.40284e-09
Execution time: 0s
For SDRP=0.925: 
Unitary fidelity: 1.78369e-09
Execution time: 1s
For SDRP=0.9: 
Unitary fidelity: 4.28355e-09
Execution time: 1s
For SDRP=0.875: 
Unitary fidelity: 5.50263e-09
Execution time: 1s
For SDRP=0.85: 
Unitary fidelity: 5.88275e-08
Execution time: 3s
For SDRP=0.825: 
Unitary fidelity: 6.53529e-08
Execution time: 3s
For SDRP=0.8: 
Unitary fidelity: 1.1767e-07
Execution time: 4s
For SDRP=0.775: 
Unitary fidelity: 2.2858e-07
Execution time: 11s

~~~~~~~~~~~~~~~~~~~~~~~~~~~~~~~~~~~~~~~~~~~~~~~~~~~~~~~~~~~~~~~~~~~~~~~~~~~~~~~
benchmarks is a Catch v2.13.7 host application.
Run with -? for options

Randomness seeded to: 1685744053

-------------------------------------------------------------------------------
test_noisy_fidelity_2qb_nn_estimate
-------------------------------------------------------------------------------
/home/paperspace/qrack/test/benchmarks.cpp:5763
...............................................................................

/home/paperspace/qrack/test/benchmarks.cpp:5763: FAILED:
due to unexpected exception with message:
  Cannot instantiate a QPager with greater capacity than environment variable
  QRACK_MAX_PAGING_QB.

===============================================================================
test cases: 1 | 1 failed
assertions: 1 | 1 failed

Random Seed: 1685744095 (Overridden by hardware generation!)
Device #0, Loaded binary from: /home/paperspace/.qrack/qrack_ocl_dev_NVIDIA_A100-SXM4-80GB.ir
Default platform: NVIDIA CUDA
Default device: #0, NVIDIA A100-SXM4-80GB
OpenCL device #0: NVIDIA A100-SXM4-80GB
############ Default Optimal (QUnit) ############
Filters: test_noisy_fidelity_2qb_nn_estimate
>>> 'test_noisy_fidelity_2qb_nn_estimate':
Circuit width: 54
Circuit layer depth (excluding factor of x2 for mirror validation): 10
For SDRP=1: 
Unitary fidelity: 5.55404e-10
Execution time: 6s
For SDRP=0.975: 
Unitary fidelity: 4.70537e-09
Execution time: 7s
For SDRP=0.95: 
Unitary fidelity: 4.70535e-09
Execution time: 9s

~~~~~~~~~~~~~~~~~~~~~~~~~~~~~~~~~~~~~~~~~~~~~~~~~~~~~~~~~~~~~~~~~~~~~~~~~~~~~~~
benchmarks is a Catch v2.13.7 host application.
Run with -? for options

Randomness seeded to: 1685744095

-------------------------------------------------------------------------------
test_noisy_fidelity_2qb_nn_estimate
-------------------------------------------------------------------------------
/home/paperspace/qrack/test/benchmarks.cpp:5763
...............................................................................

/home/paperspace/qrack/test/benchmarks.cpp:5763: FAILED:
due to unexpected exception with message:
  VRAM limits exceeded in QEngineOCL::AddAlloc()

===============================================================================
test cases: 1 | 1 failed
assertions: 1 | 1 failed

Random Seed: 1685744123 (Overridden by hardware generation!)
Device #0, Loaded binary from: /home/paperspace/.qrack/qrack_ocl_dev_NVIDIA_A100-SXM4-80GB.ir
Default platform: NVIDIA CUDA
Default device: #0, NVIDIA A100-SXM4-80GB
OpenCL device #0: NVIDIA A100-SXM4-80GB
############ Default Optimal (QUnit) ############
Filters: test_noisy_fidelity_2qb_nn_estimate
>>> 'test_noisy_fidelity_2qb_nn_estimate':
Circuit width: 54
Circuit layer depth (excluding factor of x2 for mirror validation): 10
For SDRP=1: 
Unitary fidelity: 4.96993e-11
Execution time: 0s
For SDRP=0.975: 
Unitary fidelity: 2.66142e-10
Execution time: 0s
For SDRP=0.95: 
Unitary fidelity: 1.20422e-09
Execution time: 0s
For SDRP=0.925: 
Unitary fidelity: 2.58291e-09
Execution time: 0s
For SDRP=0.9: 
Unitary fidelity: 2.58294e-09
Execution time: 0s
For SDRP=0.875: 
Unitary fidelity: 8.05974e-09
Execution time: 0s
For SDRP=0.85: 
Unitary fidelity: 4.85072e-09
Execution time: 0s
For SDRP=0.825: 
Unitary fidelity: 1.44731e-08
Execution time: 1s

~~~~~~~~~~~~~~~~~~~~~~~~~~~~~~~~~~~~~~~~~~~~~~~~~~~~~~~~~~~~~~~~~~~~~~~~~~~~~~~
benchmarks is a Catch v2.13.7 host application.
Run with -? for options

Randomness seeded to: 1685744123

-------------------------------------------------------------------------------
test_noisy_fidelity_2qb_nn_estimate
-------------------------------------------------------------------------------
/home/paperspace/qrack/test/benchmarks.cpp:5763
...............................................................................

/home/paperspace/qrack/test/benchmarks.cpp:5763: FAILED:
due to unexpected exception with message:
  VRAM limits exceeded in QEngineOCL::AddAlloc()

===============================================================================
test cases: 1 | 1 failed
assertions: 1 | 1 failed

Random Seed: 1685744147 (Overridden by hardware generation!)
Device #0, Loaded binary from: /home/paperspace/.qrack/qrack_ocl_dev_NVIDIA_A100-SXM4-80GB.ir
Default platform: NVIDIA CUDA
Default device: #0, NVIDIA A100-SXM4-80GB
OpenCL device #0: NVIDIA A100-SXM4-80GB
############ Default Optimal (QUnit) ############
Filters: test_noisy_fidelity_2qb_nn_estimate
>>> 'test_noisy_fidelity_2qb_nn_estimate':
Circuit width: 54
Circuit layer depth (excluding factor of x2 for mirror validation): 10
For SDRP=1: 
Unitary fidelity: 4.43522e-09
Execution time: 0s
For SDRP=0.975: 
Unitary fidelity: 1.79383e-08
Execution time: 0s
For SDRP=0.95: 
Unitary fidelity: 2.48796e-08
Execution time: 0s
For SDRP=0.925: 
Unitary fidelity: 2.48796e-08
Execution time: 0s
For SDRP=0.9: 
Unitary fidelity: 4.79423e-08
Execution time: 1s
For SDRP=0.875: 
Unitary fidelity: 4.7942e-08
Execution time: 1s
For SDRP=0.85: 
Unitary fidelity: 2.73306e-07
Execution time: 4s

~~~~~~~~~~~~~~~~~~~~~~~~~~~~~~~~~~~~~~~~~~~~~~~~~~~~~~~~~~~~~~~~~~~~~~~~~~~~~~~
benchmarks is a Catch v2.13.7 host application.
Run with -? for options

Randomness seeded to: 1685744147

-------------------------------------------------------------------------------
test_noisy_fidelity_2qb_nn_estimate
-------------------------------------------------------------------------------
/home/paperspace/qrack/test/benchmarks.cpp:5763
...............................................................................

/home/paperspace/qrack/test/benchmarks.cpp:5763: FAILED:
due to unexpected exception with message:
  Cannot instantiate a QPager with greater capacity than environment variable
  QRACK_MAX_PAGING_QB.

===============================================================================
test cases: 1 | 1 failed
assertions: 1 | 1 failed

Random Seed: 1685744158 (Overridden by hardware generation!)
Device #0, Loaded binary from: /home/paperspace/.qrack/qrack_ocl_dev_NVIDIA_A100-SXM4-80GB.ir
Default platform: NVIDIA CUDA
Default device: #0, NVIDIA A100-SXM4-80GB
OpenCL device #0: NVIDIA A100-SXM4-80GB
############ Default Optimal (QUnit) ############
Filters: test_noisy_fidelity_2qb_nn_estimate
>>> 'test_noisy_fidelity_2qb_nn_estimate':
Circuit width: 54
Circuit layer depth (excluding factor of x2 for mirror validation): 10
For SDRP=1: 
Unitary fidelity: 8.8811e-08
Execution time: 1s
For SDRP=0.975: 
Unitary fidelity: 2.66616e-07
Execution time: 1s
For SDRP=0.95: 
Unitary fidelity: 2.66618e-07
Execution time: 1s
For SDRP=0.925: 
Unitary fidelity: 2.66616e-07
Execution time: 1s
For SDRP=0.9: 
Unitary fidelity: 2.30789e-07
Execution time: 1s
For SDRP=0.875: 
Unitary fidelity: 1.90121e-07
Execution time: 14s
For SDRP=0.85: 
Unitary fidelity: 7.10742e-08
Execution time: 13s

~~~~~~~~~~~~~~~~~~~~~~~~~~~~~~~~~~~~~~~~~~~~~~~~~~~~~~~~~~~~~~~~~~~~~~~~~~~~~~~
benchmarks is a Catch v2.13.7 host application.
Run with -? for options

Randomness seeded to: 1685744158

-------------------------------------------------------------------------------
test_noisy_fidelity_2qb_nn_estimate
-------------------------------------------------------------------------------
/home/paperspace/qrack/test/benchmarks.cpp:5763
...............................................................................

/home/paperspace/qrack/test/benchmarks.cpp:5763: FAILED:
due to unexpected exception with message:
  Cannot instantiate a QPager with greater capacity than environment variable
  QRACK_MAX_PAGING_QB.

===============================================================================
test cases: 1 | 1 failed
assertions: 1 | 1 failed

Random Seed: 1685744208 (Overridden by hardware generation!)
Device #0, Loaded binary from: /home/paperspace/.qrack/qrack_ocl_dev_NVIDIA_A100-SXM4-80GB.ir
Default platform: NVIDIA CUDA
Default device: #0, NVIDIA A100-SXM4-80GB
OpenCL device #0: NVIDIA A100-SXM4-80GB
############ Default Optimal (QUnit) ############
Filters: test_noisy_fidelity_2qb_nn_estimate
>>> 'test_noisy_fidelity_2qb_nn_estimate':
Circuit width: 54
Circuit layer depth (excluding factor of x2 for mirror validation): 10
For SDRP=1: 
Unitary fidelity: 1.01644e-09
Execution time: 0s
For SDRP=0.975: 
Unitary fidelity: 2.27994e-09
Execution time: 1s
For SDRP=0.95: 
Unitary fidelity: 2.27993e-09
Execution time: 1s

~~~~~~~~~~~~~~~~~~~~~~~~~~~~~~~~~~~~~~~~~~~~~~~~~~~~~~~~~~~~~~~~~~~~~~~~~~~~~~~
benchmarks is a Catch v2.13.7 host application.
Run with -? for options

Randomness seeded to: 1685744208

-------------------------------------------------------------------------------
test_noisy_fidelity_2qb_nn_estimate
-------------------------------------------------------------------------------
/home/paperspace/qrack/test/benchmarks.cpp:5763
...............................................................................

/home/paperspace/qrack/test/benchmarks.cpp:5763: FAILED:
due to unexpected exception with message:
  VRAM limits exceeded in QEngineOCL::AddAlloc()

===============================================================================
test cases: 1 | 1 failed
assertions: 1 | 1 failed

Random Seed: 1685744214 (Overridden by hardware generation!)
Device #0, Loaded binary from: /home/paperspace/.qrack/qrack_ocl_dev_NVIDIA_A100-SXM4-80GB.ir
Default platform: NVIDIA CUDA
Default device: #0, NVIDIA A100-SXM4-80GB
OpenCL device #0: NVIDIA A100-SXM4-80GB
############ Default Optimal (QUnit) ############
Filters: test_noisy_fidelity_2qb_nn_estimate
>>> 'test_noisy_fidelity_2qb_nn_estimate':
Circuit width: 54
Circuit layer depth (excluding factor of x2 for mirror validation): 10

~~~~~~~~~~~~~~~~~~~~~~~~~~~~~~~~~~~~~~~~~~~~~~~~~~~~~~~~~~~~~~~~~~~~~~~~~~~~~~~
benchmarks is a Catch v2.13.7 host application.
Run with -? for options

Randomness seeded to: 1685744214

-------------------------------------------------------------------------------
test_noisy_fidelity_2qb_nn_estimate
-------------------------------------------------------------------------------
/home/paperspace/qrack/test/benchmarks.cpp:5763
...............................................................................

/home/paperspace/qrack/test/benchmarks.cpp:5763: FAILED:
due to unexpected exception with message:
  VRAM limits exceeded in QEngineOCL::AddAlloc()

===============================================================================
test cases: 1 | 1 failed
assertions: 1 | 1 failed

Random Seed: 1685744216 (Overridden by hardware generation!)
Device #0, Loaded binary from: /home/paperspace/.qrack/qrack_ocl_dev_NVIDIA_A100-SXM4-80GB.ir
Default platform: NVIDIA CUDA
Default device: #0, NVIDIA A100-SXM4-80GB
OpenCL device #0: NVIDIA A100-SXM4-80GB
############ Default Optimal (QUnit) ############
Filters: test_noisy_fidelity_2qb_nn_estimate
>>> 'test_noisy_fidelity_2qb_nn_estimate':
Circuit width: 54
Circuit layer depth (excluding factor of x2 for mirror validation): 10
For SDRP=1: 
Unitary fidelity: 9.32656e-10
Execution time: 0s
For SDRP=0.975: 
Unitary fidelity: 9.32661e-10
Execution time: 0s
For SDRP=0.95: 
Unitary fidelity: 9.32652e-10
Execution time: 0s
For SDRP=0.925: 
Unitary fidelity: 1.49038e-09
Execution time: 0s
For SDRP=0.9: 
Unitary fidelity: 4.92611e-09
Execution time: 2s
For SDRP=0.875: 
Unitary fidelity: 1.85821e-09
Execution time: 2s
For SDRP=0.85: 
Unitary fidelity: 1.52974e-08
Execution time: 5s
For SDRP=0.825: 
Unitary fidelity: 3.96161e-08
Execution time: 4s
For SDRP=0.8: 
Unitary fidelity: 3.96162e-08
Execution time: 6s
For SDRP=0.775: 
Unitary fidelity: 3.96161e-08
Execution time: 4s

~~~~~~~~~~~~~~~~~~~~~~~~~~~~~~~~~~~~~~~~~~~~~~~~~~~~~~~~~~~~~~~~~~~~~~~~~~~~~~~
benchmarks is a Catch v2.13.7 host application.
Run with -? for options

Randomness seeded to: 1685744216

-------------------------------------------------------------------------------
test_noisy_fidelity_2qb_nn_estimate
-------------------------------------------------------------------------------
/home/paperspace/qrack/test/benchmarks.cpp:5763
...............................................................................

/home/paperspace/qrack/test/benchmarks.cpp:5763: FAILED:
due to unexpected exception with message:
  Cannot instantiate a QPager with greater capacity than environment variable
  QRACK_MAX_PAGING_QB.

===============================================================================
test cases: 1 | 1 failed
assertions: 1 | 1 failed

Random Seed: 1685744245 (Overridden by hardware generation!)
Device #0, Loaded binary from: /home/paperspace/.qrack/qrack_ocl_dev_NVIDIA_A100-SXM4-80GB.ir
Default platform: NVIDIA CUDA
Default device: #0, NVIDIA A100-SXM4-80GB
OpenCL device #0: NVIDIA A100-SXM4-80GB
############ Default Optimal (QUnit) ############
Filters: test_noisy_fidelity_2qb_nn_estimate
>>> 'test_noisy_fidelity_2qb_nn_estimate':
Circuit width: 54
Circuit layer depth (excluding factor of x2 for mirror validation): 10
For SDRP=1: 
Unitary fidelity: 2.04701e-08
Execution time: 0s
For SDRP=0.975: 
Unitary fidelity: 2.04704e-08
Execution time: 0s
For SDRP=0.95: 
Unitary fidelity: 2.04693e-08
Execution time: 0s
For SDRP=0.925: 
Unitary fidelity: 4.8749e-08
Execution time: 0s
For SDRP=0.9: 
Unitary fidelity: 4.87487e-08
Execution time: 0s
For SDRP=0.875: 
Unitary fidelity: 4.87488e-08
Execution time: 0s
For SDRP=0.85: 
Unitary fidelity: 4.87488e-08
Execution time: 0s
For SDRP=0.825: 
Unitary fidelity: 3.42168e-07
Execution time: 0s
For SDRP=0.8: 
Unitary fidelity: 3.42169e-07
Execution time: 0s
For SDRP=0.775: 
Unitary fidelity: 1.30965e-06
Execution time: 9s

~~~~~~~~~~~~~~~~~~~~~~~~~~~~~~~~~~~~~~~~~~~~~~~~~~~~~~~~~~~~~~~~~~~~~~~~~~~~~~~
benchmarks is a Catch v2.13.7 host application.
Run with -? for options

Randomness seeded to: 1685744245

-------------------------------------------------------------------------------
test_noisy_fidelity_2qb_nn_estimate
-------------------------------------------------------------------------------
/home/paperspace/qrack/test/benchmarks.cpp:5763
...............................................................................

/home/paperspace/qrack/test/benchmarks.cpp:5763: FAILED:
due to unexpected exception with message:
  VRAM limits exceeded in QEngineOCL::AddAlloc()

===============================================================================
test cases: 1 | 1 failed
assertions: 1 | 1 failed

Random Seed: 1685744257 (Overridden by hardware generation!)
Device #0, Loaded binary from: /home/paperspace/.qrack/qrack_ocl_dev_NVIDIA_A100-SXM4-80GB.ir
Default platform: NVIDIA CUDA
Default device: #0, NVIDIA A100-SXM4-80GB
OpenCL device #0: NVIDIA A100-SXM4-80GB
############ Default Optimal (QUnit) ############
Filters: test_noisy_fidelity_2qb_nn_estimate
>>> 'test_noisy_fidelity_2qb_nn_estimate':
Circuit width: 54
Circuit layer depth (excluding factor of x2 for mirror validation): 10
For SDRP=1: 
Unitary fidelity: 9.28389e-12
Execution time: 2s
For SDRP=0.975: 
Unitary fidelity: 9.28408e-12
Execution time: 1s
For SDRP=0.95: 
Unitary fidelity: 9.28388e-12
Execution time: 1s
For SDRP=0.925: 
Unitary fidelity: 8.709e-11
Execution time: 2s

~~~~~~~~~~~~~~~~~~~~~~~~~~~~~~~~~~~~~~~~~~~~~~~~~~~~~~~~~~~~~~~~~~~~~~~~~~~~~~~
benchmarks is a Catch v2.13.7 host application.
Run with -? for options

Randomness seeded to: 1685744257

-------------------------------------------------------------------------------
test_noisy_fidelity_2qb_nn_estimate
-------------------------------------------------------------------------------
/home/paperspace/qrack/test/benchmarks.cpp:5763
...............................................................................

/home/paperspace/qrack/test/benchmarks.cpp:5763: FAILED:
due to unexpected exception with message:
  VRAM limits exceeded in QEngineOCL::AddAlloc()

===============================================================================
test cases: 1 | 1 failed
assertions: 1 | 1 failed

Random Seed: 1685744270 (Overridden by hardware generation!)
Device #0, Loaded binary from: /home/paperspace/.qrack/qrack_ocl_dev_NVIDIA_A100-SXM4-80GB.ir
Default platform: NVIDIA CUDA
Default device: #0, NVIDIA A100-SXM4-80GB
OpenCL device #0: NVIDIA A100-SXM4-80GB
############ Default Optimal (QUnit) ############
Filters: test_noisy_fidelity_2qb_nn_estimate
>>> 'test_noisy_fidelity_2qb_nn_estimate':
Circuit width: 54
Circuit layer depth (excluding factor of x2 for mirror validation): 10
For SDRP=1: 
Unitary fidelity: 7.62125e-08
Execution time: 0s
For SDRP=0.975: 
Unitary fidelity: 3.76795e-08
Execution time: 0s
For SDRP=0.95: 
Unitary fidelity: 3.76796e-08
Execution time: 0s
For SDRP=0.925: 
Unitary fidelity: 1.4628e-08
Execution time: 0s
For SDRP=0.9: 
Unitary fidelity: 5.61389e-08
Execution time: 1s
For SDRP=0.875: 
Unitary fidelity: 1.31725e-07
Execution time: 0s
For SDRP=0.85: 
Unitary fidelity: 9.30902e-07
Execution time: 12s

~~~~~~~~~~~~~~~~~~~~~~~~~~~~~~~~~~~~~~~~~~~~~~~~~~~~~~~~~~~~~~~~~~~~~~~~~~~~~~~
benchmarks is a Catch v2.13.7 host application.
Run with -? for options

Randomness seeded to: 1685744270

-------------------------------------------------------------------------------
test_noisy_fidelity_2qb_nn_estimate
-------------------------------------------------------------------------------
/home/paperspace/qrack/test/benchmarks.cpp:5763
...............................................................................

/home/paperspace/qrack/test/benchmarks.cpp:5763: FAILED:
due to unexpected exception with message:
  Cannot instantiate a QPager with greater capacity than environment variable
  QRACK_MAX_PAGING_QB.

===============================================================================
test cases: 1 | 1 failed
assertions: 1 | 1 failed

Random Seed: 1685744312 (Overridden by hardware generation!)
Device #0, Loaded binary from: /home/paperspace/.qrack/qrack_ocl_dev_NVIDIA_A100-SXM4-80GB.ir
Default platform: NVIDIA CUDA
Default device: #0, NVIDIA A100-SXM4-80GB
OpenCL device #0: NVIDIA A100-SXM4-80GB
############ Default Optimal (QUnit) ############
Filters: test_noisy_fidelity_2qb_nn_estimate
>>> 'test_noisy_fidelity_2qb_nn_estimate':
Circuit width: 54
Circuit layer depth (excluding factor of x2 for mirror validation): 10
For SDRP=1: 
Unitary fidelity: 1.41629e-10
Execution time: 0s
For SDRP=0.975: 
Unitary fidelity: 8.12091e-10
Execution time: 0s
For SDRP=0.95: 
Unitary fidelity: 8.12077e-10
Execution time: 0s
For SDRP=0.925: 
Unitary fidelity: 8.12087e-10
Execution time: 0s

~~~~~~~~~~~~~~~~~~~~~~~~~~~~~~~~~~~~~~~~~~~~~~~~~~~~~~~~~~~~~~~~~~~~~~~~~~~~~~~
benchmarks is a Catch v2.13.7 host application.
Run with -? for options

Randomness seeded to: 1685744312

-------------------------------------------------------------------------------
test_noisy_fidelity_2qb_nn_estimate
-------------------------------------------------------------------------------
/home/paperspace/qrack/test/benchmarks.cpp:5763
...............................................................................

/home/paperspace/qrack/test/benchmarks.cpp:5763: FAILED:
due to unexpected exception with message:
  Cannot instantiate a QPager with greater capacity than environment variable
  QRACK_MAX_PAGING_QB.

===============================================================================
test cases: 1 | 1 failed
assertions: 1 | 1 failed

Random Seed: 1685744345 (Overridden by hardware generation!)
Device #0, Loaded binary from: /home/paperspace/.qrack/qrack_ocl_dev_NVIDIA_A100-SXM4-80GB.ir
Default platform: NVIDIA CUDA
Default device: #0, NVIDIA A100-SXM4-80GB
OpenCL device #0: NVIDIA A100-SXM4-80GB
############ Default Optimal (QUnit) ############
Filters: test_noisy_fidelity_2qb_nn_estimate
>>> 'test_noisy_fidelity_2qb_nn_estimate':
Circuit width: 54
Circuit layer depth (excluding factor of x2 for mirror validation): 10
For SDRP=1: 
Unitary fidelity: 1.26029e-09
Execution time: 0s
For SDRP=0.975: 
Unitary fidelity: 1.66512e-10
Execution time: 0s
For SDRP=0.95: 
Unitary fidelity: 7.74087e-09
Execution time: 0s
For SDRP=0.925: 
Unitary fidelity: 1.866e-08
Execution time: 0s
For SDRP=0.9: 
Unitary fidelity: 9.78579e-09
Execution time: 0s
For SDRP=0.875: 
Unitary fidelity: 1.98198e-08
Execution time: 0s
For SDRP=0.85: 
Unitary fidelity: 1.47397e-08
Execution time: 0s
For SDRP=0.825: 
Unitary fidelity: 2.42851e-08
Execution time: 0s
For SDRP=0.8: 
Unitary fidelity: 2.68488e-08
Execution time: 0s
For SDRP=0.775: 
Unitary fidelity: 9.36053e-08
Execution time: 0s
For SDRP=0.75: 
Unitary fidelity: 6.53459e-08
Execution time: 7s

~~~~~~~~~~~~~~~~~~~~~~~~~~~~~~~~~~~~~~~~~~~~~~~~~~~~~~~~~~~~~~~~~~~~~~~~~~~~~~~
benchmarks is a Catch v2.13.7 host application.
Run with -? for options

Randomness seeded to: 1685744345

-------------------------------------------------------------------------------
test_noisy_fidelity_2qb_nn_estimate
-------------------------------------------------------------------------------
/home/paperspace/qrack/test/benchmarks.cpp:5763
...............................................................................

/home/paperspace/qrack/test/benchmarks.cpp:5763: FAILED:
due to unexpected exception with message:
  Cannot instantiate a QPager with greater capacity than environment variable
  QRACK_MAX_PAGING_QB.

===============================================================================
test cases: 1 | 1 failed
assertions: 1 | 1 failed

Random Seed: 1685744375 (Overridden by hardware generation!)
Device #0, Loaded binary from: /home/paperspace/.qrack/qrack_ocl_dev_NVIDIA_A100-SXM4-80GB.ir
Default platform: NVIDIA CUDA
Default device: #0, NVIDIA A100-SXM4-80GB
OpenCL device #0: NVIDIA A100-SXM4-80GB
############ Default Optimal (QUnit) ############
Filters: test_noisy_fidelity_2qb_nn_estimate
>>> 'test_noisy_fidelity_2qb_nn_estimate':
Circuit width: 54
Circuit layer depth (excluding factor of x2 for mirror validation): 10
For SDRP=1: 
Unitary fidelity: 1.42141e-09
Execution time: 0s
For SDRP=0.975: 
Unitary fidelity: 1.42142e-09
Execution time: 0s
For SDRP=0.95: 
Unitary fidelity: 4.83019e-09
Execution time: 0s
For SDRP=0.925: 
Unitary fidelity: 7.49263e-09
Execution time: 2s

~~~~~~~~~~~~~~~~~~~~~~~~~~~~~~~~~~~~~~~~~~~~~~~~~~~~~~~~~~~~~~~~~~~~~~~~~~~~~~~
benchmarks is a Catch v2.13.7 host application.
Run with -? for options

Randomness seeded to: 1685744375

-------------------------------------------------------------------------------
test_noisy_fidelity_2qb_nn_estimate
-------------------------------------------------------------------------------
/home/paperspace/qrack/test/benchmarks.cpp:5763
...............................................................................

/home/paperspace/qrack/test/benchmarks.cpp:5763: FAILED:
due to unexpected exception with message:
  Cannot instantiate a QPager with greater capacity than environment variable
  QRACK_MAX_PAGING_QB.

===============================================================================
test cases: 1 | 1 failed
assertions: 1 | 1 failed

Random Seed: 1685744402 (Overridden by hardware generation!)
Device #0, Loaded binary from: /home/paperspace/.qrack/qrack_ocl_dev_NVIDIA_A100-SXM4-80GB.ir
Default platform: NVIDIA CUDA
Default device: #0, NVIDIA A100-SXM4-80GB
OpenCL device #0: NVIDIA A100-SXM4-80GB
############ Default Optimal (QUnit) ############
Filters: test_noisy_fidelity_2qb_nn_estimate
>>> 'test_noisy_fidelity_2qb_nn_estimate':
Circuit width: 54
Circuit layer depth (excluding factor of x2 for mirror validation): 10
For SDRP=1: 
Unitary fidelity: 8.30878e-09
Execution time: 1s
For SDRP=0.975: 
Unitary fidelity: 8.30882e-09
Execution time: 1s
For SDRP=0.95: 
Unitary fidelity: 8.30874e-09
Execution time: 1s
For SDRP=0.925: 
Unitary fidelity: 1.00273e-08
Execution time: 11s
For SDRP=0.9: 
Unitary fidelity: 1.00272e-08
Execution time: 12s

~~~~~~~~~~~~~~~~~~~~~~~~~~~~~~~~~~~~~~~~~~~~~~~~~~~~~~~~~~~~~~~~~~~~~~~~~~~~~~~
benchmarks is a Catch v2.13.7 host application.
Run with -? for options

Randomness seeded to: 1685744402

-------------------------------------------------------------------------------
test_noisy_fidelity_2qb_nn_estimate
-------------------------------------------------------------------------------
/home/paperspace/qrack/test/benchmarks.cpp:5763
...............................................................................

/home/paperspace/qrack/test/benchmarks.cpp:5763: FAILED:
due to unexpected exception with message:
  VRAM limits exceeded in QEngineOCL::AddAlloc()

===============================================================================
test cases: 1 | 1 failed
assertions: 1 | 1 failed

Random Seed: 1685744441 (Overridden by hardware generation!)
Device #0, Loaded binary from: /home/paperspace/.qrack/qrack_ocl_dev_NVIDIA_A100-SXM4-80GB.ir
Default platform: NVIDIA CUDA
Default device: #0, NVIDIA A100-SXM4-80GB
OpenCL device #0: NVIDIA A100-SXM4-80GB
############ Default Optimal (QUnit) ############
Filters: test_noisy_fidelity_2qb_nn_estimate
>>> 'test_noisy_fidelity_2qb_nn_estimate':
Circuit width: 54
Circuit layer depth (excluding factor of x2 for mirror validation): 10
For SDRP=1: 
Unitary fidelity: 5.30418e-09
Execution time: 0s
For SDRP=0.975: 
Unitary fidelity: 5.30421e-09
Execution time: 0s
For SDRP=0.95: 
Unitary fidelity: 4.85824e-09
Execution time: 0s
For SDRP=0.925: 
Unitary fidelity: 9.13802e-09
Execution time: 0s
For SDRP=0.9: 
Unitary fidelity: 1.67751e-08
Execution time: 0s
For SDRP=0.875: 
Unitary fidelity: 2.86741e-08
Execution time: 0s
For SDRP=0.85: 
Unitary fidelity: 3.4245e-08
Execution time: 10s

~~~~~~~~~~~~~~~~~~~~~~~~~~~~~~~~~~~~~~~~~~~~~~~~~~~~~~~~~~~~~~~~~~~~~~~~~~~~~~~
benchmarks is a Catch v2.13.7 host application.
Run with -? for options

Randomness seeded to: 1685744441

-------------------------------------------------------------------------------
test_noisy_fidelity_2qb_nn_estimate
-------------------------------------------------------------------------------
/home/paperspace/qrack/test/benchmarks.cpp:5763
...............................................................................

/home/paperspace/qrack/test/benchmarks.cpp:5763: FAILED:
due to unexpected exception with message:
  VRAM limits exceeded in QEngineOCL::AddAlloc()

===============================================================================
test cases: 1 | 1 failed
assertions: 1 | 1 failed

Random Seed: 1685744476 (Overridden by hardware generation!)
Device #0, Loaded binary from: /home/paperspace/.qrack/qrack_ocl_dev_NVIDIA_A100-SXM4-80GB.ir
Default platform: NVIDIA CUDA
Default device: #0, NVIDIA A100-SXM4-80GB
OpenCL device #0: NVIDIA A100-SXM4-80GB
############ Default Optimal (QUnit) ############
Filters: test_noisy_fidelity_2qb_nn_estimate
>>> 'test_noisy_fidelity_2qb_nn_estimate':
Circuit width: 54
Circuit layer depth (excluding factor of x2 for mirror validation): 10
For SDRP=1: 
Unitary fidelity: 1.33423e-08
Execution time: 0s
For SDRP=0.975: 
Unitary fidelity: 1.33422e-08
Execution time: 0s
For SDRP=0.95: 
Unitary fidelity: 1.33422e-08
Execution time: 0s
For SDRP=0.925: 
Unitary fidelity: 8.74313e-09
Execution time: 0s
For SDRP=0.9: 
Unitary fidelity: 1.23409e-08
Execution time: 0s
For SDRP=0.875: 
Unitary fidelity: 1.13858e-08
Execution time: 0s
For SDRP=0.85: 
Unitary fidelity: 6.41924e-08
Execution time: 0s
For SDRP=0.825: 
Unitary fidelity: 6.30237e-08
Execution time: 1s
For SDRP=0.8: 
Unitary fidelity: 1.61721e-07
Execution time: 2s
For SDRP=0.775: 
Unitary fidelity: 1.61721e-07
Execution time: 2s

~~~~~~~~~~~~~~~~~~~~~~~~~~~~~~~~~~~~~~~~~~~~~~~~~~~~~~~~~~~~~~~~~~~~~~~~~~~~~~~
benchmarks is a Catch v2.13.7 host application.
Run with -? for options

Randomness seeded to: 1685744476

-------------------------------------------------------------------------------
test_noisy_fidelity_2qb_nn_estimate
-------------------------------------------------------------------------------
/home/paperspace/qrack/test/benchmarks.cpp:5763
...............................................................................

/home/paperspace/qrack/test/benchmarks.cpp:5763: FAILED:
due to unexpected exception with message:
  Cannot instantiate a QPager with greater capacity than environment variable
  QRACK_MAX_PAGING_QB.

===============================================================================
test cases: 1 | 1 failed
assertions: 1 | 1 failed

Random Seed: 1685744491 (Overridden by hardware generation!)
Device #0, Loaded binary from: /home/paperspace/.qrack/qrack_ocl_dev_NVIDIA_A100-SXM4-80GB.ir
Default platform: NVIDIA CUDA
Default device: #0, NVIDIA A100-SXM4-80GB
OpenCL device #0: NVIDIA A100-SXM4-80GB
############ Default Optimal (QUnit) ############
Filters: test_noisy_fidelity_2qb_nn_estimate
>>> 'test_noisy_fidelity_2qb_nn_estimate':
Circuit width: 54
Circuit layer depth (excluding factor of x2 for mirror validation): 10
For SDRP=1: 
Unitary fidelity: 1.38555e-09
Execution time: 2s
For SDRP=0.975: 
Unitary fidelity: 1.09359e-09
Execution time: 2s
For SDRP=0.95: 
Unitary fidelity: 1.09359e-09
Execution time: 2s
For SDRP=0.925: 
Unitary fidelity: 3.19089e-09
Execution time: 2s
For SDRP=0.9: 
Unitary fidelity: 6.74077e-09
Execution time: 2s
For SDRP=0.875: 
Unitary fidelity: 6.46961e-09
Execution time: 2s
For SDRP=0.85: 
Unitary fidelity: 6.47788e-09
Execution time: 2s
For SDRP=0.825: 
Unitary fidelity: 1.37365e-06
Execution time: 0s

~~~~~~~~~~~~~~~~~~~~~~~~~~~~~~~~~~~~~~~~~~~~~~~~~~~~~~~~~~~~~~~~~~~~~~~~~~~~~~~
benchmarks is a Catch v2.13.7 host application.
Run with -? for options

Randomness seeded to: 1685744491

-------------------------------------------------------------------------------
test_noisy_fidelity_2qb_nn_estimate
-------------------------------------------------------------------------------
/home/paperspace/qrack/test/benchmarks.cpp:5763
...............................................................................

/home/paperspace/qrack/test/benchmarks.cpp:5763: FAILED:
due to unexpected exception with message:
  VRAM limits exceeded in QEngineOCL::AddAlloc()

===============================================================================
test cases: 1 | 1 failed
assertions: 1 | 1 failed

Random Seed: 1685744511 (Overridden by hardware generation!)
Device #0, Loaded binary from: /home/paperspace/.qrack/qrack_ocl_dev_NVIDIA_A100-SXM4-80GB.ir
Default platform: NVIDIA CUDA
Default device: #0, NVIDIA A100-SXM4-80GB
OpenCL device #0: NVIDIA A100-SXM4-80GB
############ Default Optimal (QUnit) ############
Filters: test_noisy_fidelity_2qb_nn_estimate
>>> 'test_noisy_fidelity_2qb_nn_estimate':
Circuit width: 54
Circuit layer depth (excluding factor of x2 for mirror validation): 10
For SDRP=1: 
Unitary fidelity: 1.8925e-09
Execution time: 0s
For SDRP=0.975: 
Unitary fidelity: 1.8925e-09
Execution time: 0s
For SDRP=0.95: 
Unitary fidelity: 1.89249e-09
Execution time: 0s
For SDRP=0.925: 
Unitary fidelity: 1.89249e-09
Execution time: 0s
For SDRP=0.9: 
Unitary fidelity: 3.80855e-09
Execution time: 0s
For SDRP=0.875: 
Unitary fidelity: 3.80855e-09
Execution time: 0s
For SDRP=0.85: 
Unitary fidelity: 1.75533e-08
Execution time: 0s
For SDRP=0.825: 
Unitary fidelity: 4.3233e-08
Execution time: 0s
For SDRP=0.8: 
Unitary fidelity: 1.96202e-08
Execution time: 0s

~~~~~~~~~~~~~~~~~~~~~~~~~~~~~~~~~~~~~~~~~~~~~~~~~~~~~~~~~~~~~~~~~~~~~~~~~~~~~~~
benchmarks is a Catch v2.13.7 host application.
Run with -? for options

Randomness seeded to: 1685744511

-------------------------------------------------------------------------------
test_noisy_fidelity_2qb_nn_estimate
-------------------------------------------------------------------------------
/home/paperspace/qrack/test/benchmarks.cpp:5763
...............................................................................

/home/paperspace/qrack/test/benchmarks.cpp:5763: FAILED:
due to unexpected exception with message:
  Cannot instantiate a QPager with greater capacity than environment variable
  QRACK_MAX_PAGING_QB.

===============================================================================
test cases: 1 | 1 failed
assertions: 1 | 1 failed

Random Seed: 1685744532 (Overridden by hardware generation!)
Device #0, Loaded binary from: /home/paperspace/.qrack/qrack_ocl_dev_NVIDIA_A100-SXM4-80GB.ir
Default platform: NVIDIA CUDA
Default device: #0, NVIDIA A100-SXM4-80GB
OpenCL device #0: NVIDIA A100-SXM4-80GB
############ Default Optimal (QUnit) ############
Filters: test_noisy_fidelity_2qb_nn_estimate
>>> 'test_noisy_fidelity_2qb_nn_estimate':
Circuit width: 54
Circuit layer depth (excluding factor of x2 for mirror validation): 10

~~~~~~~~~~~~~~~~~~~~~~~~~~~~~~~~~~~~~~~~~~~~~~~~~~~~~~~~~~~~~~~~~~~~~~~~~~~~~~~
benchmarks is a Catch v2.13.7 host application.
Run with -? for options

Randomness seeded to: 1685744532

-------------------------------------------------------------------------------
test_noisy_fidelity_2qb_nn_estimate
-------------------------------------------------------------------------------
/home/paperspace/qrack/test/benchmarks.cpp:5763
...............................................................................

/home/paperspace/qrack/test/benchmarks.cpp:5763: FAILED:
due to unexpected exception with message:
  Cannot instantiate a QPager with greater capacity than environment variable
  QRACK_MAX_PAGING_QB.

===============================================================================
test cases: 1 | 1 failed
assertions: 1 | 1 failed

Random Seed: 1685744532 (Overridden by hardware generation!)
Device #0, Loaded binary from: /home/paperspace/.qrack/qrack_ocl_dev_NVIDIA_A100-SXM4-80GB.ir
Default platform: NVIDIA CUDA
Default device: #0, NVIDIA A100-SXM4-80GB
OpenCL device #0: NVIDIA A100-SXM4-80GB
############ Default Optimal (QUnit) ############
Filters: test_noisy_fidelity_2qb_nn_estimate
>>> 'test_noisy_fidelity_2qb_nn_estimate':
Circuit width: 54
Circuit layer depth (excluding factor of x2 for mirror validation): 10
For SDRP=1: 
Unitary fidelity: 1.34845e-10
Execution time: 2s
For SDRP=0.975: 
Unitary fidelity: 2.53273e-10
Execution time: 2s
For SDRP=0.95: 
Unitary fidelity: 2.53277e-10
Execution time: 2s
For SDRP=0.925: 
Unitary fidelity: 2.26e-10
Execution time: 1s
For SDRP=0.9: 
Unitary fidelity: 3.75713e-10
Execution time: 12s

~~~~~~~~~~~~~~~~~~~~~~~~~~~~~~~~~~~~~~~~~~~~~~~~~~~~~~~~~~~~~~~~~~~~~~~~~~~~~~~
benchmarks is a Catch v2.13.7 host application.
Run with -? for options

Randomness seeded to: 1685744532

-------------------------------------------------------------------------------
test_noisy_fidelity_2qb_nn_estimate
-------------------------------------------------------------------------------
/home/paperspace/qrack/test/benchmarks.cpp:5763
...............................................................................

/home/paperspace/qrack/test/benchmarks.cpp:5763: FAILED:
due to unexpected exception with message:
  VRAM limits exceeded in QEngineOCL::AddAlloc()

===============================================================================
test cases: 1 | 1 failed
assertions: 1 | 1 failed

Random Seed: 1685744602 (Overridden by hardware generation!)
Device #0, Loaded binary from: /home/paperspace/.qrack/qrack_ocl_dev_NVIDIA_A100-SXM4-80GB.ir
Default platform: NVIDIA CUDA
Default device: #0, NVIDIA A100-SXM4-80GB
OpenCL device #0: NVIDIA A100-SXM4-80GB
############ Default Optimal (QUnit) ############
Filters: test_noisy_fidelity_2qb_nn_estimate
>>> 'test_noisy_fidelity_2qb_nn_estimate':
Circuit width: 54
Circuit layer depth (excluding factor of x2 for mirror validation): 10

~~~~~~~~~~~~~~~~~~~~~~~~~~~~~~~~~~~~~~~~~~~~~~~~~~~~~~~~~~~~~~~~~~~~~~~~~~~~~~~
benchmarks is a Catch v2.13.7 host application.
Run with -? for options

Randomness seeded to: 1685744602

-------------------------------------------------------------------------------
test_noisy_fidelity_2qb_nn_estimate
-------------------------------------------------------------------------------
/home/paperspace/qrack/test/benchmarks.cpp:5763
...............................................................................

/home/paperspace/qrack/test/benchmarks.cpp:5763: FAILED:
due to unexpected exception with message:
  Cannot instantiate a QPager with greater capacity than environment variable
  QRACK_MAX_PAGING_QB.

===============================================================================
test cases: 1 | 1 failed
assertions: 1 | 1 failed

Random Seed: 1685744603 (Overridden by hardware generation!)
Device #0, Loaded binary from: /home/paperspace/.qrack/qrack_ocl_dev_NVIDIA_A100-SXM4-80GB.ir
Default platform: NVIDIA CUDA
Default device: #0, NVIDIA A100-SXM4-80GB
OpenCL device #0: NVIDIA A100-SXM4-80GB
############ Default Optimal (QUnit) ############
Filters: test_noisy_fidelity_2qb_nn_estimate
>>> 'test_noisy_fidelity_2qb_nn_estimate':
Circuit width: 54
Circuit layer depth (excluding factor of x2 for mirror validation): 10
For SDRP=1: 
Unitary fidelity: 2.77402e-09
Execution time: 0s
For SDRP=0.975: 
Unitary fidelity: 2.774e-09
Execution time: 0s
For SDRP=0.95: 
Unitary fidelity: 2.774e-09
Execution time: 0s
For SDRP=0.925: 
Unitary fidelity: 8.0049e-09
Execution time: 0s
For SDRP=0.9: 
Unitary fidelity: 1.90319e-09
Execution time: 0s
For SDRP=0.875: 
Unitary fidelity: 2.1912e-09
Execution time: 0s
For SDRP=0.85: 
Unitary fidelity: 1.60275e-09
Execution time: 0s
For SDRP=0.825: 
Unitary fidelity: 2.22056e-08
Execution time: 0s
For SDRP=0.8: 
Unitary fidelity: 7.4826e-08
Execution time: 1s
For SDRP=0.775: 
Unitary fidelity: 3.97659e-08
Execution time: 1s
For SDRP=0.75: 
Unitary fidelity: 6.77984e-07
Execution time: 2s

~~~~~~~~~~~~~~~~~~~~~~~~~~~~~~~~~~~~~~~~~~~~~~~~~~~~~~~~~~~~~~~~~~~~~~~~~~~~~~~
benchmarks is a Catch v2.13.7 host application.
Run with -? for options

Randomness seeded to: 1685744603

-------------------------------------------------------------------------------
test_noisy_fidelity_2qb_nn_estimate
-------------------------------------------------------------------------------
/home/paperspace/qrack/test/benchmarks.cpp:5763
...............................................................................

/home/paperspace/qrack/test/benchmarks.cpp:5763: FAILED:
due to unexpected exception with message:
  Cannot instantiate a QPager with greater capacity than environment variable
  QRACK_MAX_PAGING_QB.

===============================================================================
test cases: 1 | 1 failed
assertions: 1 | 1 failed

Random Seed: 1685744615 (Overridden by hardware generation!)
Device #0, Loaded binary from: /home/paperspace/.qrack/qrack_ocl_dev_NVIDIA_A100-SXM4-80GB.ir
Default platform: NVIDIA CUDA
Default device: #0, NVIDIA A100-SXM4-80GB
OpenCL device #0: NVIDIA A100-SXM4-80GB
############ Default Optimal (QUnit) ############
Filters: test_noisy_fidelity_2qb_nn_estimate
>>> 'test_noisy_fidelity_2qb_nn_estimate':
Circuit width: 54
Circuit layer depth (excluding factor of x2 for mirror validation): 10
For SDRP=1: 
Unitary fidelity: 2.34734e-09
Execution time: 1s
For SDRP=0.975: 
Unitary fidelity: 2.34737e-09
Execution time: 1s
For SDRP=0.95: 
Unitary fidelity: 2.34733e-09
Execution time: 1s
For SDRP=0.925: 
Unitary fidelity: 4.1705e-09
Execution time: 1s
For SDRP=0.9: 
Unitary fidelity: 1.55846e-08
Execution time: 3s
For SDRP=0.875: 
Unitary fidelity: 1.51476e-08
Execution time: 2s

~~~~~~~~~~~~~~~~~~~~~~~~~~~~~~~~~~~~~~~~~~~~~~~~~~~~~~~~~~~~~~~~~~~~~~~~~~~~~~~
benchmarks is a Catch v2.13.7 host application.
Run with -? for options

Randomness seeded to: 1685744615

-------------------------------------------------------------------------------
test_noisy_fidelity_2qb_nn_estimate
-------------------------------------------------------------------------------
/home/paperspace/qrack/test/benchmarks.cpp:5763
...............................................................................

/home/paperspace/qrack/test/benchmarks.cpp:5763: FAILED:
due to unexpected exception with message:
  VRAM limits exceeded in QEngineOCL::AddAlloc()

===============================================================================
test cases: 1 | 1 failed
assertions: 1 | 1 failed

Random Seed: 1685744627 (Overridden by hardware generation!)
Device #0, Loaded binary from: /home/paperspace/.qrack/qrack_ocl_dev_NVIDIA_A100-SXM4-80GB.ir
Default platform: NVIDIA CUDA
Default device: #0, NVIDIA A100-SXM4-80GB
OpenCL device #0: NVIDIA A100-SXM4-80GB
############ Default Optimal (QUnit) ############
Filters: test_noisy_fidelity_2qb_nn_estimate
>>> 'test_noisy_fidelity_2qb_nn_estimate':
Circuit width: 54
Circuit layer depth (excluding factor of x2 for mirror validation): 10

~~~~~~~~~~~~~~~~~~~~~~~~~~~~~~~~~~~~~~~~~~~~~~~~~~~~~~~~~~~~~~~~~~~~~~~~~~~~~~~
benchmarks is a Catch v2.13.7 host application.
Run with -? for options

Randomness seeded to: 1685744627

-------------------------------------------------------------------------------
test_noisy_fidelity_2qb_nn_estimate
-------------------------------------------------------------------------------
/home/paperspace/qrack/test/benchmarks.cpp:5763
...............................................................................

/home/paperspace/qrack/test/benchmarks.cpp:5763: FAILED:
due to unexpected exception with message:
  VRAM limits exceeded in QEngineOCL::AddAlloc()

===============================================================================
test cases: 1 | 1 failed
assertions: 1 | 1 failed

Random Seed: 1685744631 (Overridden by hardware generation!)
Device #0, Loaded binary from: /home/paperspace/.qrack/qrack_ocl_dev_NVIDIA_A100-SXM4-80GB.ir
Default platform: NVIDIA CUDA
Default device: #0, NVIDIA A100-SXM4-80GB
OpenCL device #0: NVIDIA A100-SXM4-80GB
############ Default Optimal (QUnit) ############
Filters: test_noisy_fidelity_2qb_nn_estimate
>>> 'test_noisy_fidelity_2qb_nn_estimate':
Circuit width: 54
Circuit layer depth (excluding factor of x2 for mirror validation): 10
For SDRP=1: 
Unitary fidelity: 2.89024e-09
Execution time: 0s
For SDRP=0.975: 
Unitary fidelity: 2.68778e-09
Execution time: 0s
For SDRP=0.95: 
Unitary fidelity: 2.15917e-09
Execution time: 0s
For SDRP=0.925: 
Unitary fidelity: 2.08708e-09
Execution time: 0s
For SDRP=0.9: 
Unitary fidelity: 2.08707e-09
Execution time: 0s
For SDRP=0.875: 
Unitary fidelity: 2.75391e-08
Execution time: 7s
For SDRP=0.85: 
Unitary fidelity: 2.92879e-08
Execution time: 1s
For SDRP=0.825: 
Unitary fidelity: 3.70491e-08
Execution time: 1s

~~~~~~~~~~~~~~~~~~~~~~~~~~~~~~~~~~~~~~~~~~~~~~~~~~~~~~~~~~~~~~~~~~~~~~~~~~~~~~~
benchmarks is a Catch v2.13.7 host application.
Run with -? for options

Randomness seeded to: 1685744631

-------------------------------------------------------------------------------
test_noisy_fidelity_2qb_nn_estimate
-------------------------------------------------------------------------------
/home/paperspace/qrack/test/benchmarks.cpp:5763
...............................................................................

/home/paperspace/qrack/test/benchmarks.cpp:5763: FAILED:
due to unexpected exception with message:
  VRAM limits exceeded in QEngineOCL::AddAlloc()

===============================================================================
test cases: 1 | 1 failed
assertions: 1 | 1 failed

Random Seed: 1685744646 (Overridden by hardware generation!)
Device #0, Loaded binary from: /home/paperspace/.qrack/qrack_ocl_dev_NVIDIA_A100-SXM4-80GB.ir
Default platform: NVIDIA CUDA
Default device: #0, NVIDIA A100-SXM4-80GB
OpenCL device #0: NVIDIA A100-SXM4-80GB
############ Default Optimal (QUnit) ############
Filters: test_noisy_fidelity_2qb_nn_estimate
>>> 'test_noisy_fidelity_2qb_nn_estimate':
Circuit width: 54
Circuit layer depth (excluding factor of x2 for mirror validation): 10
For SDRP=1: 
Unitary fidelity: 3.96768e-07
Execution time: 0s
For SDRP=0.975: 
Unitary fidelity: 3.96771e-07
Execution time: 0s
For SDRP=0.95: 
Unitary fidelity: 3.96771e-07
Execution time: 0s
For SDRP=0.925: 
Unitary fidelity: 3.96769e-07
Execution time: 0s
For SDRP=0.9: 
Unitary fidelity: 4.83108e-07
Execution time: 0s
For SDRP=0.875: 
Unitary fidelity: 1.17495e-06
Execution time: 0s
For SDRP=0.85: 
Unitary fidelity: 2.50427e-06
Execution time: 0s
For SDRP=0.825: 
Unitary fidelity: 4.15379e-06
Execution time: 0s
For SDRP=0.8: 
Unitary fidelity: 4.54942e-06
Execution time: 0s
For SDRP=0.775: 
Unitary fidelity: 9.81188e-06
Execution time: 0s
For SDRP=0.75: 
Unitary fidelity: 2.86265e-05
Execution time: 0s
For SDRP=0.725: 
Unitary fidelity: 2.86265e-05
Execution time: 0s
For SDRP=0.7: 
Unitary fidelity: 3.93134e-05
Execution time: 3s

~~~~~~~~~~~~~~~~~~~~~~~~~~~~~~~~~~~~~~~~~~~~~~~~~~~~~~~~~~~~~~~~~~~~~~~~~~~~~~~
benchmarks is a Catch v2.13.7 host application.
Run with -? for options

Randomness seeded to: 1685744646

-------------------------------------------------------------------------------
test_noisy_fidelity_2qb_nn_estimate
-------------------------------------------------------------------------------
/home/paperspace/qrack/test/benchmarks.cpp:5763
...............................................................................

/home/paperspace/qrack/test/benchmarks.cpp:5763: FAILED:
due to unexpected exception with message:
  Cannot instantiate a QPager with greater capacity than environment variable
  QRACK_MAX_PAGING_QB.

===============================================================================
test cases: 1 | 1 failed
assertions: 1 | 1 failed

Random Seed: 1685744662 (Overridden by hardware generation!)
Device #0, Loaded binary from: /home/paperspace/.qrack/qrack_ocl_dev_NVIDIA_A100-SXM4-80GB.ir
Default platform: NVIDIA CUDA
Default device: #0, NVIDIA A100-SXM4-80GB
OpenCL device #0: NVIDIA A100-SXM4-80GB
############ Default Optimal (QUnit) ############
Filters: test_noisy_fidelity_2qb_nn_estimate
>>> 'test_noisy_fidelity_2qb_nn_estimate':
Circuit width: 54
Circuit layer depth (excluding factor of x2 for mirror validation): 10
For SDRP=1: 
Unitary fidelity: 3.10073e-09
Execution time: 0s
For SDRP=0.975: 
Unitary fidelity: 3.10078e-09
Execution time: 0s
For SDRP=0.95: 
Unitary fidelity: 4.95186e-09
Execution time: 0s
For SDRP=0.925: 
Unitary fidelity: 7.54554e-09
Execution time: 0s
For SDRP=0.9: 
Unitary fidelity: 6.11737e-09
Execution time: 0s
For SDRP=0.875: 
Unitary fidelity: 8.94116e-09
Execution time: 0s
For SDRP=0.85: 
Unitary fidelity: 3.74919e-08
Execution time: 0s
For SDRP=0.825: 
Unitary fidelity: 6.41953e-08
Execution time: 0s
For SDRP=0.8: 
Unitary fidelity: 3.34866e-08
Execution time: 0s
For SDRP=0.775: 
Unitary fidelity: 1.22847e-07
Execution time: 0s
For SDRP=0.75: 
Unitary fidelity: 4.47293e-07
Execution time: 0s
For SDRP=0.725: 
Unitary fidelity: 1.73575e-06
Execution time: 1s
For SDRP=0.7: 
Unitary fidelity: 4.82604e-05
Execution time: 13s
For SDRP=0.675: 
Unitary fidelity: 1.08917e-05
Execution time: 13s

~~~~~~~~~~~~~~~~~~~~~~~~~~~~~~~~~~~~~~~~~~~~~~~~~~~~~~~~~~~~~~~~~~~~~~~~~~~~~~~
benchmarks is a Catch v2.13.7 host application.
Run with -? for options

Randomness seeded to: 1685744662

-------------------------------------------------------------------------------
test_noisy_fidelity_2qb_nn_estimate
-------------------------------------------------------------------------------
/home/paperspace/qrack/test/benchmarks.cpp:5763
...............................................................................

/home/paperspace/qrack/test/benchmarks.cpp:5763: FAILED:
due to unexpected exception with message:
  Cannot instantiate a QPager with greater capacity than environment variable
  QRACK_MAX_PAGING_QB.

===============================================================================
test cases: 1 | 1 failed
assertions: 1 | 1 failed

Random Seed: 1685744710 (Overridden by hardware generation!)
Device #0, Loaded binary from: /home/paperspace/.qrack/qrack_ocl_dev_NVIDIA_A100-SXM4-80GB.ir
Default platform: NVIDIA CUDA
Default device: #0, NVIDIA A100-SXM4-80GB
OpenCL device #0: NVIDIA A100-SXM4-80GB
############ Default Optimal (QUnit) ############
Filters: test_noisy_fidelity_2qb_nn_estimate
>>> 'test_noisy_fidelity_2qb_nn_estimate':
Circuit width: 54
Circuit layer depth (excluding factor of x2 for mirror validation): 10
For SDRP=1: 
Unitary fidelity: 7.86243e-10
Execution time: 0s
For SDRP=0.975: 
Unitary fidelity: 7.86239e-10
Execution time: 0s
For SDRP=0.95: 
Unitary fidelity: 2.03848e-09
Execution time: 1s
For SDRP=0.925: 
Unitary fidelity: 2.0322e-09
Execution time: 0s
For SDRP=0.9: 
Unitary fidelity: 1.64053e-08
Execution time: 1s

~~~~~~~~~~~~~~~~~~~~~~~~~~~~~~~~~~~~~~~~~~~~~~~~~~~~~~~~~~~~~~~~~~~~~~~~~~~~~~~
benchmarks is a Catch v2.13.7 host application.
Run with -? for options

Randomness seeded to: 1685744710

-------------------------------------------------------------------------------
test_noisy_fidelity_2qb_nn_estimate
-------------------------------------------------------------------------------
/home/paperspace/qrack/test/benchmarks.cpp:5763
...............................................................................

/home/paperspace/qrack/test/benchmarks.cpp:5763: FAILED:
due to unexpected exception with message:
  VRAM limits exceeded in QEngineOCL::AddAlloc()

===============================================================================
test cases: 1 | 1 failed
assertions: 1 | 1 failed

Random Seed: 1685744717 (Overridden by hardware generation!)
Device #0, Loaded binary from: /home/paperspace/.qrack/qrack_ocl_dev_NVIDIA_A100-SXM4-80GB.ir
Default platform: NVIDIA CUDA
Default device: #0, NVIDIA A100-SXM4-80GB
OpenCL device #0: NVIDIA A100-SXM4-80GB
############ Default Optimal (QUnit) ############
Filters: test_noisy_fidelity_2qb_nn_estimate
>>> 'test_noisy_fidelity_2qb_nn_estimate':
Circuit width: 54
Circuit layer depth (excluding factor of x2 for mirror validation): 10
For SDRP=1: 
Unitary fidelity: 5.73568e-09
Execution time: 0s
For SDRP=0.975: 
Unitary fidelity: 5.73574e-09
Execution time: 0s
For SDRP=0.95: 
Unitary fidelity: 1.235e-08
Execution time: 0s
For SDRP=0.925: 
Unitary fidelity: 2.00432e-08
Execution time: 0s
For SDRP=0.9: 
Unitary fidelity: 2.00433e-08
Execution time: 0s
For SDRP=0.875: 
Unitary fidelity: 7.14473e-07
Execution time: 0s
For SDRP=0.85: 
Unitary fidelity: 1.32141e-06
Execution time: 0s
For SDRP=0.825: 
Unitary fidelity: 9.27553e-07
Execution time: 0s
For SDRP=0.8: 
Unitary fidelity: 7.47678e-06
Execution time: 3s

~~~~~~~~~~~~~~~~~~~~~~~~~~~~~~~~~~~~~~~~~~~~~~~~~~~~~~~~~~~~~~~~~~~~~~~~~~~~~~~
benchmarks is a Catch v2.13.7 host application.
Run with -? for options

Randomness seeded to: 1685744717

-------------------------------------------------------------------------------
test_noisy_fidelity_2qb_nn_estimate
-------------------------------------------------------------------------------
/home/paperspace/qrack/test/benchmarks.cpp:5763
...............................................................................

/home/paperspace/qrack/test/benchmarks.cpp:5763: FAILED:
due to unexpected exception with message:
  VRAM limits exceeded in QEngineOCL::AddAlloc()

===============================================================================
test cases: 1 | 1 failed
assertions: 1 | 1 failed

Random Seed: 1685744725 (Overridden by hardware generation!)
Device #0, Loaded binary from: /home/paperspace/.qrack/qrack_ocl_dev_NVIDIA_A100-SXM4-80GB.ir
Default platform: NVIDIA CUDA
Default device: #0, NVIDIA A100-SXM4-80GB
OpenCL device #0: NVIDIA A100-SXM4-80GB
############ Default Optimal (QUnit) ############
Filters: test_noisy_fidelity_2qb_nn_estimate
>>> 'test_noisy_fidelity_2qb_nn_estimate':
Circuit width: 54
Circuit layer depth (excluding factor of x2 for mirror validation): 10
For SDRP=1: 
Unitary fidelity: 1.72391e-09
Execution time: 0s
For SDRP=0.975: 
Unitary fidelity: 9.24338e-10
Execution time: 0s
For SDRP=0.95: 
Unitary fidelity: 9.24496e-10
Execution time: 0s
For SDRP=0.925: 
Unitary fidelity: 1.41121e-08
Execution time: 1s
For SDRP=0.9: 
Unitary fidelity: 8.16211e-09
Execution time: 1s
For SDRP=0.875: 
Unitary fidelity: 8.96e-08
Execution time: 29s

~~~~~~~~~~~~~~~~~~~~~~~~~~~~~~~~~~~~~~~~~~~~~~~~~~~~~~~~~~~~~~~~~~~~~~~~~~~~~~~
benchmarks is a Catch v2.13.7 host application.
Run with -? for options

Randomness seeded to: 1685744725

-------------------------------------------------------------------------------
test_noisy_fidelity_2qb_nn_estimate
-------------------------------------------------------------------------------
/home/paperspace/qrack/test/benchmarks.cpp:5763
...............................................................................

/home/paperspace/qrack/test/benchmarks.cpp:5763: FAILED:
due to unexpected exception with message:
  Cannot instantiate a QPager with greater capacity than environment variable
  QRACK_MAX_PAGING_QB.

===============================================================================
test cases: 1 | 1 failed
assertions: 1 | 1 failed

Random Seed: 1685744782 (Overridden by hardware generation!)
Device #0, Loaded binary from: /home/paperspace/.qrack/qrack_ocl_dev_NVIDIA_A100-SXM4-80GB.ir
Default platform: NVIDIA CUDA
Default device: #0, NVIDIA A100-SXM4-80GB
OpenCL device #0: NVIDIA A100-SXM4-80GB
############ Default Optimal (QUnit) ############
Filters: test_noisy_fidelity_2qb_nn_estimate
>>> 'test_noisy_fidelity_2qb_nn_estimate':
Circuit width: 54
Circuit layer depth (excluding factor of x2 for mirror validation): 10
For SDRP=1: 
Unitary fidelity: 1.27206e-09
Execution time: 0s
For SDRP=0.975: 
Unitary fidelity: 1.27207e-09
Execution time: 0s
For SDRP=0.95: 
Unitary fidelity: 1.27206e-09
Execution time: 0s
For SDRP=0.925: 
Unitary fidelity: 9.5709e-09
Execution time: 1s
For SDRP=0.9: 
Unitary fidelity: 1.07352e-08
Execution time: 1s
For SDRP=0.875: 
Unitary fidelity: 1.79763e-08
Execution time: 1s
For SDRP=0.85: 
Unitary fidelity: 1.36931e-07
Execution time: 2s
For SDRP=0.825: 
Unitary fidelity: 9.97495e-08
Execution time: 2s
For SDRP=0.8: 
Unitary fidelity: 1.41684e-07
Execution time: 1s
For SDRP=0.775: 
Unitary fidelity: 2.04709e-06
Execution time: 22s

~~~~~~~~~~~~~~~~~~~~~~~~~~~~~~~~~~~~~~~~~~~~~~~~~~~~~~~~~~~~~~~~~~~~~~~~~~~~~~~
benchmarks is a Catch v2.13.7 host application.
Run with -? for options

Randomness seeded to: 1685744782

-------------------------------------------------------------------------------
test_noisy_fidelity_2qb_nn_estimate
-------------------------------------------------------------------------------
/home/paperspace/qrack/test/benchmarks.cpp:5763
...............................................................................

/home/paperspace/qrack/test/benchmarks.cpp:5763: FAILED:
due to unexpected exception with message:
  Cannot instantiate a QPager with greater capacity than environment variable
  QRACK_MAX_PAGING_QB.

===============================================================================
test cases: 1 | 1 failed
assertions: 1 | 1 failed

Random Seed: 1685744824 (Overridden by hardware generation!)
Device #0, Loaded binary from: /home/paperspace/.qrack/qrack_ocl_dev_NVIDIA_A100-SXM4-80GB.ir
Default platform: NVIDIA CUDA
Default device: #0, NVIDIA A100-SXM4-80GB
OpenCL device #0: NVIDIA A100-SXM4-80GB
############ Default Optimal (QUnit) ############
Filters: test_noisy_fidelity_2qb_nn_estimate
>>> 'test_noisy_fidelity_2qb_nn_estimate':
Circuit width: 54
Circuit layer depth (excluding factor of x2 for mirror validation): 10

~~~~~~~~~~~~~~~~~~~~~~~~~~~~~~~~~~~~~~~~~~~~~~~~~~~~~~~~~~~~~~~~~~~~~~~~~~~~~~~
benchmarks is a Catch v2.13.7 host application.
Run with -? for options

Randomness seeded to: 1685744824

-------------------------------------------------------------------------------
test_noisy_fidelity_2qb_nn_estimate
-------------------------------------------------------------------------------
/home/paperspace/qrack/test/benchmarks.cpp:5763
...............................................................................

/home/paperspace/qrack/test/benchmarks.cpp:5763: FAILED:
due to unexpected exception with message:
  VRAM limits exceeded in QEngineOCL::AddAlloc()

===============================================================================
test cases: 1 | 1 failed
assertions: 1 | 1 failed

Random Seed: 1685744832 (Overridden by hardware generation!)
Device #0, Loaded binary from: /home/paperspace/.qrack/qrack_ocl_dev_NVIDIA_A100-SXM4-80GB.ir
Default platform: NVIDIA CUDA
Default device: #0, NVIDIA A100-SXM4-80GB
OpenCL device #0: NVIDIA A100-SXM4-80GB
############ Default Optimal (QUnit) ############
Filters: test_noisy_fidelity_2qb_nn_estimate
>>> 'test_noisy_fidelity_2qb_nn_estimate':
Circuit width: 54
Circuit layer depth (excluding factor of x2 for mirror validation): 10
For SDRP=1: 
Unitary fidelity: 6.16757e-10
Execution time: 1s
For SDRP=0.975: 
Unitary fidelity: 6.16758e-10
Execution time: 1s
For SDRP=0.95: 
Unitary fidelity: 6.16753e-10
Execution time: 1s
For SDRP=0.925: 
Unitary fidelity: 8.74029e-10
Execution time: 6s
For SDRP=0.9: 
Unitary fidelity: 8.7403e-10
Execution time: 4s
For SDRP=0.875: 
Unitary fidelity: 8.74031e-10
Execution time: 4s
For SDRP=0.85: 
Unitary fidelity: 7.22213e-09
Execution time: 1s
For SDRP=0.825: 
Unitary fidelity: 1.07246e-08
Execution time: 1s
For SDRP=0.8: 
Unitary fidelity: 6.351e-08
Execution time: 1s
For SDRP=0.775: 
Unitary fidelity: 1.04641e-07
Execution time: 1s
For SDRP=0.75: 
Unitary fidelity: 1.05002e-07
Execution time: 2s
For SDRP=0.725: 
Unitary fidelity: 1.44388e-07
Execution time: 1s

~~~~~~~~~~~~~~~~~~~~~~~~~~~~~~~~~~~~~~~~~~~~~~~~~~~~~~~~~~~~~~~~~~~~~~~~~~~~~~~
benchmarks is a Catch v2.13.7 host application.
Run with -? for options

Randomness seeded to: 1685744832

-------------------------------------------------------------------------------
test_noisy_fidelity_2qb_nn_estimate
-------------------------------------------------------------------------------
/home/paperspace/qrack/test/benchmarks.cpp:5763
...............................................................................

/home/paperspace/qrack/test/benchmarks.cpp:5763: FAILED:
due to unexpected exception with message:
  Cannot instantiate a QPager with greater capacity than environment variable
  QRACK_MAX_PAGING_QB.

===============================================================================
test cases: 1 | 1 failed
assertions: 1 | 1 failed

Random Seed: 1685744877 (Overridden by hardware generation!)
Device #0, Loaded binary from: /home/paperspace/.qrack/qrack_ocl_dev_NVIDIA_A100-SXM4-80GB.ir
Default platform: NVIDIA CUDA
Default device: #0, NVIDIA A100-SXM4-80GB
OpenCL device #0: NVIDIA A100-SXM4-80GB
############ Default Optimal (QUnit) ############
Filters: test_noisy_fidelity_2qb_nn_estimate
>>> 'test_noisy_fidelity_2qb_nn_estimate':
Circuit width: 54
Circuit layer depth (excluding factor of x2 for mirror validation): 10
For SDRP=1: 
Unitary fidelity: 3.5883e-08
Execution time: 0s
For SDRP=0.975: 
Unitary fidelity: 3.58832e-08
Execution time: 0s
For SDRP=0.95: 
Unitary fidelity: 3.58822e-08
Execution time: 0s
For SDRP=0.925: 
Unitary fidelity: 2.98254e-08
Execution time: 0s
For SDRP=0.9: 
Unitary fidelity: 3.21955e-08
Execution time: 1s
For SDRP=0.875: 
Unitary fidelity: 6.99706e-08
Execution time: 1s

~~~~~~~~~~~~~~~~~~~~~~~~~~~~~~~~~~~~~~~~~~~~~~~~~~~~~~~~~~~~~~~~~~~~~~~~~~~~~~~
benchmarks is a Catch v2.13.7 host application.
Run with -? for options

Randomness seeded to: 1685744877

-------------------------------------------------------------------------------
test_noisy_fidelity_2qb_nn_estimate
-------------------------------------------------------------------------------
/home/paperspace/qrack/test/benchmarks.cpp:5763
...............................................................................

/home/paperspace/qrack/test/benchmarks.cpp:5763: FAILED:
due to unexpected exception with message:
  Cannot instantiate a QPager with greater capacity than environment variable
  QRACK_MAX_PAGING_QB.

===============================================================================
test cases: 1 | 1 failed
assertions: 1 | 1 failed

Random Seed: 1685744896 (Overridden by hardware generation!)
Device #0, Loaded binary from: /home/paperspace/.qrack/qrack_ocl_dev_NVIDIA_A100-SXM4-80GB.ir
Default platform: NVIDIA CUDA
Default device: #0, NVIDIA A100-SXM4-80GB
OpenCL device #0: NVIDIA A100-SXM4-80GB
############ Default Optimal (QUnit) ############
Filters: test_noisy_fidelity_2qb_nn_estimate
>>> 'test_noisy_fidelity_2qb_nn_estimate':
Circuit width: 54
Circuit layer depth (excluding factor of x2 for mirror validation): 10
For SDRP=1: 
Unitary fidelity: 6.55685e-09
Execution time: 0s
For SDRP=0.975: 
Unitary fidelity: 9.74012e-09
Execution time: 0s
For SDRP=0.95: 
Unitary fidelity: 9.74014e-09
Execution time: 0s
For SDRP=0.925: 
Unitary fidelity: 2.83556e-08
Execution time: 0s
For SDRP=0.9: 
Unitary fidelity: 2.83555e-08
Execution time: 0s
For SDRP=0.875: 
Unitary fidelity: 6.79492e-08
Execution time: 14s
For SDRP=0.85: 
Unitary fidelity: 1.12241e-07
Execution time: 14s
For SDRP=0.825: 
Unitary fidelity: 1.12241e-07
Execution time: 13s
For SDRP=0.8: 
Unitary fidelity: 1.98542e-07
Execution time: 8s

~~~~~~~~~~~~~~~~~~~~~~~~~~~~~~~~~~~~~~~~~~~~~~~~~~~~~~~~~~~~~~~~~~~~~~~~~~~~~~~
benchmarks is a Catch v2.13.7 host application.
Run with -? for options

Randomness seeded to: 1685744896

-------------------------------------------------------------------------------
test_noisy_fidelity_2qb_nn_estimate
-------------------------------------------------------------------------------
/home/paperspace/qrack/test/benchmarks.cpp:5763
...............................................................................

/home/paperspace/qrack/test/benchmarks.cpp:5763: FAILED:
due to unexpected exception with message:
  Cannot instantiate a QPager with greater capacity than environment variable
  QRACK_MAX_PAGING_QB.

===============================================================================
test cases: 1 | 1 failed
assertions: 1 | 1 failed

Random Seed: 1685744950 (Overridden by hardware generation!)
Device #0, Loaded binary from: /home/paperspace/.qrack/qrack_ocl_dev_NVIDIA_A100-SXM4-80GB.ir
Default platform: NVIDIA CUDA
Default device: #0, NVIDIA A100-SXM4-80GB
OpenCL device #0: NVIDIA A100-SXM4-80GB
############ Default Optimal (QUnit) ############
Filters: test_noisy_fidelity_2qb_nn_estimate
>>> 'test_noisy_fidelity_2qb_nn_estimate':
Circuit width: 54
Circuit layer depth (excluding factor of x2 for mirror validation): 10
For SDRP=1: 
Unitary fidelity: 1.14311e-11
Execution time: 0s
For SDRP=0.975: 
Unitary fidelity: 7.44229e-11
Execution time: 0s
For SDRP=0.95: 
Unitary fidelity: 1.9437e-10
Execution time: 0s
For SDRP=0.925: 
Unitary fidelity: 4.04356e-10
Execution time: 0s
For SDRP=0.9: 
Unitary fidelity: 4.72414e-09
Execution time: 1s
For SDRP=0.875: 
Unitary fidelity: 1.12207e-09
Execution time: 0s
For SDRP=0.85: 
Unitary fidelity: 7.19671e-09
Execution time: 26s
For SDRP=0.825: 
Unitary fidelity: 7.19671e-09
Execution time: 27s

~~~~~~~~~~~~~~~~~~~~~~~~~~~~~~~~~~~~~~~~~~~~~~~~~~~~~~~~~~~~~~~~~~~~~~~~~~~~~~~
benchmarks is a Catch v2.13.7 host application.
Run with -? for options

Randomness seeded to: 1685744950

-------------------------------------------------------------------------------
test_noisy_fidelity_2qb_nn_estimate
-------------------------------------------------------------------------------
/home/paperspace/qrack/test/benchmarks.cpp:5763
...............................................................................

/home/paperspace/qrack/test/benchmarks.cpp:5763: FAILED:
due to unexpected exception with message:
  Cannot instantiate a QPager with greater capacity than environment variable
  QRACK_MAX_PAGING_QB.

===============================================================================
test cases: 1 | 1 failed
assertions: 1 | 1 failed

Random Seed: 1685745022 (Overridden by hardware generation!)
Device #0, Loaded binary from: /home/paperspace/.qrack/qrack_ocl_dev_NVIDIA_A100-SXM4-80GB.ir
Default platform: NVIDIA CUDA
Default device: #0, NVIDIA A100-SXM4-80GB
OpenCL device #0: NVIDIA A100-SXM4-80GB
############ Default Optimal (QUnit) ############
Filters: test_noisy_fidelity_2qb_nn_estimate
>>> 'test_noisy_fidelity_2qb_nn_estimate':
Circuit width: 54
Circuit layer depth (excluding factor of x2 for mirror validation): 10
For SDRP=1: 
Unitary fidelity: 4.71549e-09
Execution time: 0s
For SDRP=0.975: 
Unitary fidelity: 1.05239e-08
Execution time: 0s
For SDRP=0.95: 
Unitary fidelity: 4.56235e-08
Execution time: 0s
For SDRP=0.925: 
Unitary fidelity: 4.56235e-08
Execution time: 0s
For SDRP=0.9: 
Unitary fidelity: 5.12177e-08
Execution time: 0s
For SDRP=0.875: 
Unitary fidelity: 5.12174e-08
Execution time: 0s
For SDRP=0.85: 
Unitary fidelity: 3.54051e-08
Execution time: 0s
For SDRP=0.825: 
Unitary fidelity: 1.69137e-07
Execution time: 1s
For SDRP=0.8: 
Unitary fidelity: 1.08394e-07
Execution time: 1s
For SDRP=0.775: 
Unitary fidelity: 6.48598e-07
Execution time: 1s
For SDRP=0.75: 
Unitary fidelity: 8.06981e-07
Execution time: 8s
For SDRP=0.725: 
Unitary fidelity: 6.45873e-06
Execution time: 18s

~~~~~~~~~~~~~~~~~~~~~~~~~~~~~~~~~~~~~~~~~~~~~~~~~~~~~~~~~~~~~~~~~~~~~~~~~~~~~~~
benchmarks is a Catch v2.13.7 host application.
Run with -? for options

Randomness seeded to: 1685745022

-------------------------------------------------------------------------------
test_noisy_fidelity_2qb_nn_estimate
-------------------------------------------------------------------------------
/home/paperspace/qrack/test/benchmarks.cpp:5763
...............................................................................

/home/paperspace/qrack/test/benchmarks.cpp:5763: FAILED:
due to unexpected exception with message:
  VRAM limits exceeded in QEngineOCL::AddAlloc()

===============================================================================
test cases: 1 | 1 failed
assertions: 1 | 1 failed

Random Seed: 1685745061 (Overridden by hardware generation!)
Device #0, Loaded binary from: /home/paperspace/.qrack/qrack_ocl_dev_NVIDIA_A100-SXM4-80GB.ir
Default platform: NVIDIA CUDA
Default device: #0, NVIDIA A100-SXM4-80GB
OpenCL device #0: NVIDIA A100-SXM4-80GB
############ Default Optimal (QUnit) ############
Filters: test_noisy_fidelity_2qb_nn_estimate
>>> 'test_noisy_fidelity_2qb_nn_estimate':
Circuit width: 54
Circuit layer depth (excluding factor of x2 for mirror validation): 10
For SDRP=1: 
Unitary fidelity: 1.26475e-08
Execution time: 0s
For SDRP=0.975: 
Unitary fidelity: 7.00576e-09
Execution time: 0s
For SDRP=0.95: 
Unitary fidelity: 8.74862e-09
Execution time: 0s
For SDRP=0.925: 
Unitary fidelity: 8.7484e-09
Execution time: 0s
For SDRP=0.9: 
Unitary fidelity: 5.06431e-09
Execution time: 0s
For SDRP=0.875: 
Unitary fidelity: 3.06654e-09
Execution time: 1s
For SDRP=0.85: 
Unitary fidelity: 2.79747e-08
Execution time: 1s
For SDRP=0.825: 
Unitary fidelity: 1.48929e-07
Execution time: 6s
For SDRP=0.8: 
Unitary fidelity: 1.90205e-07
Execution time: 0s
For SDRP=0.775: 
Unitary fidelity: 6.88433e-07
Execution time: 9s
For SDRP=0.75: 
Unitary fidelity: 8.5848e-07
Execution time: 32s

~~~~~~~~~~~~~~~~~~~~~~~~~~~~~~~~~~~~~~~~~~~~~~~~~~~~~~~~~~~~~~~~~~~~~~~~~~~~~~~
benchmarks is a Catch v2.13.7 host application.
Run with -? for options

Randomness seeded to: 1685745061

-------------------------------------------------------------------------------
test_noisy_fidelity_2qb_nn_estimate
-------------------------------------------------------------------------------
/home/paperspace/qrack/test/benchmarks.cpp:5763
...............................................................................

/home/paperspace/qrack/test/benchmarks.cpp:5763: FAILED:
due to unexpected exception with message:
  Cannot instantiate a QPager with greater capacity than environment variable
  QRACK_MAX_PAGING_QB.

===============================================================================
test cases: 1 | 1 failed
assertions: 1 | 1 failed

Random Seed: 1685745130 (Overridden by hardware generation!)
Device #0, Loaded binary from: /home/paperspace/.qrack/qrack_ocl_dev_NVIDIA_A100-SXM4-80GB.ir
Default platform: NVIDIA CUDA
Default device: #0, NVIDIA A100-SXM4-80GB
OpenCL device #0: NVIDIA A100-SXM4-80GB
############ Default Optimal (QUnit) ############
Filters: test_noisy_fidelity_2qb_nn_estimate
>>> 'test_noisy_fidelity_2qb_nn_estimate':
Circuit width: 54
Circuit layer depth (excluding factor of x2 for mirror validation): 10
For SDRP=1: 
Unitary fidelity: 1.35528e-08
Execution time: 0s
For SDRP=0.975: 
Unitary fidelity: 1.26837e-08
Execution time: 0s
For SDRP=0.95: 
Unitary fidelity: 6.09046e-08
Execution time: 0s
For SDRP=0.925: 
Unitary fidelity: 6.83553e-08
Execution time: 0s
For SDRP=0.9: 
Unitary fidelity: 6.83555e-08
Execution time: 0s
For SDRP=0.875: 
Unitary fidelity: 8.97926e-08
Execution time: 0s
For SDRP=0.85: 
Unitary fidelity: 6.08839e-07
Execution time: 6s
For SDRP=0.825: 
Unitary fidelity: 6.08838e-07
Execution time: 6s

~~~~~~~~~~~~~~~~~~~~~~~~~~~~~~~~~~~~~~~~~~~~~~~~~~~~~~~~~~~~~~~~~~~~~~~~~~~~~~~
benchmarks is a Catch v2.13.7 host application.
Run with -? for options

Randomness seeded to: 1685745130

-------------------------------------------------------------------------------
test_noisy_fidelity_2qb_nn_estimate
-------------------------------------------------------------------------------
/home/paperspace/qrack/test/benchmarks.cpp:5763
...............................................................................

/home/paperspace/qrack/test/benchmarks.cpp:5763: FAILED:
due to unexpected exception with message:
  VRAM limits exceeded in QEngineOCL::AddAlloc()

===============================================================================
test cases: 1 | 1 failed
assertions: 1 | 1 failed

Random Seed: 1685745148 (Overridden by hardware generation!)
Device #0, Loaded binary from: /home/paperspace/.qrack/qrack_ocl_dev_NVIDIA_A100-SXM4-80GB.ir
Default platform: NVIDIA CUDA
Default device: #0, NVIDIA A100-SXM4-80GB
OpenCL device #0: NVIDIA A100-SXM4-80GB
############ Default Optimal (QUnit) ############
Filters: test_noisy_fidelity_2qb_nn_estimate
>>> 'test_noisy_fidelity_2qb_nn_estimate':
Circuit width: 54
Circuit layer depth (excluding factor of x2 for mirror validation): 10
For SDRP=1: 
Unitary fidelity: 1.31234e-08
Execution time: 0s
For SDRP=0.975: 
Unitary fidelity: 1.31239e-08
Execution time: 0s
For SDRP=0.95: 
Unitary fidelity: 1.24739e-08
Execution time: 0s
For SDRP=0.925: 
Unitary fidelity: 1.82753e-08
Execution time: 0s
For SDRP=0.9: 
Unitary fidelity: 1.13125e-08
Execution time: 0s
For SDRP=0.875: 
Unitary fidelity: 8.50487e-09
Execution time: 0s
For SDRP=0.85: 
Unitary fidelity: 1.62541e-07
Execution time: 0s
For SDRP=0.825: 
Unitary fidelity: 4.71202e-07
Execution time: 0s
For SDRP=0.8: 
Unitary fidelity: 3.1612e-07
Execution time: 0s
For SDRP=0.775: 
Unitary fidelity: 1.27561e-06
Execution time: 23s

~~~~~~~~~~~~~~~~~~~~~~~~~~~~~~~~~~~~~~~~~~~~~~~~~~~~~~~~~~~~~~~~~~~~~~~~~~~~~~~
benchmarks is a Catch v2.13.7 host application.
Run with -? for options

Randomness seeded to: 1685745148

-------------------------------------------------------------------------------
test_noisy_fidelity_2qb_nn_estimate
-------------------------------------------------------------------------------
/home/paperspace/qrack/test/benchmarks.cpp:5763
...............................................................................

/home/paperspace/qrack/test/benchmarks.cpp:5763: FAILED:
due to unexpected exception with message:
  Cannot instantiate a QPager with greater capacity than environment variable
  QRACK_MAX_PAGING_QB.

===============================================================================
test cases: 1 | 1 failed
assertions: 1 | 1 failed

Random Seed: 1685745239 (Overridden by hardware generation!)
Device #0, Loaded binary from: /home/paperspace/.qrack/qrack_ocl_dev_NVIDIA_A100-SXM4-80GB.ir
Default platform: NVIDIA CUDA
Default device: #0, NVIDIA A100-SXM4-80GB
OpenCL device #0: NVIDIA A100-SXM4-80GB
############ Default Optimal (QUnit) ############
Filters: test_noisy_fidelity_2qb_nn_estimate
>>> 'test_noisy_fidelity_2qb_nn_estimate':
Circuit width: 54
Circuit layer depth (excluding factor of x2 for mirror validation): 10
For SDRP=1: 
Unitary fidelity: 1.10711e-09
Execution time: 5s
For SDRP=0.975: 
Unitary fidelity: 1.10711e-09
Execution time: 4s
For SDRP=0.95: 
Unitary fidelity: 1.10711e-09
Execution time: 4s
For SDRP=0.925: 
Unitary fidelity: 1.10711e-09
Execution time: 4s
For SDRP=0.9: 
Unitary fidelity: 1.43638e-09
Execution time: 4s
For SDRP=0.875: 
Unitary fidelity: 5.33411e-09
Execution time: 9s
For SDRP=0.85: 
Unitary fidelity: 7.75008e-09
Execution time: 21s
For SDRP=0.825: 
Unitary fidelity: 8.49162e-09
Execution time: 22s

~~~~~~~~~~~~~~~~~~~~~~~~~~~~~~~~~~~~~~~~~~~~~~~~~~~~~~~~~~~~~~~~~~~~~~~~~~~~~~~
benchmarks is a Catch v2.13.7 host application.
Run with -? for options

Randomness seeded to: 1685745239

-------------------------------------------------------------------------------
test_noisy_fidelity_2qb_nn_estimate
-------------------------------------------------------------------------------
/home/paperspace/qrack/test/benchmarks.cpp:5763
...............................................................................

/home/paperspace/qrack/test/benchmarks.cpp:5763: FAILED:
due to unexpected exception with message:
  VRAM limits exceeded in QEngineOCL::AddAlloc()

===============================================================================
test cases: 1 | 1 failed
assertions: 1 | 1 failed

Random Seed: 1685745317 (Overridden by hardware generation!)
Device #0, Loaded binary from: /home/paperspace/.qrack/qrack_ocl_dev_NVIDIA_A100-SXM4-80GB.ir
Default platform: NVIDIA CUDA
Default device: #0, NVIDIA A100-SXM4-80GB
OpenCL device #0: NVIDIA A100-SXM4-80GB
############ Default Optimal (QUnit) ############
Filters: test_noisy_fidelity_2qb_nn_estimate
>>> 'test_noisy_fidelity_2qb_nn_estimate':
Circuit width: 54
Circuit layer depth (excluding factor of x2 for mirror validation): 10
For SDRP=1: 
Unitary fidelity: 6.19286e-08
Execution time: 10s
For SDRP=0.975: 
Unitary fidelity: 6.19292e-08
Execution time: 10s
For SDRP=0.95: 
Unitary fidelity: 6.19286e-08
Execution time: 10s
For SDRP=0.925: 
Unitary fidelity: 5.4949e-08
Execution time: 14s
For SDRP=0.9: 
Unitary fidelity: 9.01628e-09
Execution time: 1s

~~~~~~~~~~~~~~~~~~~~~~~~~~~~~~~~~~~~~~~~~~~~~~~~~~~~~~~~~~~~~~~~~~~~~~~~~~~~~~~
benchmarks is a Catch v2.13.7 host application.
Run with -? for options

Randomness seeded to: 1685745317

-------------------------------------------------------------------------------
test_noisy_fidelity_2qb_nn_estimate
-------------------------------------------------------------------------------
/home/paperspace/qrack/test/benchmarks.cpp:5763
...............................................................................

/home/paperspace/qrack/test/benchmarks.cpp:5763: FAILED:
due to unexpected exception with message:
  Cannot instantiate a QPager with greater capacity than environment variable
  QRACK_MAX_PAGING_QB.

===============================================================================
test cases: 1 | 1 failed
assertions: 1 | 1 failed

Random Seed: 1685745385 (Overridden by hardware generation!)
Device #0, Loaded binary from: /home/paperspace/.qrack/qrack_ocl_dev_NVIDIA_A100-SXM4-80GB.ir
Default platform: NVIDIA CUDA
Default device: #0, NVIDIA A100-SXM4-80GB
OpenCL device #0: NVIDIA A100-SXM4-80GB
############ Default Optimal (QUnit) ############
Filters: test_noisy_fidelity_2qb_nn_estimate
>>> 'test_noisy_fidelity_2qb_nn_estimate':
Circuit width: 54
Circuit layer depth (excluding factor of x2 for mirror validation): 10
For SDRP=1: 
Unitary fidelity: 8.59671e-09
Execution time: 1s
For SDRP=0.975: 
Unitary fidelity: 8.59662e-09
Execution time: 1s
For SDRP=0.95: 
Unitary fidelity: 1.13183e-08
Execution time: 1s
For SDRP=0.925: 
Unitary fidelity: 1.13182e-08
Execution time: 1s
For SDRP=0.9: 
Unitary fidelity: 4.90884e-09
Execution time: 1s
For SDRP=0.875: 
Unitary fidelity: 4.43868e-08
Execution time: 2s
For SDRP=0.85: 
Unitary fidelity: 3.42659e-08
Execution time: 1s
For SDRP=0.825: 
Unitary fidelity: 4.07891e-07
Execution time: 1s

~~~~~~~~~~~~~~~~~~~~~~~~~~~~~~~~~~~~~~~~~~~~~~~~~~~~~~~~~~~~~~~~~~~~~~~~~~~~~~~
benchmarks is a Catch v2.13.7 host application.
Run with -? for options

Randomness seeded to: 1685745385

-------------------------------------------------------------------------------
test_noisy_fidelity_2qb_nn_estimate
-------------------------------------------------------------------------------
/home/paperspace/qrack/test/benchmarks.cpp:5763
...............................................................................

/home/paperspace/qrack/test/benchmarks.cpp:5763: FAILED:
due to unexpected exception with message:
  Cannot instantiate a QPager with greater capacity than environment variable
  QRACK_MAX_PAGING_QB.

===============================================================================
test cases: 1 | 1 failed
assertions: 1 | 1 failed

Random Seed: 1685745420 (Overridden by hardware generation!)
Device #0, Loaded binary from: /home/paperspace/.qrack/qrack_ocl_dev_NVIDIA_A100-SXM4-80GB.ir
Default platform: NVIDIA CUDA
Default device: #0, NVIDIA A100-SXM4-80GB
OpenCL device #0: NVIDIA A100-SXM4-80GB
############ Default Optimal (QUnit) ############
Filters: test_noisy_fidelity_2qb_nn_estimate
>>> 'test_noisy_fidelity_2qb_nn_estimate':
Circuit width: 54
Circuit layer depth (excluding factor of x2 for mirror validation): 10
For SDRP=1: 
Unitary fidelity: 3.76508e-09
Execution time: 0s
For SDRP=0.975: 
Unitary fidelity: 3.76503e-09
Execution time: 0s
For SDRP=0.95: 
Unitary fidelity: 3.76506e-09
Execution time: 0s
For SDRP=0.925: 
Unitary fidelity: 3.76507e-09
Execution time: 0s
For SDRP=0.9: 
Unitary fidelity: 1.759e-08
Execution time: 0s
For SDRP=0.875: 
Unitary fidelity: 6.66923e-08
Execution time: 0s
For SDRP=0.85: 
Unitary fidelity: 3.98904e-08
Execution time: 0s
For SDRP=0.825: 
Unitary fidelity: 3.24232e-08
Execution time: 0s
For SDRP=0.8: 
Unitary fidelity: 1.80961e-07
Execution time: 3s
For SDRP=0.775: 
Unitary fidelity: 2.64331e-07
Execution time: 15s

~~~~~~~~~~~~~~~~~~~~~~~~~~~~~~~~~~~~~~~~~~~~~~~~~~~~~~~~~~~~~~~~~~~~~~~~~~~~~~~
benchmarks is a Catch v2.13.7 host application.
Run with -? for options

Randomness seeded to: 1685745420

-------------------------------------------------------------------------------
test_noisy_fidelity_2qb_nn_estimate
-------------------------------------------------------------------------------
/home/paperspace/qrack/test/benchmarks.cpp:5763
...............................................................................

/home/paperspace/qrack/test/benchmarks.cpp:5763: FAILED:
due to unexpected exception with message:
  Cannot instantiate a QPager with greater capacity than environment variable
  QRACK_MAX_PAGING_QB.

===============================================================================
test cases: 1 | 1 failed
assertions: 1 | 1 failed

Random Seed: 1685745446 (Overridden by hardware generation!)
Device #0, Loaded binary from: /home/paperspace/.qrack/qrack_ocl_dev_NVIDIA_A100-SXM4-80GB.ir
Default platform: NVIDIA CUDA
Default device: #0, NVIDIA A100-SXM4-80GB
OpenCL device #0: NVIDIA A100-SXM4-80GB
############ Default Optimal (QUnit) ############
Filters: test_noisy_fidelity_2qb_nn_estimate
>>> 'test_noisy_fidelity_2qb_nn_estimate':
Circuit width: 54
Circuit layer depth (excluding factor of x2 for mirror validation): 10
For SDRP=1: 
Unitary fidelity: 6.00805e-09
Execution time: 0s
For SDRP=0.975: 
Unitary fidelity: 6.00802e-09
Execution time: 0s
For SDRP=0.95: 
Unitary fidelity: 6.00801e-09
Execution time: 0s
For SDRP=0.925: 
Unitary fidelity: 1.07501e-08
Execution time: 0s
For SDRP=0.9: 
Unitary fidelity: 1.07501e-08
Execution time: 0s
For SDRP=0.875: 
Unitary fidelity: 4.68395e-09
Execution time: 0s
For SDRP=0.85: 
Unitary fidelity: 1.35486e-08
Execution time: 0s
For SDRP=0.825: 
Unitary fidelity: 2.54797e-07
Execution time: 4s
For SDRP=0.8: 
Unitary fidelity: 8.50403e-07
Execution time: 5s
For SDRP=0.775: 
Unitary fidelity: 1.69147e-07
Execution time: 1s
For SDRP=0.75: 
Unitary fidelity: 3.67265e-06
Execution time: 7s
For SDRP=0.725: 
Unitary fidelity: 2.38346e-06
Execution time: 6s
For SDRP=0.7: 
Unitary fidelity: 2.12615e-06
Execution time: 4s

~~~~~~~~~~~~~~~~~~~~~~~~~~~~~~~~~~~~~~~~~~~~~~~~~~~~~~~~~~~~~~~~~~~~~~~~~~~~~~~
benchmarks is a Catch v2.13.7 host application.
Run with -? for options

Randomness seeded to: 1685745446

-------------------------------------------------------------------------------
test_noisy_fidelity_2qb_nn_estimate
-------------------------------------------------------------------------------
/home/paperspace/qrack/test/benchmarks.cpp:5763
...............................................................................

/home/paperspace/qrack/test/benchmarks.cpp:5763: FAILED:
due to unexpected exception with message:
  Cannot instantiate a QPager with greater capacity than environment variable
  QRACK_MAX_PAGING_QB.

===============================================================================
test cases: 1 | 1 failed
assertions: 1 | 1 failed

Random Seed: 1685745518 (Overridden by hardware generation!)
Device #0, Loaded binary from: /home/paperspace/.qrack/qrack_ocl_dev_NVIDIA_A100-SXM4-80GB.ir
Default platform: NVIDIA CUDA
Default device: #0, NVIDIA A100-SXM4-80GB
OpenCL device #0: NVIDIA A100-SXM4-80GB
############ Default Optimal (QUnit) ############
Filters: test_noisy_fidelity_2qb_nn_estimate
>>> 'test_noisy_fidelity_2qb_nn_estimate':
Circuit width: 54
Circuit layer depth (excluding factor of x2 for mirror validation): 10
For SDRP=1: 
Unitary fidelity: 1.92083e-10
Execution time: 0s
For SDRP=0.975: 
Unitary fidelity: 1.92081e-10
Execution time: 0s
For SDRP=0.95: 
Unitary fidelity: 2.91487e-10
Execution time: 0s
For SDRP=0.925: 
Unitary fidelity: 5.08338e-10
Execution time: 1s
For SDRP=0.9: 
Unitary fidelity: 5.0519e-09
Execution time: 4s
For SDRP=0.875: 
Unitary fidelity: 1.46378e-09
Execution time: 6s
For SDRP=0.85: 
Unitary fidelity: 2.79946e-09
Execution time: 7s
For SDRP=0.825: 
Unitary fidelity: 1.03948e-08
Execution time: 13s
For SDRP=0.8: 
Unitary fidelity: 2.75359e-08
Execution time: 8s

~~~~~~~~~~~~~~~~~~~~~~~~~~~~~~~~~~~~~~~~~~~~~~~~~~~~~~~~~~~~~~~~~~~~~~~~~~~~~~~
benchmarks is a Catch v2.13.7 host application.
Run with -? for options

Randomness seeded to: 1685745518

-------------------------------------------------------------------------------
test_noisy_fidelity_2qb_nn_estimate
-------------------------------------------------------------------------------
/home/paperspace/qrack/test/benchmarks.cpp:5763
...............................................................................

/home/paperspace/qrack/test/benchmarks.cpp:5763: FAILED:
due to unexpected exception with message:
  VRAM limits exceeded in QEngineOCL::AddAlloc()

===============================================================================
test cases: 1 | 1 failed
assertions: 1 | 1 failed

Random Seed: 1685745563 (Overridden by hardware generation!)
Device #0, Loaded binary from: /home/paperspace/.qrack/qrack_ocl_dev_NVIDIA_A100-SXM4-80GB.ir
Default platform: NVIDIA CUDA
Default device: #0, NVIDIA A100-SXM4-80GB
OpenCL device #0: NVIDIA A100-SXM4-80GB
############ Default Optimal (QUnit) ############
Filters: test_noisy_fidelity_2qb_nn_estimate
>>> 'test_noisy_fidelity_2qb_nn_estimate':
Circuit width: 54
Circuit layer depth (excluding factor of x2 for mirror validation): 10
For SDRP=1: 
Unitary fidelity: 9.54873e-10
Execution time: 2s
For SDRP=0.975: 
Unitary fidelity: 1.74999e-09
Execution time: 7s
For SDRP=0.95: 
Unitary fidelity: 3.80497e-09
Execution time: 8s
For SDRP=0.925: 
Unitary fidelity: 1.21842e-08
Execution time: 8s
For SDRP=0.9: 
Unitary fidelity: 8.52169e-09
Execution time: 8s
For SDRP=0.875: 
Unitary fidelity: 6.39249e-10
Execution time: 14s
For SDRP=0.85: 
Unitary fidelity: 1.41301e-08
Execution time: 25s

~~~~~~~~~~~~~~~~~~~~~~~~~~~~~~~~~~~~~~~~~~~~~~~~~~~~~~~~~~~~~~~~~~~~~~~~~~~~~~~
benchmarks is a Catch v2.13.7 host application.
Run with -? for options

Randomness seeded to: 1685745563

-------------------------------------------------------------------------------
test_noisy_fidelity_2qb_nn_estimate
-------------------------------------------------------------------------------
/home/paperspace/qrack/test/benchmarks.cpp:5763
...............................................................................

/home/paperspace/qrack/test/benchmarks.cpp:5763: FAILED:
due to unexpected exception with message:
  Cannot instantiate a QPager with greater capacity than environment variable
  QRACK_MAX_PAGING_QB.

===============================================================================
test cases: 1 | 1 failed
assertions: 1 | 1 failed

Random Seed: 1685745653 (Overridden by hardware generation!)
Device #0, Loaded binary from: /home/paperspace/.qrack/qrack_ocl_dev_NVIDIA_A100-SXM4-80GB.ir
Default platform: NVIDIA CUDA
Default device: #0, NVIDIA A100-SXM4-80GB
OpenCL device #0: NVIDIA A100-SXM4-80GB
############ Default Optimal (QUnit) ############
Filters: test_noisy_fidelity_2qb_nn_estimate
>>> 'test_noisy_fidelity_2qb_nn_estimate':
Circuit width: 54
Circuit layer depth (excluding factor of x2 for mirror validation): 10
For SDRP=1: 
Unitary fidelity: 2.70777e-08
Execution time: 0s
For SDRP=0.975: 
Unitary fidelity: 4.97521e-08
Execution time: 0s
For SDRP=0.95: 
Unitary fidelity: 4.97518e-08
Execution time: 0s
For SDRP=0.925: 
Unitary fidelity: 5.19684e-08
Execution time: 0s
For SDRP=0.9: 
Unitary fidelity: 9.64055e-08
Execution time: 0s
For SDRP=0.875: 
Unitary fidelity: 1.58323e-07
Execution time: 5s
For SDRP=0.85: 
Unitary fidelity: 1.19617e-06
Execution time: 0s
For SDRP=0.825: 
Unitary fidelity: 6.0331e-06
Execution time: 3s
For SDRP=0.8: 
Unitary fidelity: 1.15824e-05
Execution time: 4s
For SDRP=0.775: 
Unitary fidelity: 1.15824e-05
Execution time: 4s
For SDRP=0.75: 
Unitary fidelity: 1.93741e-05
Execution time: 4s

~~~~~~~~~~~~~~~~~~~~~~~~~~~~~~~~~~~~~~~~~~~~~~~~~~~~~~~~~~~~~~~~~~~~~~~~~~~~~~~
benchmarks is a Catch v2.13.7 host application.
Run with -? for options

Randomness seeded to: 1685745653

-------------------------------------------------------------------------------
test_noisy_fidelity_2qb_nn_estimate
-------------------------------------------------------------------------------
/home/paperspace/qrack/test/benchmarks.cpp:5763
...............................................................................

/home/paperspace/qrack/test/benchmarks.cpp:5763: FAILED:
due to unexpected exception with message:
  Cannot instantiate a QPager with greater capacity than environment variable
  QRACK_MAX_PAGING_QB.

===============================================================================
test cases: 1 | 1 failed
assertions: 1 | 1 failed

Random Seed: 1685745684 (Overridden by hardware generation!)
Device #0, Loaded binary from: /home/paperspace/.qrack/qrack_ocl_dev_NVIDIA_A100-SXM4-80GB.ir
Default platform: NVIDIA CUDA
Default device: #0, NVIDIA A100-SXM4-80GB
OpenCL device #0: NVIDIA A100-SXM4-80GB
############ Default Optimal (QUnit) ############
Filters: test_noisy_fidelity_2qb_nn_estimate
>>> 'test_noisy_fidelity_2qb_nn_estimate':
Circuit width: 54
Circuit layer depth (excluding factor of x2 for mirror validation): 10
For SDRP=1: 
Unitary fidelity: 1.84103e-09
Execution time: 0s
For SDRP=0.975: 
Unitary fidelity: 1.84102e-09
Execution time: 0s
For SDRP=0.95: 
Unitary fidelity: 3.62724e-09
Execution time: 0s
For SDRP=0.925: 
Unitary fidelity: 1.48635e-09
Execution time: 5s
For SDRP=0.9: 
Unitary fidelity: 1.0639e-08
Execution time: 6s
For SDRP=0.875: 
Unitary fidelity: 1.30716e-08
Execution time: 27s

~~~~~~~~~~~~~~~~~~~~~~~~~~~~~~~~~~~~~~~~~~~~~~~~~~~~~~~~~~~~~~~~~~~~~~~~~~~~~~~
benchmarks is a Catch v2.13.7 host application.
Run with -? for options

Randomness seeded to: 1685745684

-------------------------------------------------------------------------------
test_noisy_fidelity_2qb_nn_estimate
-------------------------------------------------------------------------------
/home/paperspace/qrack/test/benchmarks.cpp:5763
...............................................................................

/home/paperspace/qrack/test/benchmarks.cpp:5763: FAILED:
due to unexpected exception with message:
  Cannot instantiate a QPager with greater capacity than environment variable
  QRACK_MAX_PAGING_QB.

===============================================================================
test cases: 1 | 1 failed
assertions: 1 | 1 failed

Random Seed: 1685745727 (Overridden by hardware generation!)
Device #0, Loaded binary from: /home/paperspace/.qrack/qrack_ocl_dev_NVIDIA_A100-SXM4-80GB.ir
Default platform: NVIDIA CUDA
Default device: #0, NVIDIA A100-SXM4-80GB
OpenCL device #0: NVIDIA A100-SXM4-80GB
############ Default Optimal (QUnit) ############
Filters: test_noisy_fidelity_2qb_nn_estimate
>>> 'test_noisy_fidelity_2qb_nn_estimate':
Circuit width: 54
Circuit layer depth (excluding factor of x2 for mirror validation): 10
For SDRP=1: 
Unitary fidelity: 8.77853e-10
Execution time: 0s
For SDRP=0.975: 
Unitary fidelity: 8.7785e-10
Execution time: 0s
For SDRP=0.95: 
Unitary fidelity: 8.7785e-10
Execution time: 0s
For SDRP=0.925: 
Unitary fidelity: 9.28203e-09
Execution time: 0s
For SDRP=0.9: 
Unitary fidelity: 9.29524e-09
Execution time: 0s
For SDRP=0.875: 
Unitary fidelity: 1.30718e-08
Execution time: 0s
For SDRP=0.85: 
Unitary fidelity: 3.66958e-08
Execution time: 0s
For SDRP=0.825: 
Unitary fidelity: 1.719e-08
Execution time: 6s

~~~~~~~~~~~~~~~~~~~~~~~~~~~~~~~~~~~~~~~~~~~~~~~~~~~~~~~~~~~~~~~~~~~~~~~~~~~~~~~
benchmarks is a Catch v2.13.7 host application.
Run with -? for options

Randomness seeded to: 1685745727

-------------------------------------------------------------------------------
test_noisy_fidelity_2qb_nn_estimate
-------------------------------------------------------------------------------
/home/paperspace/qrack/test/benchmarks.cpp:5763
...............................................................................

/home/paperspace/qrack/test/benchmarks.cpp:5763: FAILED:
due to unexpected exception with message:
  Cannot instantiate a QPager with greater capacity than environment variable
  QRACK_MAX_PAGING_QB.

===============================================================================
test cases: 1 | 1 failed
assertions: 1 | 1 failed

Random Seed: 1685745739 (Overridden by hardware generation!)
Device #0, Loaded binary from: /home/paperspace/.qrack/qrack_ocl_dev_NVIDIA_A100-SXM4-80GB.ir
Default platform: NVIDIA CUDA
Default device: #0, NVIDIA A100-SXM4-80GB
OpenCL device #0: NVIDIA A100-SXM4-80GB
############ Default Optimal (QUnit) ############
Filters: test_noisy_fidelity_2qb_nn_estimate
>>> 'test_noisy_fidelity_2qb_nn_estimate':
Circuit width: 54
Circuit layer depth (excluding factor of x2 for mirror validation): 10
For SDRP=1: 
Unitary fidelity: 7.48968e-09
Execution time: 0s
For SDRP=0.975: 
Unitary fidelity: 7.4896e-09
Execution time: 0s
For SDRP=0.95: 
Unitary fidelity: 1.99244e-08
Execution time: 0s
For SDRP=0.925: 
Unitary fidelity: 1.99247e-08
Execution time: 0s
For SDRP=0.9: 
Unitary fidelity: 7.50451e-08
Execution time: 0s
For SDRP=0.875: 
Unitary fidelity: 1.13724e-07
Execution time: 0s
For SDRP=0.85: 
Unitary fidelity: 4.31045e-08
Execution time: 0s
For SDRP=0.825: 
Unitary fidelity: 5.70211e-07
Execution time: 0s
For SDRP=0.8: 
Unitary fidelity: 5.70213e-07
Execution time: 0s
For SDRP=0.775: 
Unitary fidelity: 2.5605e-07
Execution time: 3s

~~~~~~~~~~~~~~~~~~~~~~~~~~~~~~~~~~~~~~~~~~~~~~~~~~~~~~~~~~~~~~~~~~~~~~~~~~~~~~~
benchmarks is a Catch v2.13.7 host application.
Run with -? for options

Randomness seeded to: 1685745739

-------------------------------------------------------------------------------
test_noisy_fidelity_2qb_nn_estimate
-------------------------------------------------------------------------------
/home/paperspace/qrack/test/benchmarks.cpp:5763
...............................................................................

/home/paperspace/qrack/test/benchmarks.cpp:5763: FAILED:
due to unexpected exception with message:
  Cannot instantiate a QPager with greater capacity than environment variable
  QRACK_MAX_PAGING_QB.

===============================================================================
test cases: 1 | 1 failed
assertions: 1 | 1 failed

Random Seed: 1685745753 (Overridden by hardware generation!)
Device #0, Loaded binary from: /home/paperspace/.qrack/qrack_ocl_dev_NVIDIA_A100-SXM4-80GB.ir
Default platform: NVIDIA CUDA
Default device: #0, NVIDIA A100-SXM4-80GB
OpenCL device #0: NVIDIA A100-SXM4-80GB
############ Default Optimal (QUnit) ############
Filters: test_noisy_fidelity_2qb_nn_estimate
>>> 'test_noisy_fidelity_2qb_nn_estimate':
Circuit width: 54
Circuit layer depth (excluding factor of x2 for mirror validation): 10
For SDRP=1: 
Unitary fidelity: 1.10928e-09
Execution time: 3s
For SDRP=0.975: 
Unitary fidelity: 1.10928e-09
Execution time: 2s
For SDRP=0.95: 
Unitary fidelity: 4.70127e-09
Execution time: 3s
For SDRP=0.925: 
Unitary fidelity: 1.22473e-08
Execution time: 4s
For SDRP=0.9: 
Unitary fidelity: 9.71351e-09
Execution time: 17s
For SDRP=0.875: 
Unitary fidelity: 7.89715e-08
Execution time: 4s
For SDRP=0.85: 
Unitary fidelity: 1.66073e-07
Execution time: 5s
For SDRP=0.825: 
Unitary fidelity: 9.00705e-08
Execution time: 4s
For SDRP=0.8: 
Unitary fidelity: 1.35394e-07
Execution time: 5s

~~~~~~~~~~~~~~~~~~~~~~~~~~~~~~~~~~~~~~~~~~~~~~~~~~~~~~~~~~~~~~~~~~~~~~~~~~~~~~~
benchmarks is a Catch v2.13.7 host application.
Run with -? for options

Randomness seeded to: 1685745753

-------------------------------------------------------------------------------
test_noisy_fidelity_2qb_nn_estimate
-------------------------------------------------------------------------------
/home/paperspace/qrack/test/benchmarks.cpp:5763
...............................................................................

/home/paperspace/qrack/test/benchmarks.cpp:5763: FAILED:
due to unexpected exception with message:
  VRAM limits exceeded in QEngineOCL::AddAlloc()

===============================================================================
test cases: 1 | 1 failed
assertions: 1 | 1 failed

Random Seed: 1685745810 (Overridden by hardware generation!)
Device #0, Loaded binary from: /home/paperspace/.qrack/qrack_ocl_dev_NVIDIA_A100-SXM4-80GB.ir
Default platform: NVIDIA CUDA
Default device: #0, NVIDIA A100-SXM4-80GB
OpenCL device #0: NVIDIA A100-SXM4-80GB
############ Default Optimal (QUnit) ############
Filters: test_noisy_fidelity_2qb_nn_estimate
>>> 'test_noisy_fidelity_2qb_nn_estimate':
Circuit width: 54
Circuit layer depth (excluding factor of x2 for mirror validation): 10
For SDRP=1: 
Unitary fidelity: 5.17763e-09
Execution time: 0s
For SDRP=0.975: 
Unitary fidelity: 5.1776e-09
Execution time: 0s
For SDRP=0.95: 
Unitary fidelity: 1.00023e-08
Execution time: 0s
For SDRP=0.925: 
Unitary fidelity: 1.00023e-08
Execution time: 0s
For SDRP=0.9: 
Unitary fidelity: 7.3818e-08
Execution time: 0s
For SDRP=0.875: 
Unitary fidelity: 3.20261e-08
Execution time: 0s
For SDRP=0.85: 
Unitary fidelity: 3.20261e-08
Execution time: 0s
For SDRP=0.825: 
Unitary fidelity: 6.01499e-07
Execution time: 0s
For SDRP=0.8: 
Unitary fidelity: 6.015e-07
Execution time: 0s
For SDRP=0.775: 
Unitary fidelity: 8.43858e-07
Execution time: 0s
For SDRP=0.75: 
Unitary fidelity: 2.48149e-06
Execution time: 0s
For SDRP=0.725: 
Unitary fidelity: 5.51752e-06
Execution time: 0s
For SDRP=0.7: 
Unitary fidelity: 1.5282e-05
Execution time: 1s

~~~~~~~~~~~~~~~~~~~~~~~~~~~~~~~~~~~~~~~~~~~~~~~~~~~~~~~~~~~~~~~~~~~~~~~~~~~~~~~
benchmarks is a Catch v2.13.7 host application.
Run with -? for options

Randomness seeded to: 1685745810

-------------------------------------------------------------------------------
test_noisy_fidelity_2qb_nn_estimate
-------------------------------------------------------------------------------
/home/paperspace/qrack/test/benchmarks.cpp:5763
...............................................................................

/home/paperspace/qrack/test/benchmarks.cpp:5763: FAILED:
due to unexpected exception with message:
  Cannot instantiate a QPager with greater capacity than environment variable
  QRACK_MAX_PAGING_QB.

===============================================================================
test cases: 1 | 1 failed
assertions: 1 | 1 failed

Random Seed: 1685745865 (Overridden by hardware generation!)
Device #0, Loaded binary from: /home/paperspace/.qrack/qrack_ocl_dev_NVIDIA_A100-SXM4-80GB.ir
Default platform: NVIDIA CUDA
Default device: #0, NVIDIA A100-SXM4-80GB
OpenCL device #0: NVIDIA A100-SXM4-80GB
############ Default Optimal (QUnit) ############
Filters: test_noisy_fidelity_2qb_nn_estimate
>>> 'test_noisy_fidelity_2qb_nn_estimate':
Circuit width: 54
Circuit layer depth (excluding factor of x2 for mirror validation): 10
For SDRP=1: 
Unitary fidelity: 1.36847e-10
Execution time: 1s
For SDRP=0.975: 
Unitary fidelity: 1.36849e-10
Execution time: 1s
For SDRP=0.95: 
Unitary fidelity: 1.36848e-10
Execution time: 1s
For SDRP=0.925: 
Unitary fidelity: 2.99894e-10
Execution time: 2s
For SDRP=0.9: 
Unitary fidelity: 2.07197e-10
Execution time: 13s
For SDRP=0.875: 
Unitary fidelity: 5.51218e-10
Execution time: 13s

~~~~~~~~~~~~~~~~~~~~~~~~~~~~~~~~~~~~~~~~~~~~~~~~~~~~~~~~~~~~~~~~~~~~~~~~~~~~~~~
benchmarks is a Catch v2.13.7 host application.
Run with -? for options

Randomness seeded to: 1685745865

-------------------------------------------------------------------------------
test_noisy_fidelity_2qb_nn_estimate
-------------------------------------------------------------------------------
/home/paperspace/qrack/test/benchmarks.cpp:5763
...............................................................................

/home/paperspace/qrack/test/benchmarks.cpp:5763: FAILED:
due to unexpected exception with message:
  Cannot instantiate a QPager with greater capacity than environment variable
  QRACK_MAX_PAGING_QB.

===============================================================================
test cases: 1 | 1 failed
assertions: 1 | 1 failed

Random Seed: 1685745910 (Overridden by hardware generation!)
Device #0, Loaded binary from: /home/paperspace/.qrack/qrack_ocl_dev_NVIDIA_A100-SXM4-80GB.ir
Default platform: NVIDIA CUDA
Default device: #0, NVIDIA A100-SXM4-80GB
OpenCL device #0: NVIDIA A100-SXM4-80GB
############ Default Optimal (QUnit) ############
Filters: test_noisy_fidelity_2qb_nn_estimate
>>> 'test_noisy_fidelity_2qb_nn_estimate':
Circuit width: 54
Circuit layer depth (excluding factor of x2 for mirror validation): 10
For SDRP=1: 
Unitary fidelity: 3.22018e-10
Execution time: 2s
For SDRP=0.975: 
Unitary fidelity: 5.02751e-10
Execution time: 2s
For SDRP=0.95: 
Unitary fidelity: 5.02726e-10
Execution time: 1s
For SDRP=0.925: 
Unitary fidelity: 3.96517e-10
Execution time: 1s
For SDRP=0.9: 
Unitary fidelity: 3.96512e-10
Execution time: 1s
For SDRP=0.875: 
Unitary fidelity: 3.96516e-10
Execution time: 1s
For SDRP=0.85: 
Unitary fidelity: 4.26696e-08
Execution time: 0s
For SDRP=0.825: 
Unitary fidelity: 1.97553e-08
Execution time: 0s

~~~~~~~~~~~~~~~~~~~~~~~~~~~~~~~~~~~~~~~~~~~~~~~~~~~~~~~~~~~~~~~~~~~~~~~~~~~~~~~
benchmarks is a Catch v2.13.7 host application.
Run with -? for options

Randomness seeded to: 1685745910

-------------------------------------------------------------------------------
test_noisy_fidelity_2qb_nn_estimate
-------------------------------------------------------------------------------
/home/paperspace/qrack/test/benchmarks.cpp:5763
...............................................................................

/home/paperspace/qrack/test/benchmarks.cpp:5763: FAILED:
due to unexpected exception with message:
  Cannot instantiate a QPager with greater capacity than environment variable
  QRACK_MAX_PAGING_QB.

===============================================================================
test cases: 1 | 1 failed
assertions: 1 | 1 failed

Random Seed: 1685745922 (Overridden by hardware generation!)
Device #0, Loaded binary from: /home/paperspace/.qrack/qrack_ocl_dev_NVIDIA_A100-SXM4-80GB.ir
Default platform: NVIDIA CUDA
Default device: #0, NVIDIA A100-SXM4-80GB
OpenCL device #0: NVIDIA A100-SXM4-80GB
############ Default Optimal (QUnit) ############
Filters: test_noisy_fidelity_2qb_nn_estimate
>>> 'test_noisy_fidelity_2qb_nn_estimate':
Circuit width: 54
Circuit layer depth (excluding factor of x2 for mirror validation): 10
For SDRP=1: 
Unitary fidelity: 5.68914e-08
Execution time: 9s
For SDRP=0.975: 
Unitary fidelity: 5.6892e-08
Execution time: 9s
For SDRP=0.95: 
Unitary fidelity: 1.844e-07
Execution time: 17s
For SDRP=0.925: 
Unitary fidelity: 1.844e-07
Execution time: 17s
For SDRP=0.9: 
Unitary fidelity: 1.84399e-07
Execution time: 17s
For SDRP=0.875: 
Unitary fidelity: 9.15272e-08
Execution time: 18s
For SDRP=0.85: 
Unitary fidelity: 2.60393e-07
Execution time: 47s

~~~~~~~~~~~~~~~~~~~~~~~~~~~~~~~~~~~~~~~~~~~~~~~~~~~~~~~~~~~~~~~~~~~~~~~~~~~~~~~
benchmarks is a Catch v2.13.7 host application.
Run with -? for options

Randomness seeded to: 1685745922

-------------------------------------------------------------------------------
test_noisy_fidelity_2qb_nn_estimate
-------------------------------------------------------------------------------
/home/paperspace/qrack/test/benchmarks.cpp:5763
...............................................................................

/home/paperspace/qrack/test/benchmarks.cpp:5763: FAILED:
due to unexpected exception with message:
  Cannot instantiate a QPager with greater capacity than environment variable
  QRACK_MAX_PAGING_QB.

===============================================================================
test cases: 1 | 1 failed
assertions: 1 | 1 failed

Random Seed: 1685746095 (Overridden by hardware generation!)
Device #0, Loaded binary from: /home/paperspace/.qrack/qrack_ocl_dev_NVIDIA_A100-SXM4-80GB.ir
Default platform: NVIDIA CUDA
Default device: #0, NVIDIA A100-SXM4-80GB
OpenCL device #0: NVIDIA A100-SXM4-80GB
############ Default Optimal (QUnit) ############
Filters: test_noisy_fidelity_2qb_nn_estimate
>>> 'test_noisy_fidelity_2qb_nn_estimate':
Circuit width: 54
Circuit layer depth (excluding factor of x2 for mirror validation): 10
For SDRP=1: 
Unitary fidelity: 3.19246e-11
Execution time: 7s
For SDRP=0.975: 
Unitary fidelity: 3.19252e-11
Execution time: 7s
For SDRP=0.95: 
Unitary fidelity: 2.76456e-10
Execution time: 22s
For SDRP=0.925: 
Unitary fidelity: 2.76452e-10
Execution time: 22s
For SDRP=0.9: 
Unitary fidelity: 2.76457e-10
Execution time: 22s
For SDRP=0.875: 
Unitary fidelity: 2.35934e-10
Execution time: 33s

~~~~~~~~~~~~~~~~~~~~~~~~~~~~~~~~~~~~~~~~~~~~~~~~~~~~~~~~~~~~~~~~~~~~~~~~~~~~~~~
benchmarks is a Catch v2.13.7 host application.
Run with -? for options

Randomness seeded to: 1685746095

-------------------------------------------------------------------------------
test_noisy_fidelity_2qb_nn_estimate
-------------------------------------------------------------------------------
/home/paperspace/qrack/test/benchmarks.cpp:5763
...............................................................................

/home/paperspace/qrack/test/benchmarks.cpp:5763: FAILED:
due to unexpected exception with message:
  VRAM limits exceeded in QEngineOCL::AddAlloc()

===============================================================================
test cases: 1 | 1 failed
assertions: 1 | 1 failed

Random Seed: 1685746213 (Overridden by hardware generation!)
Device #0, Loaded binary from: /home/paperspace/.qrack/qrack_ocl_dev_NVIDIA_A100-SXM4-80GB.ir
Default platform: NVIDIA CUDA
Default device: #0, NVIDIA A100-SXM4-80GB
OpenCL device #0: NVIDIA A100-SXM4-80GB
############ Default Optimal (QUnit) ############
Filters: test_noisy_fidelity_2qb_nn_estimate
>>> 'test_noisy_fidelity_2qb_nn_estimate':
Circuit width: 54
Circuit layer depth (excluding factor of x2 for mirror validation): 10
For SDRP=1: 
Unitary fidelity: 4.82665e-09
Execution time: 0s
For SDRP=0.975: 
Unitary fidelity: 4.82663e-09
Execution time: 0s
For SDRP=0.95: 
Unitary fidelity: 6.48966e-09
Execution time: 0s
For SDRP=0.925: 
Unitary fidelity: 6.48963e-09
Execution time: 0s
For SDRP=0.9: 
Unitary fidelity: 6.48963e-09
Execution time: 0s
For SDRP=0.875: 
Unitary fidelity: 9.18003e-09
Execution time: 0s
For SDRP=0.85: 
Unitary fidelity: 9.32805e-09
Execution time: 0s
For SDRP=0.825: 
Unitary fidelity: 4.98781e-08
Execution time: 0s
For SDRP=0.8: 
Unitary fidelity: 3.90306e-07
Execution time: 1s
For SDRP=0.775: 
Unitary fidelity: 1.34746e-07
Execution time: 0s
For SDRP=0.75: 
Unitary fidelity: 9.08472e-07
Execution time: 5s

~~~~~~~~~~~~~~~~~~~~~~~~~~~~~~~~~~~~~~~~~~~~~~~~~~~~~~~~~~~~~~~~~~~~~~~~~~~~~~~
benchmarks is a Catch v2.13.7 host application.
Run with -? for options

Randomness seeded to: 1685746213

-------------------------------------------------------------------------------
test_noisy_fidelity_2qb_nn_estimate
-------------------------------------------------------------------------------
/home/paperspace/qrack/test/benchmarks.cpp:5763
...............................................................................

/home/paperspace/qrack/test/benchmarks.cpp:5763: FAILED:
due to unexpected exception with message:
  Cannot instantiate a QPager with greater capacity than environment variable
  QRACK_MAX_PAGING_QB.

===============================================================================
test cases: 1 | 1 failed
assertions: 1 | 1 failed

Random Seed: 1685746243 (Overridden by hardware generation!)
Device #0, Loaded binary from: /home/paperspace/.qrack/qrack_ocl_dev_NVIDIA_A100-SXM4-80GB.ir
Default platform: NVIDIA CUDA
Default device: #0, NVIDIA A100-SXM4-80GB
OpenCL device #0: NVIDIA A100-SXM4-80GB
############ Default Optimal (QUnit) ############
Filters: test_noisy_fidelity_2qb_nn_estimate
>>> 'test_noisy_fidelity_2qb_nn_estimate':
Circuit width: 54
Circuit layer depth (excluding factor of x2 for mirror validation): 10
For SDRP=1: 
Unitary fidelity: 3.35796e-09
Execution time: 0s
For SDRP=0.975: 
Unitary fidelity: 3.35792e-09
Execution time: 0s
For SDRP=0.95: 
Unitary fidelity: 1.75505e-09
Execution time: 0s
For SDRP=0.925: 
Unitary fidelity: 3.50908e-09
Execution time: 0s
For SDRP=0.9: 
Unitary fidelity: 2.60418e-09
Execution time: 0s
For SDRP=0.875: 
Unitary fidelity: 8.45635e-09
Execution time: 0s
For SDRP=0.85: 
Unitary fidelity: 2.54444e-08
Execution time: 1s
For SDRP=0.825: 
Unitary fidelity: 4.64816e-08
Execution time: 2s
For SDRP=0.8: 
Unitary fidelity: 1.54148e-07
Execution time: 0s

~~~~~~~~~~~~~~~~~~~~~~~~~~~~~~~~~~~~~~~~~~~~~~~~~~~~~~~~~~~~~~~~~~~~~~~~~~~~~~~
benchmarks is a Catch v2.13.7 host application.
Run with -? for options

Randomness seeded to: 1685746243

-------------------------------------------------------------------------------
test_noisy_fidelity_2qb_nn_estimate
-------------------------------------------------------------------------------
/home/paperspace/qrack/test/benchmarks.cpp:5763
...............................................................................

/home/paperspace/qrack/test/benchmarks.cpp:5763: FAILED:
due to unexpected exception with message:
  Cannot instantiate a QPager with greater capacity than environment variable
  QRACK_MAX_PAGING_QB.

===============================================================================
test cases: 1 | 1 failed
assertions: 1 | 1 failed

Random Seed: 1685746253 (Overridden by hardware generation!)
Device #0, Loaded binary from: /home/paperspace/.qrack/qrack_ocl_dev_NVIDIA_A100-SXM4-80GB.ir
Default platform: NVIDIA CUDA
Default device: #0, NVIDIA A100-SXM4-80GB
OpenCL device #0: NVIDIA A100-SXM4-80GB
############ Default Optimal (QUnit) ############
Filters: test_noisy_fidelity_2qb_nn_estimate
>>> 'test_noisy_fidelity_2qb_nn_estimate':
Circuit width: 54
Circuit layer depth (excluding factor of x2 for mirror validation): 10
For SDRP=1: 
Unitary fidelity: 2.81609e-10
Execution time: 2s
For SDRP=0.975: 
Unitary fidelity: 2.81608e-10
Execution time: 2s
For SDRP=0.95: 
Unitary fidelity: 4.59048e-09
Execution time: 15s
For SDRP=0.925: 
Unitary fidelity: 1.30652e-08
Execution time: 15s

~~~~~~~~~~~~~~~~~~~~~~~~~~~~~~~~~~~~~~~~~~~~~~~~~~~~~~~~~~~~~~~~~~~~~~~~~~~~~~~
benchmarks is a Catch v2.13.7 host application.
Run with -? for options

Randomness seeded to: 1685746253

-------------------------------------------------------------------------------
test_noisy_fidelity_2qb_nn_estimate
-------------------------------------------------------------------------------
/home/paperspace/qrack/test/benchmarks.cpp:5763
...............................................................................

/home/paperspace/qrack/test/benchmarks.cpp:5763: FAILED:
due to unexpected exception with message:
  Cannot instantiate a QPager with greater capacity than environment variable
  QRACK_MAX_PAGING_QB.

===============================================================================
test cases: 1 | 1 failed
assertions: 1 | 1 failed

Random Seed: 1685746290 (Overridden by hardware generation!)
Device #0, Loaded binary from: /home/paperspace/.qrack/qrack_ocl_dev_NVIDIA_A100-SXM4-80GB.ir
Default platform: NVIDIA CUDA
Default device: #0, NVIDIA A100-SXM4-80GB
OpenCL device #0: NVIDIA A100-SXM4-80GB
############ Default Optimal (QUnit) ############
Filters: test_noisy_fidelity_2qb_nn_estimate
>>> 'test_noisy_fidelity_2qb_nn_estimate':
Circuit width: 54
Circuit layer depth (excluding factor of x2 for mirror validation): 10
For SDRP=1: 
Unitary fidelity: 8.06885e-12
Execution time: 6s
For SDRP=0.975: 
Unitary fidelity: 1.5963e-11
Execution time: 6s
For SDRP=0.95: 
Unitary fidelity: 8.036e-11
Execution time: 11s
For SDRP=0.925: 
Unitary fidelity: 8.03614e-11
Execution time: 11s
For SDRP=0.9: 
Unitary fidelity: 1.72208e-10
Execution time: 12s

~~~~~~~~~~~~~~~~~~~~~~~~~~~~~~~~~~~~~~~~~~~~~~~~~~~~~~~~~~~~~~~~~~~~~~~~~~~~~~~
benchmarks is a Catch v2.13.7 host application.
Run with -? for options

Randomness seeded to: 1685746290

-------------------------------------------------------------------------------
test_noisy_fidelity_2qb_nn_estimate
-------------------------------------------------------------------------------
/home/paperspace/qrack/test/benchmarks.cpp:5763
...............................................................................

/home/paperspace/qrack/test/benchmarks.cpp:5763: FAILED:
due to unexpected exception with message:
  Cannot instantiate a QPager with greater capacity than environment variable
  QRACK_MAX_PAGING_QB.

===============================================================================
test cases: 1 | 1 failed
assertions: 1 | 1 failed

Random Seed: 1685746345 (Overridden by hardware generation!)
Device #0, Loaded binary from: /home/paperspace/.qrack/qrack_ocl_dev_NVIDIA_A100-SXM4-80GB.ir
Default platform: NVIDIA CUDA
Default device: #0, NVIDIA A100-SXM4-80GB
OpenCL device #0: NVIDIA A100-SXM4-80GB
############ Default Optimal (QUnit) ############
Filters: test_noisy_fidelity_2qb_nn_estimate
>>> 'test_noisy_fidelity_2qb_nn_estimate':
Circuit width: 54
Circuit layer depth (excluding factor of x2 for mirror validation): 10
For SDRP=1: 
Unitary fidelity: 3.91169e-08
Execution time: 0s
For SDRP=0.975: 
Unitary fidelity: 3.91173e-08
Execution time: 0s
For SDRP=0.95: 
Unitary fidelity: 3.91172e-08
Execution time: 0s
For SDRP=0.925: 
Unitary fidelity: 3.91171e-08
Execution time: 0s
For SDRP=0.9: 
Unitary fidelity: 3.9117e-08
Execution time: 0s
For SDRP=0.875: 
Unitary fidelity: 8.17014e-08
Execution time: 0s
For SDRP=0.85: 
Unitary fidelity: 1.60753e-07
Execution time: 21s
For SDRP=0.825: 
Unitary fidelity: 6.32088e-07
Execution time: 0s

~~~~~~~~~~~~~~~~~~~~~~~~~~~~~~~~~~~~~~~~~~~~~~~~~~~~~~~~~~~~~~~~~~~~~~~~~~~~~~~
benchmarks is a Catch v2.13.7 host application.
Run with -? for options

Randomness seeded to: 1685746345

-------------------------------------------------------------------------------
test_noisy_fidelity_2qb_nn_estimate
-------------------------------------------------------------------------------
/home/paperspace/qrack/test/benchmarks.cpp:5763
...............................................................................

/home/paperspace/qrack/test/benchmarks.cpp:5763: FAILED:
due to unexpected exception with message:
  Cannot instantiate a QPager with greater capacity than environment variable
  QRACK_MAX_PAGING_QB.

===============================================================================
test cases: 1 | 1 failed
assertions: 1 | 1 failed

Random Seed: 1685746409 (Overridden by hardware generation!)
Device #0, Loaded binary from: /home/paperspace/.qrack/qrack_ocl_dev_NVIDIA_A100-SXM4-80GB.ir
Default platform: NVIDIA CUDA
Default device: #0, NVIDIA A100-SXM4-80GB
OpenCL device #0: NVIDIA A100-SXM4-80GB
############ Default Optimal (QUnit) ############
Filters: test_noisy_fidelity_2qb_nn_estimate
>>> 'test_noisy_fidelity_2qb_nn_estimate':
Circuit width: 54
Circuit layer depth (excluding factor of x2 for mirror validation): 10
For SDRP=1: 
Unitary fidelity: 9.85548e-11
Execution time: 13s
For SDRP=0.975: 
Unitary fidelity: 9.8555e-11
Execution time: 15s
For SDRP=0.95: 
Unitary fidelity: 2.97159e-10
Execution time: 9s

~~~~~~~~~~~~~~~~~~~~~~~~~~~~~~~~~~~~~~~~~~~~~~~~~~~~~~~~~~~~~~~~~~~~~~~~~~~~~~~
benchmarks is a Catch v2.13.7 host application.
Run with -? for options

Randomness seeded to: 1685746409

-------------------------------------------------------------------------------
test_noisy_fidelity_2qb_nn_estimate
-------------------------------------------------------------------------------
/home/paperspace/qrack/test/benchmarks.cpp:5763
...............................................................................

/home/paperspace/qrack/test/benchmarks.cpp:5763: FAILED:
due to unexpected exception with message:
  Cannot instantiate a QPager with greater capacity than environment variable
  QRACK_MAX_PAGING_QB.

===============================================================================
test cases: 1 | 1 failed
assertions: 1 | 1 failed

Random Seed: 1685746469 (Overridden by hardware generation!)
Device #0, Loaded binary from: /home/paperspace/.qrack/qrack_ocl_dev_NVIDIA_A100-SXM4-80GB.ir
Default platform: NVIDIA CUDA
Default device: #0, NVIDIA A100-SXM4-80GB
OpenCL device #0: NVIDIA A100-SXM4-80GB
############ Default Optimal (QUnit) ############
Filters: test_noisy_fidelity_2qb_nn_estimate
>>> 'test_noisy_fidelity_2qb_nn_estimate':
Circuit width: 54
Circuit layer depth (excluding factor of x2 for mirror validation): 10
For SDRP=1: 
Unitary fidelity: 4.19729e-10
Execution time: 0s
For SDRP=0.975: 
Unitary fidelity: 2.11219e-09
Execution time: 0s
For SDRP=0.95: 
Unitary fidelity: 2.1122e-09
Execution time: 0s
For SDRP=0.925: 
Unitary fidelity: 1.69481e-09
Execution time: 0s
For SDRP=0.9: 
Unitary fidelity: 5.45034e-09
Execution time: 0s
For SDRP=0.875: 
Unitary fidelity: 9.30251e-09
Execution time: 1s
For SDRP=0.85: 
Unitary fidelity: 7.57401e-09
Execution time: 15s

~~~~~~~~~~~~~~~~~~~~~~~~~~~~~~~~~~~~~~~~~~~~~~~~~~~~~~~~~~~~~~~~~~~~~~~~~~~~~~~
benchmarks is a Catch v2.13.7 host application.
Run with -? for options

Randomness seeded to: 1685746469

-------------------------------------------------------------------------------
test_noisy_fidelity_2qb_nn_estimate
-------------------------------------------------------------------------------
/home/paperspace/qrack/test/benchmarks.cpp:5763
...............................................................................

/home/paperspace/qrack/test/benchmarks.cpp:5763: FAILED:
due to unexpected exception with message:
  Cannot instantiate a QPager with greater capacity than environment variable
  QRACK_MAX_PAGING_QB.

===============================================================================
test cases: 1 | 1 failed
assertions: 1 | 1 failed

Random Seed: 1685746488 (Overridden by hardware generation!)
Device #0, Loaded binary from: /home/paperspace/.qrack/qrack_ocl_dev_NVIDIA_A100-SXM4-80GB.ir
Default platform: NVIDIA CUDA
Default device: #0, NVIDIA A100-SXM4-80GB
OpenCL device #0: NVIDIA A100-SXM4-80GB
############ Default Optimal (QUnit) ############
Filters: test_noisy_fidelity_2qb_nn_estimate
>>> 'test_noisy_fidelity_2qb_nn_estimate':
Circuit width: 54
Circuit layer depth (excluding factor of x2 for mirror validation): 10
For SDRP=1: 
Unitary fidelity: 6.57667e-09
Execution time: 0s
For SDRP=0.975: 
Unitary fidelity: 6.57665e-09
Execution time: 0s
For SDRP=0.95: 
Unitary fidelity: 6.57667e-09
Execution time: 0s
For SDRP=0.925: 
Unitary fidelity: 4.66943e-09
Execution time: 0s
For SDRP=0.9: 
Unitary fidelity: 1.61897e-08
Execution time: 0s
For SDRP=0.875: 
Unitary fidelity: 8.71979e-09
Execution time: 1s

~~~~~~~~~~~~~~~~~~~~~~~~~~~~~~~~~~~~~~~~~~~~~~~~~~~~~~~~~~~~~~~~~~~~~~~~~~~~~~~
benchmarks is a Catch v2.13.7 host application.
Run with -? for options

Randomness seeded to: 1685746488

-------------------------------------------------------------------------------
test_noisy_fidelity_2qb_nn_estimate
-------------------------------------------------------------------------------
/home/paperspace/qrack/test/benchmarks.cpp:5763
...............................................................................

/home/paperspace/qrack/test/benchmarks.cpp:5763: FAILED:
due to unexpected exception with message:
  Cannot instantiate a QPager with greater capacity than environment variable
  QRACK_MAX_PAGING_QB.

===============================================================================
test cases: 1 | 1 failed
assertions: 1 | 1 failed

Random Seed: 1685746505 (Overridden by hardware generation!)
Device #0, Loaded binary from: /home/paperspace/.qrack/qrack_ocl_dev_NVIDIA_A100-SXM4-80GB.ir
Default platform: NVIDIA CUDA
Default device: #0, NVIDIA A100-SXM4-80GB
OpenCL device #0: NVIDIA A100-SXM4-80GB
############ Default Optimal (QUnit) ############
Filters: test_noisy_fidelity_2qb_nn_estimate
>>> 'test_noisy_fidelity_2qb_nn_estimate':
Circuit width: 54
Circuit layer depth (excluding factor of x2 for mirror validation): 10
For SDRP=1: 
Unitary fidelity: 2.56126e-09
Execution time: 1s
For SDRP=0.975: 
Unitary fidelity: 3.32367e-09
Execution time: 1s
For SDRP=0.95: 
Unitary fidelity: 8.34781e-09
Execution time: 3s
For SDRP=0.925: 
Unitary fidelity: 2.05715e-08
Execution time: 2s
For SDRP=0.9: 
Unitary fidelity: 2.05717e-08
Execution time: 3s
For SDRP=0.875: 
Unitary fidelity: 1.1218e-07
Execution time: 2s
For SDRP=0.85: 
Unitary fidelity: 1.73953e-07
Execution time: 3s
For SDRP=0.825: 
Unitary fidelity: 4.59834e-07
Execution time: 7s
For SDRP=0.8: 
Unitary fidelity: 5.66301e-07
Execution time: 7s
For SDRP=0.775: 
Unitary fidelity: 6.06975e-07
Execution time: 9s
For SDRP=0.75: 
Unitary fidelity: 2.19305e-06
Execution time: 11s

~~~~~~~~~~~~~~~~~~~~~~~~~~~~~~~~~~~~~~~~~~~~~~~~~~~~~~~~~~~~~~~~~~~~~~~~~~~~~~~
benchmarks is a Catch v2.13.7 host application.
Run with -? for options

Randomness seeded to: 1685746505

-------------------------------------------------------------------------------
test_noisy_fidelity_2qb_nn_estimate
-------------------------------------------------------------------------------
/home/paperspace/qrack/test/benchmarks.cpp:5763
...............................................................................

/home/paperspace/qrack/test/benchmarks.cpp:5763: FAILED:
due to unexpected exception with message:
  VRAM limits exceeded in QEngineOCL::AddAlloc()

===============================================================================
test cases: 1 | 1 failed
assertions: 1 | 1 failed

Random Seed: 1685746567 (Overridden by hardware generation!)
Device #0, Loaded binary from: /home/paperspace/.qrack/qrack_ocl_dev_NVIDIA_A100-SXM4-80GB.ir
Default platform: NVIDIA CUDA
Default device: #0, NVIDIA A100-SXM4-80GB
OpenCL device #0: NVIDIA A100-SXM4-80GB
############ Default Optimal (QUnit) ############
Filters: test_noisy_fidelity_2qb_nn_estimate
>>> 'test_noisy_fidelity_2qb_nn_estimate':
Circuit width: 54
Circuit layer depth (excluding factor of x2 for mirror validation): 10
For SDRP=1: 
Unitary fidelity: 9.14718e-09
Execution time: 0s
For SDRP=0.975: 
Unitary fidelity: 9.14721e-09
Execution time: 0s
For SDRP=0.95: 
Unitary fidelity: 9.1475e-09
Execution time: 0s
For SDRP=0.925: 
Unitary fidelity: 9.75659e-09
Execution time: 0s
For SDRP=0.9: 
Unitary fidelity: 1.46872e-08
Execution time: 0s
For SDRP=0.875: 
Unitary fidelity: 6.48689e-09
Execution time: 0s
For SDRP=0.85: 
Unitary fidelity: 2.05063e-08
Execution time: 0s
For SDRP=0.825: 
Unitary fidelity: 2.05063e-08
Execution time: 0s
For SDRP=0.8: 
Unitary fidelity: 2.87561e-08
Execution time: 0s
For SDRP=0.775: 
Unitary fidelity: 2.8756e-08
Execution time: 0s
For SDRP=0.75: 
Unitary fidelity: 9.93042e-07
Execution time: 0s
For SDRP=0.725: 
Unitary fidelity: 3.54202e-06
Execution time: 2s
For SDRP=0.7: 
Unitary fidelity: 3.10438e-06
Execution time: 1s
For SDRP=0.675: 
Unitary fidelity: 3.10439e-06
Execution time: 1s

~~~~~~~~~~~~~~~~~~~~~~~~~~~~~~~~~~~~~~~~~~~~~~~~~~~~~~~~~~~~~~~~~~~~~~~~~~~~~~~
benchmarks is a Catch v2.13.7 host application.
Run with -? for options

Randomness seeded to: 1685746567

-------------------------------------------------------------------------------
test_noisy_fidelity_2qb_nn_estimate
-------------------------------------------------------------------------------
/home/paperspace/qrack/test/benchmarks.cpp:5763
...............................................................................

/home/paperspace/qrack/test/benchmarks.cpp:5763: FAILED:
due to unexpected exception with message:
  Cannot instantiate a QPager with greater capacity than environment variable
  QRACK_MAX_PAGING_QB.

===============================================================================
test cases: 1 | 1 failed
assertions: 1 | 1 failed

Random Seed: 1685746593 (Overridden by hardware generation!)
Device #0, Loaded binary from: /home/paperspace/.qrack/qrack_ocl_dev_NVIDIA_A100-SXM4-80GB.ir
Default platform: NVIDIA CUDA
Default device: #0, NVIDIA A100-SXM4-80GB
OpenCL device #0: NVIDIA A100-SXM4-80GB
############ Default Optimal (QUnit) ############
Filters: test_noisy_fidelity_2qb_nn_estimate
>>> 'test_noisy_fidelity_2qb_nn_estimate':
Circuit width: 54
Circuit layer depth (excluding factor of x2 for mirror validation): 10
For SDRP=1: 
Unitary fidelity: 4.13033e-09
Execution time: 0s
For SDRP=0.975: 
Unitary fidelity: 1.67324e-08
Execution time: 0s
For SDRP=0.95: 
Unitary fidelity: 1.6732e-08
Execution time: 0s
For SDRP=0.925: 
Unitary fidelity: 6.91166e-09
Execution time: 0s
For SDRP=0.9: 
Unitary fidelity: 2.80617e-08
Execution time: 0s
For SDRP=0.875: 
Unitary fidelity: 6.55643e-08
Execution time: 0s
For SDRP=0.85: 
Unitary fidelity: 6.85281e-08
Execution time: 0s
For SDRP=0.825: 
Unitary fidelity: 1.62022e-07
Execution time: 1s
For SDRP=0.8: 
Unitary fidelity: 9.96552e-07
Execution time: 3s
For SDRP=0.775: 
Unitary fidelity: 9.96548e-07
Execution time: 3s
For SDRP=0.75: 
Unitary fidelity: 1.99557e-06
Execution time: 4s
For SDRP=0.725: 
Unitary fidelity: 8.5934e-06
Execution time: 12s

~~~~~~~~~~~~~~~~~~~~~~~~~~~~~~~~~~~~~~~~~~~~~~~~~~~~~~~~~~~~~~~~~~~~~~~~~~~~~~~
benchmarks is a Catch v2.13.7 host application.
Run with -? for options

Randomness seeded to: 1685746593

-------------------------------------------------------------------------------
test_noisy_fidelity_2qb_nn_estimate
-------------------------------------------------------------------------------
/home/paperspace/qrack/test/benchmarks.cpp:5763
...............................................................................

/home/paperspace/qrack/test/benchmarks.cpp:5763: FAILED:
due to unexpected exception with message:
  Cannot instantiate a QPager with greater capacity than environment variable
  QRACK_MAX_PAGING_QB.

===============================================================================
test cases: 1 | 1 failed
assertions: 1 | 1 failed

Random Seed: 1685746633 (Overridden by hardware generation!)
Device #0, Loaded binary from: /home/paperspace/.qrack/qrack_ocl_dev_NVIDIA_A100-SXM4-80GB.ir
Default platform: NVIDIA CUDA
Default device: #0, NVIDIA A100-SXM4-80GB
OpenCL device #0: NVIDIA A100-SXM4-80GB
############ Default Optimal (QUnit) ############
Filters: test_noisy_fidelity_2qb_nn_estimate
>>> 'test_noisy_fidelity_2qb_nn_estimate':
Circuit width: 54
Circuit layer depth (excluding factor of x2 for mirror validation): 10
For SDRP=1: 
Unitary fidelity: 8.29977e-11
Execution time: 0s
For SDRP=0.975: 
Unitary fidelity: 6.43984e-11
Execution time: 0s
For SDRP=0.95: 
Unitary fidelity: 6.43986e-11
Execution time: 0s
For SDRP=0.925: 
Unitary fidelity: 4.25726e-10
Execution time: 0s
For SDRP=0.9: 
Unitary fidelity: 2.2686e-09
Execution time: 0s
For SDRP=0.875: 
Unitary fidelity: 4.77281e-09
Execution time: 0s
For SDRP=0.85: 
Unitary fidelity: 2.71995e-08
Execution time: 0s
For SDRP=0.825: 
Unitary fidelity: 1.8127e-07
Execution time: 0s
For SDRP=0.8: 
Unitary fidelity: 1.81271e-07
Execution time: 0s
For SDRP=0.775: 
Unitary fidelity: 6.84778e-07
Execution time: 2s
For SDRP=0.75: 
Unitary fidelity: 5.68885e-06
Execution time: 2s
For SDRP=0.725: 
Unitary fidelity: 2.66055e-06
Execution time: 17s
For SDRP=0.7: 
Unitary fidelity: 2.14603e-06
Execution time: 14s

~~~~~~~~~~~~~~~~~~~~~~~~~~~~~~~~~~~~~~~~~~~~~~~~~~~~~~~~~~~~~~~~~~~~~~~~~~~~~~~
benchmarks is a Catch v2.13.7 host application.
Run with -? for options

Randomness seeded to: 1685746633

-------------------------------------------------------------------------------
test_noisy_fidelity_2qb_nn_estimate
-------------------------------------------------------------------------------
/home/paperspace/qrack/test/benchmarks.cpp:5763
...............................................................................

/home/paperspace/qrack/test/benchmarks.cpp:5763: FAILED:
due to unexpected exception with message:
  Cannot instantiate a QPager with greater capacity than environment variable
  QRACK_MAX_PAGING_QB.

===============================================================================
test cases: 1 | 1 failed
assertions: 1 | 1 failed

Random Seed: 1685746722 (Overridden by hardware generation!)
Device #0, Loaded binary from: /home/paperspace/.qrack/qrack_ocl_dev_NVIDIA_A100-SXM4-80GB.ir
Default platform: NVIDIA CUDA
Default device: #0, NVIDIA A100-SXM4-80GB
OpenCL device #0: NVIDIA A100-SXM4-80GB
############ Default Optimal (QUnit) ############
Filters: test_noisy_fidelity_2qb_nn_estimate
>>> 'test_noisy_fidelity_2qb_nn_estimate':
Circuit width: 54
Circuit layer depth (excluding factor of x2 for mirror validation): 10
For SDRP=1: 
Unitary fidelity: 3.72474e-10
Execution time: 0s
For SDRP=0.975: 
Unitary fidelity: 5.14091e-10
Execution time: 0s
For SDRP=0.95: 
Unitary fidelity: 5.14088e-10
Execution time: 0s
For SDRP=0.925: 
Unitary fidelity: 1.20503e-09
Execution time: 0s
For SDRP=0.9: 
Unitary fidelity: 1.38333e-09
Execution time: 0s
For SDRP=0.875: 
Unitary fidelity: 7.57522e-09
Execution time: 0s
For SDRP=0.85: 
Unitary fidelity: 9.29532e-09
Execution time: 1s

~~~~~~~~~~~~~~~~~~~~~~~~~~~~~~~~~~~~~~~~~~~~~~~~~~~~~~~~~~~~~~~~~~~~~~~~~~~~~~~
benchmarks is a Catch v2.13.7 host application.
Run with -? for options

Randomness seeded to: 1685746722

-------------------------------------------------------------------------------
test_noisy_fidelity_2qb_nn_estimate
-------------------------------------------------------------------------------
/home/paperspace/qrack/test/benchmarks.cpp:5763
...............................................................................

/home/paperspace/qrack/test/benchmarks.cpp:5763: FAILED:
due to unexpected exception with message:
  Cannot instantiate a QPager with greater capacity than environment variable
  QRACK_MAX_PAGING_QB.

===============================================================================
test cases: 1 | 1 failed
assertions: 1 | 1 failed

Random Seed: 1685746728 (Overridden by hardware generation!)
Device #0, Loaded binary from: /home/paperspace/.qrack/qrack_ocl_dev_NVIDIA_A100-SXM4-80GB.ir
Default platform: NVIDIA CUDA
Default device: #0, NVIDIA A100-SXM4-80GB
OpenCL device #0: NVIDIA A100-SXM4-80GB
############ Default Optimal (QUnit) ############
Filters: test_noisy_fidelity_2qb_nn_estimate
>>> 'test_noisy_fidelity_2qb_nn_estimate':
Circuit width: 54
Circuit layer depth (excluding factor of x2 for mirror validation): 10
For SDRP=1: 
Unitary fidelity: 2.25761e-09
Execution time: 15s
For SDRP=0.975: 
Unitary fidelity: 1.37724e-08
Execution time: 17s

~~~~~~~~~~~~~~~~~~~~~~~~~~~~~~~~~~~~~~~~~~~~~~~~~~~~~~~~~~~~~~~~~~~~~~~~~~~~~~~
benchmarks is a Catch v2.13.7 host application.
Run with -? for options

Randomness seeded to: 1685746728

-------------------------------------------------------------------------------
test_noisy_fidelity_2qb_nn_estimate
-------------------------------------------------------------------------------
/home/paperspace/qrack/test/benchmarks.cpp:5763
...............................................................................

/home/paperspace/qrack/test/benchmarks.cpp:5763: FAILED:
due to unexpected exception with message:
  Cannot instantiate a QPager with greater capacity than environment variable
  QRACK_MAX_PAGING_QB.

===============================================================================
test cases: 1 | 1 failed
assertions: 1 | 1 failed

Random Seed: 1685746771 (Overridden by hardware generation!)
Device #0, Loaded binary from: /home/paperspace/.qrack/qrack_ocl_dev_NVIDIA_A100-SXM4-80GB.ir
Default platform: NVIDIA CUDA
Default device: #0, NVIDIA A100-SXM4-80GB
OpenCL device #0: NVIDIA A100-SXM4-80GB
############ Default Optimal (QUnit) ############
Filters: test_noisy_fidelity_2qb_nn_estimate
>>> 'test_noisy_fidelity_2qb_nn_estimate':
Circuit width: 54
Circuit layer depth (excluding factor of x2 for mirror validation): 10
For SDRP=1: 
Unitary fidelity: 2.32189e-11
Execution time: 0s
For SDRP=0.975: 
Unitary fidelity: 6.06318e-11
Execution time: 0s
For SDRP=0.95: 
Unitary fidelity: 1.19514e-10
Execution time: 0s
For SDRP=0.925: 
Unitary fidelity: 2.10555e-09
Execution time: 0s
For SDRP=0.9: 
Unitary fidelity: 2.51497e-09
Execution time: 8s

~~~~~~~~~~~~~~~~~~~~~~~~~~~~~~~~~~~~~~~~~~~~~~~~~~~~~~~~~~~~~~~~~~~~~~~~~~~~~~~
benchmarks is a Catch v2.13.7 host application.
Run with -? for options

Randomness seeded to: 1685746771

-------------------------------------------------------------------------------
test_noisy_fidelity_2qb_nn_estimate
-------------------------------------------------------------------------------
/home/paperspace/qrack/test/benchmarks.cpp:5763
...............................................................................

/home/paperspace/qrack/test/benchmarks.cpp:5763: FAILED:
due to unexpected exception with message:
  VRAM limits exceeded in QEngineOCL::AddAlloc()

===============================================================================
test cases: 1 | 1 failed
assertions: 1 | 1 failed

Random Seed: 1685746783 (Overridden by hardware generation!)
Device #0, Loaded binary from: /home/paperspace/.qrack/qrack_ocl_dev_NVIDIA_A100-SXM4-80GB.ir
Default platform: NVIDIA CUDA
Default device: #0, NVIDIA A100-SXM4-80GB
OpenCL device #0: NVIDIA A100-SXM4-80GB
############ Default Optimal (QUnit) ############
Filters: test_noisy_fidelity_2qb_nn_estimate
>>> 'test_noisy_fidelity_2qb_nn_estimate':
Circuit width: 54
Circuit layer depth (excluding factor of x2 for mirror validation): 10
For SDRP=1: 
Unitary fidelity: 1.51659e-08
Execution time: 0s
For SDRP=0.975: 
Unitary fidelity: 1.5166e-08
Execution time: 0s
For SDRP=0.95: 
Unitary fidelity: 1.5166e-08
Execution time: 0s
For SDRP=0.925: 
Unitary fidelity: 1.38726e-08
Execution time: 0s
For SDRP=0.9: 
Unitary fidelity: 1.38726e-08
Execution time: 0s
For SDRP=0.875: 
Unitary fidelity: 2.37882e-08
Execution time: 0s
For SDRP=0.85: 
Unitary fidelity: 4.1455e-08
Execution time: 0s
For SDRP=0.825: 
Unitary fidelity: 1.01408e-07
Execution time: 0s
For SDRP=0.8: 
Unitary fidelity: 3.40791e-07
Execution time: 18s
For SDRP=0.775: 
Unitary fidelity: 5.57019e-06
Execution time: 2s
For SDRP=0.75: 
Unitary fidelity: 7.34467e-06
Execution time: 7s
For SDRP=0.725: 
Unitary fidelity: 8.83883e-06
Execution time: 7s
For SDRP=0.7: 
Unitary fidelity: 1.44299e-05
Execution time: 16s

~~~~~~~~~~~~~~~~~~~~~~~~~~~~~~~~~~~~~~~~~~~~~~~~~~~~~~~~~~~~~~~~~~~~~~~~~~~~~~~
benchmarks is a Catch v2.13.7 host application.
Run with -? for options

Randomness seeded to: 1685746783

-------------------------------------------------------------------------------
test_noisy_fidelity_2qb_nn_estimate
-------------------------------------------------------------------------------
/home/paperspace/qrack/test/benchmarks.cpp:5763
...............................................................................

/home/paperspace/qrack/test/benchmarks.cpp:5763: FAILED:
due to unexpected exception with message:
  Cannot instantiate a QPager with greater capacity than environment variable
  QRACK_MAX_PAGING_QB.

===============================================================================
test cases: 1 | 1 failed
assertions: 1 | 1 failed

Random Seed: 1685746843 (Overridden by hardware generation!)
Device #0, Loaded binary from: /home/paperspace/.qrack/qrack_ocl_dev_NVIDIA_A100-SXM4-80GB.ir
Default platform: NVIDIA CUDA
Default device: #0, NVIDIA A100-SXM4-80GB
OpenCL device #0: NVIDIA A100-SXM4-80GB
############ Default Optimal (QUnit) ############
Filters: test_noisy_fidelity_2qb_nn_estimate
>>> 'test_noisy_fidelity_2qb_nn_estimate':
Circuit width: 54
Circuit layer depth (excluding factor of x2 for mirror validation): 10
For SDRP=1: 
Unitary fidelity: 8.22393e-08
Execution time: 0s
For SDRP=0.975: 
Unitary fidelity: 8.22396e-08
Execution time: 0s
For SDRP=0.95: 
Unitary fidelity: 8.22394e-08
Execution time: 0s
For SDRP=0.925: 
Unitary fidelity: 7.24242e-08
Execution time: 0s
For SDRP=0.9: 
Unitary fidelity: 2.5972e-07
Execution time: 0s
For SDRP=0.875: 
Unitary fidelity: 3.82231e-07
Execution time: 0s

~~~~~~~~~~~~~~~~~~~~~~~~~~~~~~~~~~~~~~~~~~~~~~~~~~~~~~~~~~~~~~~~~~~~~~~~~~~~~~~
benchmarks is a Catch v2.13.7 host application.
Run with -? for options

Randomness seeded to: 1685746843

-------------------------------------------------------------------------------
test_noisy_fidelity_2qb_nn_estimate
-------------------------------------------------------------------------------
/home/paperspace/qrack/test/benchmarks.cpp:5763
...............................................................................

/home/paperspace/qrack/test/benchmarks.cpp:5763: FAILED:
due to unexpected exception with message:
  Cannot instantiate a QPager with greater capacity than environment variable
  QRACK_MAX_PAGING_QB.

===============================================================================
test cases: 1 | 1 failed
assertions: 1 | 1 failed

Random Seed: 1685746845 (Overridden by hardware generation!)
Device #0, Loaded binary from: /home/paperspace/.qrack/qrack_ocl_dev_NVIDIA_A100-SXM4-80GB.ir
Default platform: NVIDIA CUDA
Default device: #0, NVIDIA A100-SXM4-80GB
OpenCL device #0: NVIDIA A100-SXM4-80GB
############ Default Optimal (QUnit) ############
Filters: test_noisy_fidelity_2qb_nn_estimate
>>> 'test_noisy_fidelity_2qb_nn_estimate':
Circuit width: 54
Circuit layer depth (excluding factor of x2 for mirror validation): 10
For SDRP=1: 
Unitary fidelity: 9.64712e-10
Execution time: 2s
For SDRP=0.975: 
Unitary fidelity: 4.10673e-09
Execution time: 2s
For SDRP=0.95: 
Unitary fidelity: 4.10681e-09
Execution time: 2s
For SDRP=0.925: 
Unitary fidelity: 3.63125e-09
Execution time: 2s
For SDRP=0.9: 
Unitary fidelity: 9.99551e-09
Execution time: 2s
For SDRP=0.875: 
Unitary fidelity: 9.99559e-09
Execution time: 2s
For SDRP=0.85: 
Unitary fidelity: 4.51118e-09
Execution time: 1s
For SDRP=0.825: 
Unitary fidelity: 1.65527e-08
Execution time: 19s
For SDRP=0.8: 
Unitary fidelity: 5.04631e-08
Execution time: 1s
For SDRP=0.775: 
Unitary fidelity: 5.04628e-08
Execution time: 2s
For SDRP=0.75: 
Unitary fidelity: 2.6222e-07
Execution time: 23s

~~~~~~~~~~~~~~~~~~~~~~~~~~~~~~~~~~~~~~~~~~~~~~~~~~~~~~~~~~~~~~~~~~~~~~~~~~~~~~~
benchmarks is a Catch v2.13.7 host application.
Run with -? for options

Randomness seeded to: 1685746845

-------------------------------------------------------------------------------
test_noisy_fidelity_2qb_nn_estimate
-------------------------------------------------------------------------------
/home/paperspace/qrack/test/benchmarks.cpp:5763
...............................................................................

/home/paperspace/qrack/test/benchmarks.cpp:5763: FAILED:
due to unexpected exception with message:
  Cannot instantiate a QPager with greater capacity than environment variable
  QRACK_MAX_PAGING_QB.

===============================================================================
test cases: 1 | 1 failed
assertions: 1 | 1 failed

Random Seed: 1685746927 (Overridden by hardware generation!)
Device #0, Loaded binary from: /home/paperspace/.qrack/qrack_ocl_dev_NVIDIA_A100-SXM4-80GB.ir
Default platform: NVIDIA CUDA
Default device: #0, NVIDIA A100-SXM4-80GB
OpenCL device #0: NVIDIA A100-SXM4-80GB
############ Default Optimal (QUnit) ############
Filters: test_noisy_fidelity_2qb_nn_estimate
>>> 'test_noisy_fidelity_2qb_nn_estimate':
Circuit width: 54
Circuit layer depth (excluding factor of x2 for mirror validation): 10
For SDRP=1: 
Unitary fidelity: 1.13031e-09
Execution time: 2s
For SDRP=0.975: 
Unitary fidelity: 1.1303e-09
Execution time: 2s
For SDRP=0.95: 
Unitary fidelity: 8.97679e-10
Execution time: 0s
For SDRP=0.925: 
Unitary fidelity: 1.0283e-09
Execution time: 0s
For SDRP=0.9: 
Unitary fidelity: 1.18706e-09
Execution time: 0s
For SDRP=0.875: 
Unitary fidelity: 2.91033e-09
Execution time: 0s
For SDRP=0.85: 
Unitary fidelity: 5.79988e-09
Execution time: 1s

~~~~~~~~~~~~~~~~~~~~~~~~~~~~~~~~~~~~~~~~~~~~~~~~~~~~~~~~~~~~~~~~~~~~~~~~~~~~~~~
benchmarks is a Catch v2.13.7 host application.
Run with -? for options

Randomness seeded to: 1685746927

-------------------------------------------------------------------------------
test_noisy_fidelity_2qb_nn_estimate
-------------------------------------------------------------------------------
/home/paperspace/qrack/test/benchmarks.cpp:5763
...............................................................................

/home/paperspace/qrack/test/benchmarks.cpp:5763: FAILED:
due to unexpected exception with message:
  Cannot instantiate a QPager with greater capacity than environment variable
  QRACK_MAX_PAGING_QB.

===============================================================================
test cases: 1 | 1 failed
assertions: 1 | 1 failed

Random Seed: 1685746935 (Overridden by hardware generation!)
Device #0, Loaded binary from: /home/paperspace/.qrack/qrack_ocl_dev_NVIDIA_A100-SXM4-80GB.ir
Default platform: NVIDIA CUDA
Default device: #0, NVIDIA A100-SXM4-80GB
OpenCL device #0: NVIDIA A100-SXM4-80GB
############ Default Optimal (QUnit) ############
Filters: test_noisy_fidelity_2qb_nn_estimate
>>> 'test_noisy_fidelity_2qb_nn_estimate':
Circuit width: 54
Circuit layer depth (excluding factor of x2 for mirror validation): 10
For SDRP=1: 
Unitary fidelity: 3.95765e-09
Execution time: 5s
For SDRP=0.975: 
Unitary fidelity: 3.95741e-09
Execution time: 7s
For SDRP=0.95: 
Unitary fidelity: 7.31684e-09
Execution time: 6s
For SDRP=0.925: 
Unitary fidelity: 7.31695e-09
Execution time: 6s
For SDRP=0.9: 
Unitary fidelity: 1.93296e-08
Execution time: 6s

~~~~~~~~~~~~~~~~~~~~~~~~~~~~~~~~~~~~~~~~~~~~~~~~~~~~~~~~~~~~~~~~~~~~~~~~~~~~~~~
benchmarks is a Catch v2.13.7 host application.
Run with -? for options

Randomness seeded to: 1685746935

-------------------------------------------------------------------------------
test_noisy_fidelity_2qb_nn_estimate
-------------------------------------------------------------------------------
/home/paperspace/qrack/test/benchmarks.cpp:5763
...............................................................................

/home/paperspace/qrack/test/benchmarks.cpp:5763: FAILED:
due to unexpected exception with message:
  VRAM limits exceeded in QEngineOCL::AddAlloc()

===============================================================================
test cases: 1 | 1 failed
assertions: 1 | 1 failed

Random Seed: 1685746984 (Overridden by hardware generation!)
Device #0, Loaded binary from: /home/paperspace/.qrack/qrack_ocl_dev_NVIDIA_A100-SXM4-80GB.ir
Default platform: NVIDIA CUDA
Default device: #0, NVIDIA A100-SXM4-80GB
OpenCL device #0: NVIDIA A100-SXM4-80GB
############ Default Optimal (QUnit) ############
Filters: test_noisy_fidelity_2qb_nn_estimate
>>> 'test_noisy_fidelity_2qb_nn_estimate':
Circuit width: 54
Circuit layer depth (excluding factor of x2 for mirror validation): 10
For SDRP=1: 
Unitary fidelity: 4.07024e-08
Execution time: 0s
For SDRP=0.975: 
Unitary fidelity: 4.07025e-08
Execution time: 0s
For SDRP=0.95: 
Unitary fidelity: 2.44724e-07
Execution time: 0s
For SDRP=0.925: 
Unitary fidelity: 2.44722e-07
Execution time: 0s
For SDRP=0.9: 
Unitary fidelity: 3.91867e-07
Execution time: 0s
For SDRP=0.875: 
Unitary fidelity: 3.91868e-07
Execution time: 0s
For SDRP=0.85: 
Unitary fidelity: 5.21374e-07
Execution time: 0s
For SDRP=0.825: 
Unitary fidelity: 2.48049e-06
Execution time: 1s
For SDRP=0.8: 
Unitary fidelity: 2.4805e-06
Execution time: 1s
For SDRP=0.775: 
Unitary fidelity: 2.48049e-06
Execution time: 1s

~~~~~~~~~~~~~~~~~~~~~~~~~~~~~~~~~~~~~~~~~~~~~~~~~~~~~~~~~~~~~~~~~~~~~~~~~~~~~~~
benchmarks is a Catch v2.13.7 host application.
Run with -? for options

Randomness seeded to: 1685746984

-------------------------------------------------------------------------------
test_noisy_fidelity_2qb_nn_estimate
-------------------------------------------------------------------------------
/home/paperspace/qrack/test/benchmarks.cpp:5763
...............................................................................

/home/paperspace/qrack/test/benchmarks.cpp:5763: FAILED:
due to unexpected exception with message:
  Cannot instantiate a QPager with greater capacity than environment variable
  QRACK_MAX_PAGING_QB.

===============================================================================
test cases: 1 | 1 failed
assertions: 1 | 1 failed

Random Seed: 1685746991 (Overridden by hardware generation!)
Device #0, Loaded binary from: /home/paperspace/.qrack/qrack_ocl_dev_NVIDIA_A100-SXM4-80GB.ir
Default platform: NVIDIA CUDA
Default device: #0, NVIDIA A100-SXM4-80GB
OpenCL device #0: NVIDIA A100-SXM4-80GB
############ Default Optimal (QUnit) ############
Filters: test_noisy_fidelity_2qb_nn_estimate
>>> 'test_noisy_fidelity_2qb_nn_estimate':
Circuit width: 54
Circuit layer depth (excluding factor of x2 for mirror validation): 10
For SDRP=1: 
Unitary fidelity: 8.10875e-09
Execution time: 1s
For SDRP=0.975: 
Unitary fidelity: 8.10881e-09
Execution time: 1s
For SDRP=0.95: 
Unitary fidelity: 8.10867e-09
Execution time: 1s
For SDRP=0.925: 
Unitary fidelity: 5.2255e-09
Execution time: 1s
For SDRP=0.9: 
Unitary fidelity: 2.4206e-08
Execution time: 4s

~~~~~~~~~~~~~~~~~~~~~~~~~~~~~~~~~~~~~~~~~~~~~~~~~~~~~~~~~~~~~~~~~~~~~~~~~~~~~~~
benchmarks is a Catch v2.13.7 host application.
Run with -? for options

Randomness seeded to: 1685746991

-------------------------------------------------------------------------------
test_noisy_fidelity_2qb_nn_estimate
-------------------------------------------------------------------------------
/home/paperspace/qrack/test/benchmarks.cpp:5763
...............................................................................

/home/paperspace/qrack/test/benchmarks.cpp:5763: FAILED:
due to unexpected exception with message:
  Cannot instantiate a QPager with greater capacity than environment variable
  QRACK_MAX_PAGING_QB.

===============================================================================
test cases: 1 | 1 failed
assertions: 1 | 1 failed

Random Seed: 1685747002 (Overridden by hardware generation!)
Device #0, Loaded binary from: /home/paperspace/.qrack/qrack_ocl_dev_NVIDIA_A100-SXM4-80GB.ir
Default platform: NVIDIA CUDA
Default device: #0, NVIDIA A100-SXM4-80GB
OpenCL device #0: NVIDIA A100-SXM4-80GB
############ Default Optimal (QUnit) ############
Filters: test_noisy_fidelity_2qb_nn_estimate
>>> 'test_noisy_fidelity_2qb_nn_estimate':
Circuit width: 54
Circuit layer depth (excluding factor of x2 for mirror validation): 10
For SDRP=1: 
Unitary fidelity: 1.17085e-07
Execution time: 0s
For SDRP=0.975: 
Unitary fidelity: 6.51196e-08
Execution time: 0s
For SDRP=0.95: 
Unitary fidelity: 6.51194e-08
Execution time: 0s
For SDRP=0.925: 
Unitary fidelity: 2.9728e-07
Execution time: 0s
For SDRP=0.9: 
Unitary fidelity: 4.52516e-07
Execution time: 0s
For SDRP=0.875: 
Unitary fidelity: 8.12927e-07
Execution time: 0s
For SDRP=0.85: 
Unitary fidelity: 8.58632e-07
Execution time: 0s
For SDRP=0.825: 
Unitary fidelity: 1.31561e-06
Execution time: 0s
For SDRP=0.8: 
Unitary fidelity: 5.69308e-06
Execution time: 29s
For SDRP=0.775: 
Unitary fidelity: 3.47191e-05
Execution time: 44s
For SDRP=0.75: 
Unitary fidelity: 2.55938e-06
Execution time: 9s
For SDRP=0.725: 
Unitary fidelity: 8.31269e-06
Execution time: 11s

~~~~~~~~~~~~~~~~~~~~~~~~~~~~~~~~~~~~~~~~~~~~~~~~~~~~~~~~~~~~~~~~~~~~~~~~~~~~~~~
benchmarks is a Catch v2.13.7 host application.
Run with -? for options

Randomness seeded to: 1685747002

-------------------------------------------------------------------------------
test_noisy_fidelity_2qb_nn_estimate
-------------------------------------------------------------------------------
/home/paperspace/qrack/test/benchmarks.cpp:5763
...............................................................................

/home/paperspace/qrack/test/benchmarks.cpp:5763: FAILED:
due to unexpected exception with message:
  Cannot instantiate a QPager with greater capacity than environment variable
  QRACK_MAX_PAGING_QB.

===============================================================================
test cases: 1 | 1 failed
assertions: 1 | 1 failed

Random Seed: 1685747114 (Overridden by hardware generation!)
Device #0, Loaded binary from: /home/paperspace/.qrack/qrack_ocl_dev_NVIDIA_A100-SXM4-80GB.ir
Default platform: NVIDIA CUDA
Default device: #0, NVIDIA A100-SXM4-80GB
OpenCL device #0: NVIDIA A100-SXM4-80GB
############ Default Optimal (QUnit) ############
Filters: test_noisy_fidelity_2qb_nn_estimate
>>> 'test_noisy_fidelity_2qb_nn_estimate':
Circuit width: 54
Circuit layer depth (excluding factor of x2 for mirror validation): 10
For SDRP=1: 
Unitary fidelity: 2.2532e-08
Execution time: 0s
For SDRP=0.975: 
Unitary fidelity: 2.1054e-08
Execution time: 0s
For SDRP=0.95: 
Unitary fidelity: 1.05242e-08
Execution time: 0s
For SDRP=0.925: 
Unitary fidelity: 1.10614e-08
Execution time: 0s
For SDRP=0.9: 
Unitary fidelity: 9.99542e-08
Execution time: 1s
For SDRP=0.875: 
Unitary fidelity: 2.18971e-07
Execution time: 9s
For SDRP=0.85: 
Unitary fidelity: 7.35992e-07
Execution time: 20s
For SDRP=0.825: 
Unitary fidelity: 7.58262e-07
Execution time: 16s

~~~~~~~~~~~~~~~~~~~~~~~~~~~~~~~~~~~~~~~~~~~~~~~~~~~~~~~~~~~~~~~~~~~~~~~~~~~~~~~
benchmarks is a Catch v2.13.7 host application.
Run with -? for options

Randomness seeded to: 1685747114

-------------------------------------------------------------------------------
test_noisy_fidelity_2qb_nn_estimate
-------------------------------------------------------------------------------
/home/paperspace/qrack/test/benchmarks.cpp:5763
...............................................................................

/home/paperspace/qrack/test/benchmarks.cpp:5763: FAILED:
due to unexpected exception with message:
  Cannot instantiate a QPager with greater capacity than environment variable
  QRACK_MAX_PAGING_QB.

===============================================================================
test cases: 1 | 1 failed
assertions: 1 | 1 failed

Random Seed: 1685747196 (Overridden by hardware generation!)
Device #0, Loaded binary from: /home/paperspace/.qrack/qrack_ocl_dev_NVIDIA_A100-SXM4-80GB.ir
Default platform: NVIDIA CUDA
Default device: #0, NVIDIA A100-SXM4-80GB
OpenCL device #0: NVIDIA A100-SXM4-80GB
############ Default Optimal (QUnit) ############
Filters: test_noisy_fidelity_2qb_nn_estimate
>>> 'test_noisy_fidelity_2qb_nn_estimate':
Circuit width: 54
Circuit layer depth (excluding factor of x2 for mirror validation): 10
For SDRP=1: 
Unitary fidelity: 7.16218e-09
Execution time: 0s
For SDRP=0.975: 
Unitary fidelity: 1.67384e-08
Execution time: 0s
For SDRP=0.95: 
Unitary fidelity: 2.03554e-08
Execution time: 0s
For SDRP=0.925: 
Unitary fidelity: 7.37797e-09
Execution time: 0s
For SDRP=0.9: 
Unitary fidelity: 9.661e-09
Execution time: 0s
For SDRP=0.875: 
Unitary fidelity: 1.70881e-08
Execution time: 0s
For SDRP=0.85: 
Unitary fidelity: 1.67116e-07
Execution time: 0s
For SDRP=0.825: 
Unitary fidelity: 1.67116e-07
Execution time: 0s
For SDRP=0.8: 
Unitary fidelity: 9.18139e-08
Execution time: 0s

~~~~~~~~~~~~~~~~~~~~~~~~~~~~~~~~~~~~~~~~~~~~~~~~~~~~~~~~~~~~~~~~~~~~~~~~~~~~~~~
benchmarks is a Catch v2.13.7 host application.
Run with -? for options

Randomness seeded to: 1685747196

-------------------------------------------------------------------------------
test_noisy_fidelity_2qb_nn_estimate
-------------------------------------------------------------------------------
/home/paperspace/qrack/test/benchmarks.cpp:5763
...............................................................................

/home/paperspace/qrack/test/benchmarks.cpp:5763: FAILED:
due to unexpected exception with message:
  Cannot instantiate a QPager with greater capacity than environment variable
  QRACK_MAX_PAGING_QB.

===============================================================================
test cases: 1 | 1 failed
assertions: 1 | 1 failed

