Random Seed: 1685738562 (Overridden by hardware generation!)
Device #0, Loaded binary from: /home/paperspace/.qrack/qrack_ocl_dev_NVIDIA_A100-SXM4-80GB.ir
Default platform: NVIDIA CUDA
Default device: #0, NVIDIA A100-SXM4-80GB
OpenCL device #0: NVIDIA A100-SXM4-80GB
############ Default Optimal (QUnit) ############
Filters: test_noisy_fidelity_2qb_nn_estimate
>>> 'test_noisy_fidelity_2qb_nn_estimate':
Circuit width: 54
Circuit layer depth (excluding factor of x2 for mirror validation): 9
For SDRP=1: 
Unitary fidelity: 6.29478e-09
Execution time: 0s
For SDRP=0.975: 
Unitary fidelity: 6.29466e-09
Execution time: 0s
For SDRP=0.95: 
Unitary fidelity: 1.98495e-08
Execution time: 0s
For SDRP=0.925: 
Unitary fidelity: 2.07253e-08
Execution time: 0s
For SDRP=0.9: 
Unitary fidelity: 2.07256e-08
Execution time: 0s
For SDRP=0.875: 
Unitary fidelity: 1.23076e-08
Execution time: 0s
For SDRP=0.85: 
Unitary fidelity: 1.23077e-08
Execution time: 0s
For SDRP=0.825: 
Unitary fidelity: 7.08768e-08
Execution time: 0s
For SDRP=0.8: 
Unitary fidelity: 7.08767e-08
Execution time: 0s
For SDRP=0.775: 
Unitary fidelity: 7.54619e-07
Execution time: 11s

~~~~~~~~~~~~~~~~~~~~~~~~~~~~~~~~~~~~~~~~~~~~~~~~~~~~~~~~~~~~~~~~~~~~~~~~~~~~~~~
benchmarks is a Catch v2.13.7 host application.
Run with -? for options

Randomness seeded to: 1685738562

-------------------------------------------------------------------------------
test_noisy_fidelity_2qb_nn_estimate
-------------------------------------------------------------------------------
/home/paperspace/qrack/test/benchmarks.cpp:5763
...............................................................................

/home/paperspace/qrack/test/benchmarks.cpp:5763: FAILED:
due to unexpected exception with message:
  Cannot instantiate a QPager with greater capacity than environment variable
  QRACK_MAX_PAGING_QB.

===============================================================================
test cases: 1 | 1 failed
assertions: 1 | 1 failed

Random Seed: 1685738574 (Overridden by hardware generation!)
Device #0, Loaded binary from: /home/paperspace/.qrack/qrack_ocl_dev_NVIDIA_A100-SXM4-80GB.ir
Default platform: NVIDIA CUDA
Default device: #0, NVIDIA A100-SXM4-80GB
OpenCL device #0: NVIDIA A100-SXM4-80GB
############ Default Optimal (QUnit) ############
Filters: test_noisy_fidelity_2qb_nn_estimate
>>> 'test_noisy_fidelity_2qb_nn_estimate':
Circuit width: 54
Circuit layer depth (excluding factor of x2 for mirror validation): 9

~~~~~~~~~~~~~~~~~~~~~~~~~~~~~~~~~~~~~~~~~~~~~~~~~~~~~~~~~~~~~~~~~~~~~~~~~~~~~~~
benchmarks is a Catch v2.13.7 host application.
Run with -? for options

Randomness seeded to: 1685738574

-------------------------------------------------------------------------------
test_noisy_fidelity_2qb_nn_estimate
-------------------------------------------------------------------------------
/home/paperspace/qrack/test/benchmarks.cpp:5763
...............................................................................

/home/paperspace/qrack/test/benchmarks.cpp:5763: FAILED:
due to unexpected exception with message:
  Cannot instantiate a QPager with greater capacity than environment variable
  QRACK_MAX_PAGING_QB.

===============================================================================
test cases: 1 | 1 failed
assertions: 1 | 1 failed

Random Seed: 1685738575 (Overridden by hardware generation!)
Device #0, Loaded binary from: /home/paperspace/.qrack/qrack_ocl_dev_NVIDIA_A100-SXM4-80GB.ir
Default platform: NVIDIA CUDA
Default device: #0, NVIDIA A100-SXM4-80GB
OpenCL device #0: NVIDIA A100-SXM4-80GB
############ Default Optimal (QUnit) ############
Filters: test_noisy_fidelity_2qb_nn_estimate
>>> 'test_noisy_fidelity_2qb_nn_estimate':
Circuit width: 54
Circuit layer depth (excluding factor of x2 for mirror validation): 9
For SDRP=1: 
Unitary fidelity: 3.14096e-09
Execution time: 0s
For SDRP=0.975: 
Unitary fidelity: 3.14097e-09
Execution time: 0s
For SDRP=0.95: 
Unitary fidelity: 3.5084e-09
Execution time: 0s
For SDRP=0.925: 
Unitary fidelity: 1.54296e-08
Execution time: 0s
For SDRP=0.9: 
Unitary fidelity: 1.54295e-08
Execution time: 0s
For SDRP=0.875: 
Unitary fidelity: 5.75993e-09
Execution time: 0s
For SDRP=0.85: 
Unitary fidelity: 6.00821e-09
Execution time: 0s
For SDRP=0.825: 
Unitary fidelity: 1.95008e-08
Execution time: 0s
For SDRP=0.8: 
Unitary fidelity: 6.4312e-08
Execution time: 0s
For SDRP=0.775: 
Unitary fidelity: 6.03648e-08
Execution time: 4s
For SDRP=0.75: 
Unitary fidelity: 3.08704e-07
Execution time: 27s
For SDRP=0.725: 
Unitary fidelity: 4.75212e-07
Execution time: 36s

~~~~~~~~~~~~~~~~~~~~~~~~~~~~~~~~~~~~~~~~~~~~~~~~~~~~~~~~~~~~~~~~~~~~~~~~~~~~~~~
benchmarks is a Catch v2.13.7 host application.
Run with -? for options

Randomness seeded to: 1685738575

-------------------------------------------------------------------------------
test_noisy_fidelity_2qb_nn_estimate
-------------------------------------------------------------------------------
/home/paperspace/qrack/test/benchmarks.cpp:5763
...............................................................................

/home/paperspace/qrack/test/benchmarks.cpp:5763: FAILED:
due to unexpected exception with message:
  Cannot instantiate a QPager with greater capacity than environment variable
  QRACK_MAX_PAGING_QB.

===============================================================================
test cases: 1 | 1 failed
assertions: 1 | 1 failed

Random Seed: 1685738657 (Overridden by hardware generation!)
Device #0, Loaded binary from: /home/paperspace/.qrack/qrack_ocl_dev_NVIDIA_A100-SXM4-80GB.ir
Default platform: NVIDIA CUDA
Default device: #0, NVIDIA A100-SXM4-80GB
OpenCL device #0: NVIDIA A100-SXM4-80GB
############ Default Optimal (QUnit) ############
Filters: test_noisy_fidelity_2qb_nn_estimate
>>> 'test_noisy_fidelity_2qb_nn_estimate':
Circuit width: 54
Circuit layer depth (excluding factor of x2 for mirror validation): 9
For SDRP=1: 
Unitary fidelity: 6.64249e-09
Execution time: 0s
For SDRP=0.975: 
Unitary fidelity: 7.66682e-09
Execution time: 0s
For SDRP=0.95: 
Unitary fidelity: 5.73773e-09
Execution time: 0s
For SDRP=0.925: 
Unitary fidelity: 4.37622e-08
Execution time: 0s
For SDRP=0.9: 
Unitary fidelity: 5.54335e-08
Execution time: 5s
For SDRP=0.875: 
Unitary fidelity: 8.76474e-08
Execution time: 5s
For SDRP=0.85: 
Unitary fidelity: 1.74141e-07
Execution time: 9s

~~~~~~~~~~~~~~~~~~~~~~~~~~~~~~~~~~~~~~~~~~~~~~~~~~~~~~~~~~~~~~~~~~~~~~~~~~~~~~~
benchmarks is a Catch v2.13.7 host application.
Run with -? for options

Randomness seeded to: 1685738657

-------------------------------------------------------------------------------
test_noisy_fidelity_2qb_nn_estimate
-------------------------------------------------------------------------------
/home/paperspace/qrack/test/benchmarks.cpp:5763
...............................................................................

/home/paperspace/qrack/test/benchmarks.cpp:5763: FAILED:
due to unexpected exception with message:
  Cannot instantiate a QPager with greater capacity than environment variable
  QRACK_MAX_PAGING_QB.

===============================================================================
test cases: 1 | 1 failed
assertions: 1 | 1 failed

Random Seed: 1685738693 (Overridden by hardware generation!)
Device #0, Loaded binary from: /home/paperspace/.qrack/qrack_ocl_dev_NVIDIA_A100-SXM4-80GB.ir
Default platform: NVIDIA CUDA
Default device: #0, NVIDIA A100-SXM4-80GB
OpenCL device #0: NVIDIA A100-SXM4-80GB
############ Default Optimal (QUnit) ############
Filters: test_noisy_fidelity_2qb_nn_estimate
>>> 'test_noisy_fidelity_2qb_nn_estimate':
Circuit width: 54
Circuit layer depth (excluding factor of x2 for mirror validation): 9
For SDRP=1: 
Unitary fidelity: 1.25833e-08
Execution time: 0s
For SDRP=0.975: 
Unitary fidelity: 1.25818e-08
Execution time: 0s
For SDRP=0.95: 
Unitary fidelity: 2.26337e-08
Execution time: 0s
For SDRP=0.925: 
Unitary fidelity: 7.58078e-08
Execution time: 0s
For SDRP=0.9: 
Unitary fidelity: 7.58074e-08
Execution time: 0s
For SDRP=0.875: 
Unitary fidelity: 6.99032e-07
Execution time: 0s
For SDRP=0.85: 
Unitary fidelity: 6.99028e-07
Execution time: 0s
For SDRP=0.825: 
Unitary fidelity: 6.42852e-07
Execution time: 0s
For SDRP=0.8: 
Unitary fidelity: 6.42848e-07
Execution time: 0s
For SDRP=0.775: 
Unitary fidelity: 4.06737e-06
Execution time: 0s
For SDRP=0.75: 
Unitary fidelity: 2.34244e-05
Execution time: 0s
For SDRP=0.725: 
Unitary fidelity: 2.46675e-06
Execution time: 1s
For SDRP=0.7: 
Unitary fidelity: 6.86288e-06
Execution time: 0s
For SDRP=0.675: 
Unitary fidelity: 3.30751e-05
Execution time: 3s

~~~~~~~~~~~~~~~~~~~~~~~~~~~~~~~~~~~~~~~~~~~~~~~~~~~~~~~~~~~~~~~~~~~~~~~~~~~~~~~
benchmarks is a Catch v2.13.7 host application.
Run with -? for options

Randomness seeded to: 1685738693

-------------------------------------------------------------------------------
test_noisy_fidelity_2qb_nn_estimate
-------------------------------------------------------------------------------
/home/paperspace/qrack/test/benchmarks.cpp:5763
...............................................................................

/home/paperspace/qrack/test/benchmarks.cpp:5763: FAILED:
due to unexpected exception with message:
  Cannot instantiate a QPager with greater capacity than environment variable
  QRACK_MAX_PAGING_QB.

===============================================================================
test cases: 1 | 1 failed
assertions: 1 | 1 failed

Random Seed: 1685738718 (Overridden by hardware generation!)
Device #0, Loaded binary from: /home/paperspace/.qrack/qrack_ocl_dev_NVIDIA_A100-SXM4-80GB.ir
Default platform: NVIDIA CUDA
Default device: #0, NVIDIA A100-SXM4-80GB
OpenCL device #0: NVIDIA A100-SXM4-80GB
############ Default Optimal (QUnit) ############
Filters: test_noisy_fidelity_2qb_nn_estimate
>>> 'test_noisy_fidelity_2qb_nn_estimate':
Circuit width: 54
Circuit layer depth (excluding factor of x2 for mirror validation): 9
For SDRP=1: 
Unitary fidelity: 1.34039e-07
Execution time: 0s
For SDRP=0.975: 
Unitary fidelity: 1.34039e-07
Execution time: 0s
For SDRP=0.95: 
Unitary fidelity: 1.62257e-07
Execution time: 0s
For SDRP=0.925: 
Unitary fidelity: 1.22317e-07
Execution time: 5s
For SDRP=0.9: 
Unitary fidelity: 1.50559e-07
Execution time: 8s
For SDRP=0.875: 
Unitary fidelity: 9.46709e-07
Execution time: 8s
For SDRP=0.85: 
Unitary fidelity: 9.46707e-07
Execution time: 8s

~~~~~~~~~~~~~~~~~~~~~~~~~~~~~~~~~~~~~~~~~~~~~~~~~~~~~~~~~~~~~~~~~~~~~~~~~~~~~~~
benchmarks is a Catch v2.13.7 host application.
Run with -? for options

Randomness seeded to: 1685738718

-------------------------------------------------------------------------------
test_noisy_fidelity_2qb_nn_estimate
-------------------------------------------------------------------------------
/home/paperspace/qrack/test/benchmarks.cpp:5763
...............................................................................

/home/paperspace/qrack/test/benchmarks.cpp:5763: FAILED:
due to unexpected exception with message:
  Cannot instantiate a QPager with greater capacity than environment variable
  QRACK_MAX_PAGING_QB.

===============================================================================
test cases: 1 | 1 failed
assertions: 1 | 1 failed

Random Seed: 1685738753 (Overridden by hardware generation!)
Device #0, Loaded binary from: /home/paperspace/.qrack/qrack_ocl_dev_NVIDIA_A100-SXM4-80GB.ir
Default platform: NVIDIA CUDA
Default device: #0, NVIDIA A100-SXM4-80GB
OpenCL device #0: NVIDIA A100-SXM4-80GB
############ Default Optimal (QUnit) ############
Filters: test_noisy_fidelity_2qb_nn_estimate
>>> 'test_noisy_fidelity_2qb_nn_estimate':
Circuit width: 54
Circuit layer depth (excluding factor of x2 for mirror validation): 9
For SDRP=1: 
Unitary fidelity: 1.78189e-07
Execution time: 0s
For SDRP=0.975: 
Unitary fidelity: 1.78188e-07
Execution time: 0s
For SDRP=0.95: 
Unitary fidelity: 1.7819e-07
Execution time: 0s
For SDRP=0.925: 
Unitary fidelity: 1.78189e-07
Execution time: 0s
For SDRP=0.9: 
Unitary fidelity: 1.7819e-07
Execution time: 0s
For SDRP=0.875: 
Unitary fidelity: 7.44768e-08
Execution time: 0s
For SDRP=0.85: 
Unitary fidelity: 7.44764e-08
Execution time: 0s
For SDRP=0.825: 
Unitary fidelity: 2.01e-07
Execution time: 0s
For SDRP=0.8: 
Unitary fidelity: 2.88375e-07
Execution time: 0s
For SDRP=0.775: 
Unitary fidelity: 4.79045e-07
Execution time: 0s
For SDRP=0.75: 
Unitary fidelity: 2.33467e-07
Execution time: 3s

~~~~~~~~~~~~~~~~~~~~~~~~~~~~~~~~~~~~~~~~~~~~~~~~~~~~~~~~~~~~~~~~~~~~~~~~~~~~~~~
benchmarks is a Catch v2.13.7 host application.
Run with -? for options

Randomness seeded to: 1685738753

-------------------------------------------------------------------------------
test_noisy_fidelity_2qb_nn_estimate
-------------------------------------------------------------------------------
/home/paperspace/qrack/test/benchmarks.cpp:5763
...............................................................................

/home/paperspace/qrack/test/benchmarks.cpp:5763: FAILED:
due to unexpected exception with message:
  Cannot instantiate a QPager with greater capacity than environment variable
  QRACK_MAX_PAGING_QB.

===============================================================================
test cases: 1 | 1 failed
assertions: 1 | 1 failed

Random Seed: 1685738759 (Overridden by hardware generation!)
Device #0, Loaded binary from: /home/paperspace/.qrack/qrack_ocl_dev_NVIDIA_A100-SXM4-80GB.ir
Default platform: NVIDIA CUDA
Default device: #0, NVIDIA A100-SXM4-80GB
OpenCL device #0: NVIDIA A100-SXM4-80GB
############ Default Optimal (QUnit) ############
Filters: test_noisy_fidelity_2qb_nn_estimate
>>> 'test_noisy_fidelity_2qb_nn_estimate':
Circuit width: 54
Circuit layer depth (excluding factor of x2 for mirror validation): 9
For SDRP=1: 
Unitary fidelity: 2.12612e-09
Execution time: 0s
For SDRP=0.975: 
Unitary fidelity: 2.40506e-09
Execution time: 0s
For SDRP=0.95: 
Unitary fidelity: 2.40507e-09
Execution time: 0s
For SDRP=0.925: 
Unitary fidelity: 1.62715e-09
Execution time: 0s
For SDRP=0.9: 
Unitary fidelity: 1.26135e-08
Execution time: 0s
For SDRP=0.875: 
Unitary fidelity: 1.70314e-08
Execution time: 0s
For SDRP=0.85: 
Unitary fidelity: 2.80943e-08
Execution time: 0s
For SDRP=0.825: 
Unitary fidelity: 3.50639e-08
Execution time: 0s
For SDRP=0.8: 
Unitary fidelity: 2.79358e-07
Execution time: 0s
For SDRP=0.775: 
Unitary fidelity: 3.11164e-06
Execution time: 0s
For SDRP=0.75: 
Unitary fidelity: 3.13701e-06
Execution time: 0s
For SDRP=0.725: 
Unitary fidelity: 3.137e-06
Execution time: 0s
For SDRP=0.7: 
Unitary fidelity: 2.57382e-06
Execution time: 0s
For SDRP=0.675: 
Unitary fidelity: 2.57383e-06
Execution time: 0s
For SDRP=0.65: 
Unitary fidelity: 7.47756e-05
Execution time: 0s
For SDRP=0.625: 
Unitary fidelity: 0.000508263
Execution time: 0s

~~~~~~~~~~~~~~~~~~~~~~~~~~~~~~~~~~~~~~~~~~~~~~~~~~~~~~~~~~~~~~~~~~~~~~~~~~~~~~~
benchmarks is a Catch v2.13.7 host application.
Run with -? for options

Randomness seeded to: 1685738759

-------------------------------------------------------------------------------
test_noisy_fidelity_2qb_nn_estimate
-------------------------------------------------------------------------------
/home/paperspace/qrack/test/benchmarks.cpp:5763
...............................................................................

/home/paperspace/qrack/test/benchmarks.cpp:5763: FAILED:
due to unexpected exception with message:
  Cannot instantiate a QPager with greater capacity than environment variable
  QRACK_MAX_PAGING_QB.

===============================================================================
test cases: 1 | 1 failed
assertions: 1 | 1 failed

Random Seed: 1685738778 (Overridden by hardware generation!)
Device #0, Loaded binary from: /home/paperspace/.qrack/qrack_ocl_dev_NVIDIA_A100-SXM4-80GB.ir
Default platform: NVIDIA CUDA
Default device: #0, NVIDIA A100-SXM4-80GB
OpenCL device #0: NVIDIA A100-SXM4-80GB
############ Default Optimal (QUnit) ############
Filters: test_noisy_fidelity_2qb_nn_estimate
>>> 'test_noisy_fidelity_2qb_nn_estimate':
Circuit width: 54
Circuit layer depth (excluding factor of x2 for mirror validation): 9
For SDRP=1: 
Unitary fidelity: 6.06796e-08
Execution time: 0s
For SDRP=0.975: 
Unitary fidelity: 6.06796e-08
Execution time: 0s
For SDRP=0.95: 
Unitary fidelity: 6.06798e-08
Execution time: 0s
For SDRP=0.925: 
Unitary fidelity: 6.06798e-08
Execution time: 0s
For SDRP=0.9: 
Unitary fidelity: 6.06796e-08
Execution time: 0s
For SDRP=0.875: 
Unitary fidelity: 5.21085e-08
Execution time: 0s
For SDRP=0.85: 
Unitary fidelity: 1.89998e-07
Execution time: 2s
For SDRP=0.825: 
Unitary fidelity: 5.49962e-07
Execution time: 1s
For SDRP=0.8: 
Unitary fidelity: 5.49961e-07
Execution time: 1s
For SDRP=0.775: 
Unitary fidelity: 3.98681e-07
Execution time: 12s
For SDRP=0.75: 
Unitary fidelity: 3.9868e-07
Execution time: 12s

~~~~~~~~~~~~~~~~~~~~~~~~~~~~~~~~~~~~~~~~~~~~~~~~~~~~~~~~~~~~~~~~~~~~~~~~~~~~~~~
benchmarks is a Catch v2.13.7 host application.
Run with -? for options

Randomness seeded to: 1685738778

-------------------------------------------------------------------------------
test_noisy_fidelity_2qb_nn_estimate
-------------------------------------------------------------------------------
/home/paperspace/qrack/test/benchmarks.cpp:5763
...............................................................................

/home/paperspace/qrack/test/benchmarks.cpp:5763: FAILED:
due to unexpected exception with message:
  Cannot instantiate a QPager with greater capacity than environment variable
  QRACK_MAX_PAGING_QB.

===============================================================================
test cases: 1 | 1 failed
assertions: 1 | 1 failed

Random Seed: 1685738814 (Overridden by hardware generation!)
Device #0, Loaded binary from: /home/paperspace/.qrack/qrack_ocl_dev_NVIDIA_A100-SXM4-80GB.ir
Default platform: NVIDIA CUDA
Default device: #0, NVIDIA A100-SXM4-80GB
OpenCL device #0: NVIDIA A100-SXM4-80GB
############ Default Optimal (QUnit) ############
Filters: test_noisy_fidelity_2qb_nn_estimate
>>> 'test_noisy_fidelity_2qb_nn_estimate':
Circuit width: 54
Circuit layer depth (excluding factor of x2 for mirror validation): 9
For SDRP=1: 
Unitary fidelity: 5.40207e-09
Execution time: 0s
For SDRP=0.975: 
Unitary fidelity: 5.40207e-09
Execution time: 0s
For SDRP=0.95: 
Unitary fidelity: 7.60425e-09
Execution time: 0s
For SDRP=0.925: 
Unitary fidelity: 7.60428e-09
Execution time: 0s
For SDRP=0.9: 
Unitary fidelity: 4.72997e-08
Execution time: 0s
For SDRP=0.875: 
Unitary fidelity: 5.34392e-08
Execution time: 0s
For SDRP=0.85: 
Unitary fidelity: 5.89703e-07
Execution time: 3s
For SDRP=0.825: 
Unitary fidelity: 5.89705e-07
Execution time: 3s
For SDRP=0.8: 
Unitary fidelity: 5.98325e-07
Execution time: 4s
For SDRP=0.775: 
Unitary fidelity: 1.40685e-06
Execution time: 7s

~~~~~~~~~~~~~~~~~~~~~~~~~~~~~~~~~~~~~~~~~~~~~~~~~~~~~~~~~~~~~~~~~~~~~~~~~~~~~~~
benchmarks is a Catch v2.13.7 host application.
Run with -? for options

Randomness seeded to: 1685738814

-------------------------------------------------------------------------------
test_noisy_fidelity_2qb_nn_estimate
-------------------------------------------------------------------------------
/home/paperspace/qrack/test/benchmarks.cpp:5763
...............................................................................

/home/paperspace/qrack/test/benchmarks.cpp:5763: FAILED:
due to unexpected exception with message:
  Cannot instantiate a QPager with greater capacity than environment variable
  QRACK_MAX_PAGING_QB.

===============================================================================
test cases: 1 | 1 failed
assertions: 1 | 1 failed

Random Seed: 1685738862 (Overridden by hardware generation!)
Device #0, Loaded binary from: /home/paperspace/.qrack/qrack_ocl_dev_NVIDIA_A100-SXM4-80GB.ir
Default platform: NVIDIA CUDA
Default device: #0, NVIDIA A100-SXM4-80GB
OpenCL device #0: NVIDIA A100-SXM4-80GB
############ Default Optimal (QUnit) ############
Filters: test_noisy_fidelity_2qb_nn_estimate
>>> 'test_noisy_fidelity_2qb_nn_estimate':
Circuit width: 54
Circuit layer depth (excluding factor of x2 for mirror validation): 9
For SDRP=1: 
Unitary fidelity: 7.67888e-07
Execution time: 0s
For SDRP=0.975: 
Unitary fidelity: 7.67893e-07
Execution time: 0s
For SDRP=0.95: 
Unitary fidelity: 7.67893e-07
Execution time: 0s
For SDRP=0.925: 
Unitary fidelity: 7.67889e-07
Execution time: 0s
For SDRP=0.9: 
Unitary fidelity: 7.67889e-07
Execution time: 0s
For SDRP=0.875: 
Unitary fidelity: 7.6789e-07
Execution time: 0s
For SDRP=0.85: 
Unitary fidelity: 2.78028e-06
Execution time: 0s
For SDRP=0.825: 
Unitary fidelity: 2.78026e-06
Execution time: 0s
For SDRP=0.8: 
Unitary fidelity: 2.78028e-06
Execution time: 0s
For SDRP=0.775: 
Unitary fidelity: 2.27818e-05
Execution time: 1s
For SDRP=0.75: 
Unitary fidelity: 8.16774e-05
Execution time: 1s
For SDRP=0.725: 
Unitary fidelity: 4.95652e-05
Execution time: 1s
For SDRP=0.7: 
Unitary fidelity: 0.000116371
Execution time: 7s
For SDRP=0.675: 
Unitary fidelity: 0.000309148
Execution time: 9s

~~~~~~~~~~~~~~~~~~~~~~~~~~~~~~~~~~~~~~~~~~~~~~~~~~~~~~~~~~~~~~~~~~~~~~~~~~~~~~~
benchmarks is a Catch v2.13.7 host application.
Run with -? for options

Randomness seeded to: 1685738862

-------------------------------------------------------------------------------
test_noisy_fidelity_2qb_nn_estimate
-------------------------------------------------------------------------------
/home/paperspace/qrack/test/benchmarks.cpp:5763
...............................................................................

/home/paperspace/qrack/test/benchmarks.cpp:5763: FAILED:
due to unexpected exception with message:
  Cannot instantiate a QPager with greater capacity than environment variable
  QRACK_MAX_PAGING_QB.

===============================================================================
test cases: 1 | 1 failed
assertions: 1 | 1 failed

Random Seed: 1685738913 (Overridden by hardware generation!)
Device #0, Loaded binary from: /home/paperspace/.qrack/qrack_ocl_dev_NVIDIA_A100-SXM4-80GB.ir
Default platform: NVIDIA CUDA
Default device: #0, NVIDIA A100-SXM4-80GB
OpenCL device #0: NVIDIA A100-SXM4-80GB
############ Default Optimal (QUnit) ############
Filters: test_noisy_fidelity_2qb_nn_estimate
>>> 'test_noisy_fidelity_2qb_nn_estimate':
Circuit width: 54
Circuit layer depth (excluding factor of x2 for mirror validation): 9
For SDRP=1: 
Unitary fidelity: 2.99692e-10
Execution time: 0s
For SDRP=0.975: 
Unitary fidelity: 2.20679e-09
Execution time: 0s
For SDRP=0.95: 
Unitary fidelity: 5.63296e-09
Execution time: 1s
For SDRP=0.925: 
Unitary fidelity: 1.28988e-08
Execution time: 2s
For SDRP=0.9: 
Unitary fidelity: 3.03857e-08
Execution time: 3s
For SDRP=0.875: 
Unitary fidelity: 5.63504e-08
Execution time: 3s
For SDRP=0.85: 
Unitary fidelity: 7.30534e-08
Execution time: 4s
For SDRP=0.825: 
Unitary fidelity: 5.03631e-08
Execution time: 5s
For SDRP=0.8: 
Unitary fidelity: 2.09935e-07
Execution time: 9s
For SDRP=0.775: 
Unitary fidelity: 1.18068e-07
Execution time: 6s

~~~~~~~~~~~~~~~~~~~~~~~~~~~~~~~~~~~~~~~~~~~~~~~~~~~~~~~~~~~~~~~~~~~~~~~~~~~~~~~
benchmarks is a Catch v2.13.7 host application.
Run with -? for options

Randomness seeded to: 1685738913

-------------------------------------------------------------------------------
test_noisy_fidelity_2qb_nn_estimate
-------------------------------------------------------------------------------
/home/paperspace/qrack/test/benchmarks.cpp:5763
...............................................................................

/home/paperspace/qrack/test/benchmarks.cpp:5763: FAILED:
due to unexpected exception with message:
  VRAM limits exceeded in QEngineOCL::AddAlloc()

===============================================================================
test cases: 1 | 1 failed
assertions: 1 | 1 failed

Random Seed: 1685738953 (Overridden by hardware generation!)
Device #0, Loaded binary from: /home/paperspace/.qrack/qrack_ocl_dev_NVIDIA_A100-SXM4-80GB.ir
Default platform: NVIDIA CUDA
Default device: #0, NVIDIA A100-SXM4-80GB
OpenCL device #0: NVIDIA A100-SXM4-80GB
############ Default Optimal (QUnit) ############
Filters: test_noisy_fidelity_2qb_nn_estimate
>>> 'test_noisy_fidelity_2qb_nn_estimate':
Circuit width: 54
Circuit layer depth (excluding factor of x2 for mirror validation): 9

~~~~~~~~~~~~~~~~~~~~~~~~~~~~~~~~~~~~~~~~~~~~~~~~~~~~~~~~~~~~~~~~~~~~~~~~~~~~~~~
benchmarks is a Catch v2.13.7 host application.
Run with -? for options

Randomness seeded to: 1685738953

-------------------------------------------------------------------------------
test_noisy_fidelity_2qb_nn_estimate
-------------------------------------------------------------------------------
/home/paperspace/qrack/test/benchmarks.cpp:5763
...............................................................................

/home/paperspace/qrack/test/benchmarks.cpp:5763: FAILED:
due to unexpected exception with message:
  VRAM limits exceeded in QEngineOCL::AddAlloc()

===============================================================================
test cases: 1 | 1 failed
assertions: 1 | 1 failed

Random Seed: 1685738955 (Overridden by hardware generation!)
Device #0, Loaded binary from: /home/paperspace/.qrack/qrack_ocl_dev_NVIDIA_A100-SXM4-80GB.ir
Default platform: NVIDIA CUDA
Default device: #0, NVIDIA A100-SXM4-80GB
OpenCL device #0: NVIDIA A100-SXM4-80GB
############ Default Optimal (QUnit) ############
Filters: test_noisy_fidelity_2qb_nn_estimate
>>> 'test_noisy_fidelity_2qb_nn_estimate':
Circuit width: 54
Circuit layer depth (excluding factor of x2 for mirror validation): 9
For SDRP=1: 
Unitary fidelity: 1.76543e-09
Execution time: 8s
For SDRP=0.975: 
Unitary fidelity: 1.76539e-09
Execution time: 7s

~~~~~~~~~~~~~~~~~~~~~~~~~~~~~~~~~~~~~~~~~~~~~~~~~~~~~~~~~~~~~~~~~~~~~~~~~~~~~~~
benchmarks is a Catch v2.13.7 host application.
Run with -? for options

Randomness seeded to: 1685738955

-------------------------------------------------------------------------------
test_noisy_fidelity_2qb_nn_estimate
-------------------------------------------------------------------------------
/home/paperspace/qrack/test/benchmarks.cpp:5763
...............................................................................

/home/paperspace/qrack/test/benchmarks.cpp:5763: FAILED:
due to unexpected exception with message:
  VRAM limits exceeded in QEngineOCL::AddAlloc()

===============================================================================
test cases: 1 | 1 failed
assertions: 1 | 1 failed

Random Seed: 1685738973 (Overridden by hardware generation!)
Device #0, Loaded binary from: /home/paperspace/.qrack/qrack_ocl_dev_NVIDIA_A100-SXM4-80GB.ir
Default platform: NVIDIA CUDA
Default device: #0, NVIDIA A100-SXM4-80GB
OpenCL device #0: NVIDIA A100-SXM4-80GB
############ Default Optimal (QUnit) ############
Filters: test_noisy_fidelity_2qb_nn_estimate
>>> 'test_noisy_fidelity_2qb_nn_estimate':
Circuit width: 54
Circuit layer depth (excluding factor of x2 for mirror validation): 9
For SDRP=1: 
Unitary fidelity: 1.8386e-07
Execution time: 30s
For SDRP=0.975: 
Unitary fidelity: 3.03974e-07
Execution time: 27s
For SDRP=0.95: 
Unitary fidelity: 2.5854e-07
Execution time: 27s

~~~~~~~~~~~~~~~~~~~~~~~~~~~~~~~~~~~~~~~~~~~~~~~~~~~~~~~~~~~~~~~~~~~~~~~~~~~~~~~
benchmarks is a Catch v2.13.7 host application.
Run with -? for options

Randomness seeded to: 1685738973

-------------------------------------------------------------------------------
test_noisy_fidelity_2qb_nn_estimate
-------------------------------------------------------------------------------
/home/paperspace/qrack/test/benchmarks.cpp:5763
...............................................................................

/home/paperspace/qrack/test/benchmarks.cpp:5763: FAILED:
due to unexpected exception with message:
  Cannot instantiate a QPager with greater capacity than environment variable
  QRACK_MAX_PAGING_QB.

===============================================================================
test cases: 1 | 1 failed
assertions: 1 | 1 failed

Random Seed: 1685739059 (Overridden by hardware generation!)
Device #0, Loaded binary from: /home/paperspace/.qrack/qrack_ocl_dev_NVIDIA_A100-SXM4-80GB.ir
Default platform: NVIDIA CUDA
Default device: #0, NVIDIA A100-SXM4-80GB
OpenCL device #0: NVIDIA A100-SXM4-80GB
############ Default Optimal (QUnit) ############
Filters: test_noisy_fidelity_2qb_nn_estimate
>>> 'test_noisy_fidelity_2qb_nn_estimate':
Circuit width: 54
Circuit layer depth (excluding factor of x2 for mirror validation): 9
For SDRP=1: 
Unitary fidelity: 4.9976e-10
Execution time: 1s
For SDRP=0.975: 
Unitary fidelity: 6.29402e-10
Execution time: 1s
For SDRP=0.95: 
Unitary fidelity: 6.2941e-10
Execution time: 1s
For SDRP=0.925: 
Unitary fidelity: 6.29409e-10
Execution time: 1s
For SDRP=0.9: 
Unitary fidelity: 2.39406e-09
Execution time: 5s
For SDRP=0.875: 
Unitary fidelity: 1.24356e-08
Execution time: 5s
For SDRP=0.85: 
Unitary fidelity: 3.86911e-08
Execution time: 5s
For SDRP=0.825: 
Unitary fidelity: 9.95617e-08
Execution time: 5s

~~~~~~~~~~~~~~~~~~~~~~~~~~~~~~~~~~~~~~~~~~~~~~~~~~~~~~~~~~~~~~~~~~~~~~~~~~~~~~~
benchmarks is a Catch v2.13.7 host application.
Run with -? for options

Randomness seeded to: 1685739059

-------------------------------------------------------------------------------
test_noisy_fidelity_2qb_nn_estimate
-------------------------------------------------------------------------------
/home/paperspace/qrack/test/benchmarks.cpp:5763
...............................................................................

/home/paperspace/qrack/test/benchmarks.cpp:5763: FAILED:
due to unexpected exception with message:
  VRAM limits exceeded in QEngineOCL::AddAlloc()

===============================================================================
test cases: 1 | 1 failed
assertions: 1 | 1 failed

Random Seed: 1685739090 (Overridden by hardware generation!)
Device #0, Loaded binary from: /home/paperspace/.qrack/qrack_ocl_dev_NVIDIA_A100-SXM4-80GB.ir
Default platform: NVIDIA CUDA
Default device: #0, NVIDIA A100-SXM4-80GB
OpenCL device #0: NVIDIA A100-SXM4-80GB
############ Default Optimal (QUnit) ############
Filters: test_noisy_fidelity_2qb_nn_estimate
>>> 'test_noisy_fidelity_2qb_nn_estimate':
Circuit width: 54
Circuit layer depth (excluding factor of x2 for mirror validation): 9
For SDRP=1: 
Unitary fidelity: 1.53311e-09
Execution time: 0s
For SDRP=0.975: 
Unitary fidelity: 1.53311e-09
Execution time: 0s
For SDRP=0.95: 
Unitary fidelity: 2.02389e-09
Execution time: 0s
For SDRP=0.925: 
Unitary fidelity: 6.11516e-09
Execution time: 0s
For SDRP=0.9: 
Unitary fidelity: 4.26523e-08
Execution time: 0s
For SDRP=0.875: 
Unitary fidelity: 4.26522e-08
Execution time: 0s
For SDRP=0.85: 
Unitary fidelity: 4.79804e-08
Execution time: 0s
For SDRP=0.825: 
Unitary fidelity: 4.0859e-08
Execution time: 0s
For SDRP=0.8: 
Unitary fidelity: 2.37925e-07
Execution time: 4s

~~~~~~~~~~~~~~~~~~~~~~~~~~~~~~~~~~~~~~~~~~~~~~~~~~~~~~~~~~~~~~~~~~~~~~~~~~~~~~~
benchmarks is a Catch v2.13.7 host application.
Run with -? for options

Randomness seeded to: 1685739090

-------------------------------------------------------------------------------
test_noisy_fidelity_2qb_nn_estimate
-------------------------------------------------------------------------------
/home/paperspace/qrack/test/benchmarks.cpp:5763
...............................................................................

/home/paperspace/qrack/test/benchmarks.cpp:5763: FAILED:
due to unexpected exception with message:
  Cannot instantiate a QPager with greater capacity than environment variable
  QRACK_MAX_PAGING_QB.

===============================================================================
test cases: 1 | 1 failed
assertions: 1 | 1 failed

Random Seed: 1685739099 (Overridden by hardware generation!)
Device #0, Loaded binary from: /home/paperspace/.qrack/qrack_ocl_dev_NVIDIA_A100-SXM4-80GB.ir
Default platform: NVIDIA CUDA
Default device: #0, NVIDIA A100-SXM4-80GB
OpenCL device #0: NVIDIA A100-SXM4-80GB
############ Default Optimal (QUnit) ############
Filters: test_noisy_fidelity_2qb_nn_estimate
>>> 'test_noisy_fidelity_2qb_nn_estimate':
Circuit width: 54
Circuit layer depth (excluding factor of x2 for mirror validation): 9
For SDRP=1: 
Unitary fidelity: 5.69094e-08
Execution time: 0s
For SDRP=0.975: 
Unitary fidelity: 5.69098e-08
Execution time: 0s
For SDRP=0.95: 
Unitary fidelity: 7.42482e-08
Execution time: 0s
For SDRP=0.925: 
Unitary fidelity: 7.42476e-08
Execution time: 0s
For SDRP=0.9: 
Unitary fidelity: 7.4248e-08
Execution time: 0s
For SDRP=0.875: 
Unitary fidelity: 9.66843e-08
Execution time: 0s
For SDRP=0.85: 
Unitary fidelity: 9.66843e-08
Execution time: 0s
For SDRP=0.825: 
Unitary fidelity: 1.29026e-07
Execution time: 0s
For SDRP=0.8: 
Unitary fidelity: 6.10592e-08
Execution time: 0s
For SDRP=0.775: 
Unitary fidelity: 5.62663e-08
Execution time: 0s
For SDRP=0.75: 
Unitary fidelity: 7.98016e-08
Execution time: 0s
For SDRP=0.725: 
Unitary fidelity: 1.3065e-06
Execution time: 0s

~~~~~~~~~~~~~~~~~~~~~~~~~~~~~~~~~~~~~~~~~~~~~~~~~~~~~~~~~~~~~~~~~~~~~~~~~~~~~~~
benchmarks is a Catch v2.13.7 host application.
Run with -? for options

Randomness seeded to: 1685739099

-------------------------------------------------------------------------------
test_noisy_fidelity_2qb_nn_estimate
-------------------------------------------------------------------------------
/home/paperspace/qrack/test/benchmarks.cpp:5763
...............................................................................

/home/paperspace/qrack/test/benchmarks.cpp:5763: FAILED:
due to unexpected exception with message:
  Cannot instantiate a QPager with greater capacity than environment variable
  QRACK_MAX_PAGING_QB.

===============================================================================
test cases: 1 | 1 failed
assertions: 1 | 1 failed

Random Seed: 1685739140 (Overridden by hardware generation!)
Device #0, Loaded binary from: /home/paperspace/.qrack/qrack_ocl_dev_NVIDIA_A100-SXM4-80GB.ir
Default platform: NVIDIA CUDA
Default device: #0, NVIDIA A100-SXM4-80GB
OpenCL device #0: NVIDIA A100-SXM4-80GB
############ Default Optimal (QUnit) ############
Filters: test_noisy_fidelity_2qb_nn_estimate
>>> 'test_noisy_fidelity_2qb_nn_estimate':
Circuit width: 54
Circuit layer depth (excluding factor of x2 for mirror validation): 9
For SDRP=1: 
Unitary fidelity: 1.70585e-08
Execution time: 3s
For SDRP=0.975: 
Unitary fidelity: 1.70599e-08
Execution time: 4s
For SDRP=0.95: 
Unitary fidelity: 1.70593e-08
Execution time: 3s
For SDRP=0.925: 
Unitary fidelity: 2.5924e-08
Execution time: 8s

~~~~~~~~~~~~~~~~~~~~~~~~~~~~~~~~~~~~~~~~~~~~~~~~~~~~~~~~~~~~~~~~~~~~~~~~~~~~~~~
benchmarks is a Catch v2.13.7 host application.
Run with -? for options

Randomness seeded to: 1685739140

-------------------------------------------------------------------------------
test_noisy_fidelity_2qb_nn_estimate
-------------------------------------------------------------------------------
/home/paperspace/qrack/test/benchmarks.cpp:5763
...............................................................................

/home/paperspace/qrack/test/benchmarks.cpp:5763: FAILED:
due to unexpected exception with message:
  Cannot instantiate a QPager with greater capacity than environment variable
  QRACK_MAX_PAGING_QB.

===============================================================================
test cases: 1 | 1 failed
assertions: 1 | 1 failed

Random Seed: 1685739160 (Overridden by hardware generation!)
Device #0, Loaded binary from: /home/paperspace/.qrack/qrack_ocl_dev_NVIDIA_A100-SXM4-80GB.ir
Default platform: NVIDIA CUDA
Default device: #0, NVIDIA A100-SXM4-80GB
OpenCL device #0: NVIDIA A100-SXM4-80GB
############ Default Optimal (QUnit) ############
Filters: test_noisy_fidelity_2qb_nn_estimate
>>> 'test_noisy_fidelity_2qb_nn_estimate':
Circuit width: 54
Circuit layer depth (excluding factor of x2 for mirror validation): 9
For SDRP=1: 
Unitary fidelity: 6.21216e-08
Execution time: 0s
For SDRP=0.975: 
Unitary fidelity: 6.2122e-08
Execution time: 0s
For SDRP=0.95: 
Unitary fidelity: 8.78279e-08
Execution time: 0s
For SDRP=0.925: 
Unitary fidelity: 1.39238e-07
Execution time: 0s
For SDRP=0.9: 
Unitary fidelity: 8.72718e-08
Execution time: 0s
For SDRP=0.875: 
Unitary fidelity: 1.44341e-07
Execution time: 0s
For SDRP=0.85: 
Unitary fidelity: 2.10569e-07
Execution time: 0s
For SDRP=0.825: 
Unitary fidelity: 2.15314e-05
Execution time: 42s

~~~~~~~~~~~~~~~~~~~~~~~~~~~~~~~~~~~~~~~~~~~~~~~~~~~~~~~~~~~~~~~~~~~~~~~~~~~~~~~
benchmarks is a Catch v2.13.7 host application.
Run with -? for options

Randomness seeded to: 1685739160

-------------------------------------------------------------------------------
test_noisy_fidelity_2qb_nn_estimate
-------------------------------------------------------------------------------
/home/paperspace/qrack/test/benchmarks.cpp:5763
...............................................................................

/home/paperspace/qrack/test/benchmarks.cpp:5763: FAILED:
due to unexpected exception with message:
  Cannot instantiate a QPager with greater capacity than environment variable
  QRACK_MAX_PAGING_QB.

===============================================================================
test cases: 1 | 1 failed
assertions: 1 | 1 failed

Random Seed: 1685739218 (Overridden by hardware generation!)
Device #0, Loaded binary from: /home/paperspace/.qrack/qrack_ocl_dev_NVIDIA_A100-SXM4-80GB.ir
Default platform: NVIDIA CUDA
Default device: #0, NVIDIA A100-SXM4-80GB
OpenCL device #0: NVIDIA A100-SXM4-80GB
############ Default Optimal (QUnit) ############
Filters: test_noisy_fidelity_2qb_nn_estimate
>>> 'test_noisy_fidelity_2qb_nn_estimate':
Circuit width: 54
Circuit layer depth (excluding factor of x2 for mirror validation): 9
For SDRP=1: 
Unitary fidelity: 7.33271e-09
Execution time: 0s
For SDRP=0.975: 
Unitary fidelity: 2.01416e-09
Execution time: 0s
For SDRP=0.95: 
Unitary fidelity: 5.07853e-09
Execution time: 0s
For SDRP=0.925: 
Unitary fidelity: 2.53987e-07
Execution time: 6s
For SDRP=0.9: 
Unitary fidelity: 2.53987e-07
Execution time: 7s
For SDRP=0.875: 
Unitary fidelity: 4.52933e-07
Execution time: 18s
For SDRP=0.85: 
Unitary fidelity: 1.01815e-07
Execution time: 18s

~~~~~~~~~~~~~~~~~~~~~~~~~~~~~~~~~~~~~~~~~~~~~~~~~~~~~~~~~~~~~~~~~~~~~~~~~~~~~~~
benchmarks is a Catch v2.13.7 host application.
Run with -? for options

Randomness seeded to: 1685739218

-------------------------------------------------------------------------------
test_noisy_fidelity_2qb_nn_estimate
-------------------------------------------------------------------------------
/home/paperspace/qrack/test/benchmarks.cpp:5763
...............................................................................

/home/paperspace/qrack/test/benchmarks.cpp:5763: FAILED:
due to unexpected exception with message:
  Cannot instantiate a QPager with greater capacity than environment variable
  QRACK_MAX_PAGING_QB.

===============================================================================
test cases: 1 | 1 failed
assertions: 1 | 1 failed

Random Seed: 1685739275 (Overridden by hardware generation!)
Device #0, Loaded binary from: /home/paperspace/.qrack/qrack_ocl_dev_NVIDIA_A100-SXM4-80GB.ir
Default platform: NVIDIA CUDA
Default device: #0, NVIDIA A100-SXM4-80GB
OpenCL device #0: NVIDIA A100-SXM4-80GB
############ Default Optimal (QUnit) ############
Filters: test_noisy_fidelity_2qb_nn_estimate
>>> 'test_noisy_fidelity_2qb_nn_estimate':
Circuit width: 54
Circuit layer depth (excluding factor of x2 for mirror validation): 9
For SDRP=1: 
Unitary fidelity: 3.92589e-09
Execution time: 0s
For SDRP=0.975: 
Unitary fidelity: 3.92587e-09
Execution time: 0s
For SDRP=0.95: 
Unitary fidelity: 3.92592e-09
Execution time: 0s
For SDRP=0.925: 
Unitary fidelity: 3.90168e-08
Execution time: 0s
For SDRP=0.9: 
Unitary fidelity: 3.90166e-08
Execution time: 0s
For SDRP=0.875: 
Unitary fidelity: 5.25293e-08
Execution time: 0s
For SDRP=0.85: 
Unitary fidelity: 3.01888e-08
Execution time: 0s
For SDRP=0.825: 
Unitary fidelity: 2.19873e-08
Execution time: 0s
For SDRP=0.8: 
Unitary fidelity: 3.60752e-08
Execution time: 0s
For SDRP=0.775: 
Unitary fidelity: 2.85965e-07
Execution time: 0s
For SDRP=0.75: 
Unitary fidelity: 1.31103e-07
Execution time: 0s
For SDRP=0.725: 
Unitary fidelity: 1.94173e-06
Execution time: 5s

~~~~~~~~~~~~~~~~~~~~~~~~~~~~~~~~~~~~~~~~~~~~~~~~~~~~~~~~~~~~~~~~~~~~~~~~~~~~~~~
benchmarks is a Catch v2.13.7 host application.
Run with -? for options

Randomness seeded to: 1685739275

-------------------------------------------------------------------------------
test_noisy_fidelity_2qb_nn_estimate
-------------------------------------------------------------------------------
/home/paperspace/qrack/test/benchmarks.cpp:5763
...............................................................................

/home/paperspace/qrack/test/benchmarks.cpp:5763: FAILED:
due to unexpected exception with message:
  Cannot instantiate a QPager with greater capacity than environment variable
  QRACK_MAX_PAGING_QB.

===============================================================================
test cases: 1 | 1 failed
assertions: 1 | 1 failed

Random Seed: 1685739306 (Overridden by hardware generation!)
Device #0, Loaded binary from: /home/paperspace/.qrack/qrack_ocl_dev_NVIDIA_A100-SXM4-80GB.ir
Default platform: NVIDIA CUDA
Default device: #0, NVIDIA A100-SXM4-80GB
OpenCL device #0: NVIDIA A100-SXM4-80GB
############ Default Optimal (QUnit) ############
Filters: test_noisy_fidelity_2qb_nn_estimate
>>> 'test_noisy_fidelity_2qb_nn_estimate':
Circuit width: 54
Circuit layer depth (excluding factor of x2 for mirror validation): 9
For SDRP=1: 
Unitary fidelity: 2.83786e-07
Execution time: 0s
For SDRP=0.975: 
Unitary fidelity: 4.08048e-08
Execution time: 0s
For SDRP=0.95: 
Unitary fidelity: 9.68379e-08
Execution time: 0s
For SDRP=0.925: 
Unitary fidelity: 1.29545e-07
Execution time: 0s
For SDRP=0.9: 
Unitary fidelity: 1.13378e-07
Execution time: 0s
For SDRP=0.875: 
Unitary fidelity: 8.36479e-07
Execution time: 0s
For SDRP=0.85: 
Unitary fidelity: 5.93979e-07
Execution time: 0s
For SDRP=0.825: 
Unitary fidelity: 5.93979e-07
Execution time: 0s
For SDRP=0.8: 
Unitary fidelity: 8.99312e-07
Execution time: 0s
For SDRP=0.775: 
Unitary fidelity: 1.47647e-06
Execution time: 0s

~~~~~~~~~~~~~~~~~~~~~~~~~~~~~~~~~~~~~~~~~~~~~~~~~~~~~~~~~~~~~~~~~~~~~~~~~~~~~~~
benchmarks is a Catch v2.13.7 host application.
Run with -? for options

Randomness seeded to: 1685739306

-------------------------------------------------------------------------------
test_noisy_fidelity_2qb_nn_estimate
-------------------------------------------------------------------------------
/home/paperspace/qrack/test/benchmarks.cpp:5763
...............................................................................

/home/paperspace/qrack/test/benchmarks.cpp:5763: FAILED:
due to unexpected exception with message:
  VRAM limits exceeded in QEngineOCL::AddAlloc()

===============================================================================
test cases: 1 | 1 failed
assertions: 1 | 1 failed

Random Seed: 1685739311 (Overridden by hardware generation!)
Device #0, Loaded binary from: /home/paperspace/.qrack/qrack_ocl_dev_NVIDIA_A100-SXM4-80GB.ir
Default platform: NVIDIA CUDA
Default device: #0, NVIDIA A100-SXM4-80GB
OpenCL device #0: NVIDIA A100-SXM4-80GB
############ Default Optimal (QUnit) ############
Filters: test_noisy_fidelity_2qb_nn_estimate
>>> 'test_noisy_fidelity_2qb_nn_estimate':
Circuit width: 54
Circuit layer depth (excluding factor of x2 for mirror validation): 9
For SDRP=1: 
Unitary fidelity: 3.10337e-09
Execution time: 0s
For SDRP=0.975: 
Unitary fidelity: 2.34225e-09
Execution time: 0s
For SDRP=0.95: 
Unitary fidelity: 2.94271e-09
Execution time: 0s
For SDRP=0.925: 
Unitary fidelity: 1.63321e-09
Execution time: 0s
For SDRP=0.9: 
Unitary fidelity: 2.76302e-09
Execution time: 0s
For SDRP=0.875: 
Unitary fidelity: 6.29658e-09
Execution time: 0s
For SDRP=0.85: 
Unitary fidelity: 9.68156e-09
Execution time: 5s
For SDRP=0.825: 
Unitary fidelity: 2.11196e-08
Execution time: 0s
For SDRP=0.8: 
Unitary fidelity: 1.39118e-07
Execution time: 3s

~~~~~~~~~~~~~~~~~~~~~~~~~~~~~~~~~~~~~~~~~~~~~~~~~~~~~~~~~~~~~~~~~~~~~~~~~~~~~~~
benchmarks is a Catch v2.13.7 host application.
Run with -? for options

Randomness seeded to: 1685739311

-------------------------------------------------------------------------------
test_noisy_fidelity_2qb_nn_estimate
-------------------------------------------------------------------------------
/home/paperspace/qrack/test/benchmarks.cpp:5763
...............................................................................

/home/paperspace/qrack/test/benchmarks.cpp:5763: FAILED:
due to unexpected exception with message:
  Cannot instantiate a QPager with greater capacity than environment variable
  QRACK_MAX_PAGING_QB.

===============================================================================
test cases: 1 | 1 failed
assertions: 1 | 1 failed

Random Seed: 1685739322 (Overridden by hardware generation!)
Device #0, Loaded binary from: /home/paperspace/.qrack/qrack_ocl_dev_NVIDIA_A100-SXM4-80GB.ir
Default platform: NVIDIA CUDA
Default device: #0, NVIDIA A100-SXM4-80GB
OpenCL device #0: NVIDIA A100-SXM4-80GB
############ Default Optimal (QUnit) ############
Filters: test_noisy_fidelity_2qb_nn_estimate
>>> 'test_noisy_fidelity_2qb_nn_estimate':
Circuit width: 54
Circuit layer depth (excluding factor of x2 for mirror validation): 9
For SDRP=1: 
Unitary fidelity: 1.60213e-08
Execution time: 0s
For SDRP=0.975: 
Unitary fidelity: 1.60214e-08
Execution time: 0s
For SDRP=0.95: 
Unitary fidelity: 2.78169e-08
Execution time: 0s
For SDRP=0.925: 
Unitary fidelity: 2.78172e-08
Execution time: 0s
For SDRP=0.9: 
Unitary fidelity: 1.11792e-07
Execution time: 0s
For SDRP=0.875: 
Unitary fidelity: 1.11792e-07
Execution time: 0s
For SDRP=0.85: 
Unitary fidelity: 1.11792e-07
Execution time: 0s
For SDRP=0.825: 
Unitary fidelity: 1.11792e-07
Execution time: 0s
For SDRP=0.8: 
Unitary fidelity: 5.40165e-08
Execution time: 0s
For SDRP=0.775: 
Unitary fidelity: 1.56286e-07
Execution time: 5s
For SDRP=0.75: 
Unitary fidelity: 8.26585e-07
Execution time: 6s

~~~~~~~~~~~~~~~~~~~~~~~~~~~~~~~~~~~~~~~~~~~~~~~~~~~~~~~~~~~~~~~~~~~~~~~~~~~~~~~
benchmarks is a Catch v2.13.7 host application.
Run with -? for options

Randomness seeded to: 1685739322

-------------------------------------------------------------------------------
test_noisy_fidelity_2qb_nn_estimate
-------------------------------------------------------------------------------
/home/paperspace/qrack/test/benchmarks.cpp:5763
...............................................................................

/home/paperspace/qrack/test/benchmarks.cpp:5763: FAILED:
due to unexpected exception with message:
  Cannot instantiate a QPager with greater capacity than environment variable
  QRACK_MAX_PAGING_QB.

===============================================================================
test cases: 1 | 1 failed
assertions: 1 | 1 failed

Random Seed: 1685739360 (Overridden by hardware generation!)
Device #0, Loaded binary from: /home/paperspace/.qrack/qrack_ocl_dev_NVIDIA_A100-SXM4-80GB.ir
Default platform: NVIDIA CUDA
Default device: #0, NVIDIA A100-SXM4-80GB
OpenCL device #0: NVIDIA A100-SXM4-80GB
############ Default Optimal (QUnit) ############
Filters: test_noisy_fidelity_2qb_nn_estimate
>>> 'test_noisy_fidelity_2qb_nn_estimate':
Circuit width: 54
Circuit layer depth (excluding factor of x2 for mirror validation): 9
For SDRP=1: 
Unitary fidelity: 1.34314e-09
Execution time: 2s
For SDRP=0.975: 
Unitary fidelity: 1.34314e-09
Execution time: 2s
For SDRP=0.95: 
Unitary fidelity: 3.14363e-09
Execution time: 5s
For SDRP=0.925: 
Unitary fidelity: 3.14365e-09
Execution time: 6s

~~~~~~~~~~~~~~~~~~~~~~~~~~~~~~~~~~~~~~~~~~~~~~~~~~~~~~~~~~~~~~~~~~~~~~~~~~~~~~~
benchmarks is a Catch v2.13.7 host application.
Run with -? for options

Randomness seeded to: 1685739360

-------------------------------------------------------------------------------
test_noisy_fidelity_2qb_nn_estimate
-------------------------------------------------------------------------------
/home/paperspace/qrack/test/benchmarks.cpp:5763
...............................................................................

/home/paperspace/qrack/test/benchmarks.cpp:5763: FAILED:
due to unexpected exception with message:
  VRAM limits exceeded in QEngineOCL::AddAlloc()

===============================================================================
test cases: 1 | 1 failed
assertions: 1 | 1 failed

Random Seed: 1685739379 (Overridden by hardware generation!)
Device #0, Loaded binary from: /home/paperspace/.qrack/qrack_ocl_dev_NVIDIA_A100-SXM4-80GB.ir
Default platform: NVIDIA CUDA
Default device: #0, NVIDIA A100-SXM4-80GB
OpenCL device #0: NVIDIA A100-SXM4-80GB
############ Default Optimal (QUnit) ############
Filters: test_noisy_fidelity_2qb_nn_estimate
>>> 'test_noisy_fidelity_2qb_nn_estimate':
Circuit width: 54
Circuit layer depth (excluding factor of x2 for mirror validation): 9
For SDRP=1: 
Unitary fidelity: 7.61757e-09
Execution time: 0s
For SDRP=0.975: 
Unitary fidelity: 7.61758e-09
Execution time: 0s
For SDRP=0.95: 
Unitary fidelity: 1.40513e-08
Execution time: 0s
For SDRP=0.925: 
Unitary fidelity: 5.65138e-09
Execution time: 0s
For SDRP=0.9: 
Unitary fidelity: 1.40324e-07
Execution time: 0s
For SDRP=0.875: 
Unitary fidelity: 2.13017e-07
Execution time: 0s
For SDRP=0.85: 
Unitary fidelity: 6.24953e-07
Execution time: 0s
For SDRP=0.825: 
Unitary fidelity: 4.56707e-07
Execution time: 0s
For SDRP=0.8: 
Unitary fidelity: 1.8465e-06
Execution time: 0s
For SDRP=0.775: 
Unitary fidelity: 2.95279e-06
Execution time: 31s

~~~~~~~~~~~~~~~~~~~~~~~~~~~~~~~~~~~~~~~~~~~~~~~~~~~~~~~~~~~~~~~~~~~~~~~~~~~~~~~
benchmarks is a Catch v2.13.7 host application.
Run with -? for options

Randomness seeded to: 1685739379

-------------------------------------------------------------------------------
test_noisy_fidelity_2qb_nn_estimate
-------------------------------------------------------------------------------
/home/paperspace/qrack/test/benchmarks.cpp:5763
...............................................................................

/home/paperspace/qrack/test/benchmarks.cpp:5763: FAILED:
due to unexpected exception with message:
  Cannot instantiate a QPager with greater capacity than environment variable
  QRACK_MAX_PAGING_QB.

===============================================================================
test cases: 1 | 1 failed
assertions: 1 | 1 failed

Random Seed: 1685739414 (Overridden by hardware generation!)
Device #0, Loaded binary from: /home/paperspace/.qrack/qrack_ocl_dev_NVIDIA_A100-SXM4-80GB.ir
Default platform: NVIDIA CUDA
Default device: #0, NVIDIA A100-SXM4-80GB
OpenCL device #0: NVIDIA A100-SXM4-80GB
############ Default Optimal (QUnit) ############
Filters: test_noisy_fidelity_2qb_nn_estimate
>>> 'test_noisy_fidelity_2qb_nn_estimate':
Circuit width: 54
Circuit layer depth (excluding factor of x2 for mirror validation): 9
For SDRP=1: 
Unitary fidelity: 2.16512e-08
Execution time: 0s
For SDRP=0.975: 
Unitary fidelity: 2.16516e-08
Execution time: 0s
For SDRP=0.95: 
Unitary fidelity: 1.8658e-08
Execution time: 0s
For SDRP=0.925: 
Unitary fidelity: 3.53292e-08
Execution time: 0s
For SDRP=0.9: 
Unitary fidelity: 4.82037e-08
Execution time: 0s
For SDRP=0.875: 
Unitary fidelity: 2.06773e-08
Execution time: 0s
For SDRP=0.85: 
Unitary fidelity: 3.25391e-08
Execution time: 0s
For SDRP=0.825: 
Unitary fidelity: 5.64458e-08
Execution time: 0s
For SDRP=0.8: 
Unitary fidelity: 1.2186e-07
Execution time: 0s
For SDRP=0.775: 
Unitary fidelity: 1.31989e-07
Execution time: 0s
For SDRP=0.75: 
Unitary fidelity: 7.69675e-08
Execution time: 1s
For SDRP=0.725: 
Unitary fidelity: 5.76175e-07
Execution time: 0s
For SDRP=0.7: 
Unitary fidelity: 9.36291e-07
Execution time: 1s
For SDRP=0.675: 
Unitary fidelity: 3.0964e-06
Execution time: 4s
For SDRP=0.65: 
Unitary fidelity: 1.13559e-05
Execution time: 7s

~~~~~~~~~~~~~~~~~~~~~~~~~~~~~~~~~~~~~~~~~~~~~~~~~~~~~~~~~~~~~~~~~~~~~~~~~~~~~~~
benchmarks is a Catch v2.13.7 host application.
Run with -? for options

Randomness seeded to: 1685739414

-------------------------------------------------------------------------------
test_noisy_fidelity_2qb_nn_estimate
-------------------------------------------------------------------------------
/home/paperspace/qrack/test/benchmarks.cpp:5763
...............................................................................

/home/paperspace/qrack/test/benchmarks.cpp:5763: FAILED:
due to unexpected exception with message:
  Cannot instantiate a QPager with greater capacity than environment variable
  QRACK_MAX_PAGING_QB.

===============================================================================
test cases: 1 | 1 failed
assertions: 1 | 1 failed

Random Seed: 1685739441 (Overridden by hardware generation!)
Device #0, Loaded binary from: /home/paperspace/.qrack/qrack_ocl_dev_NVIDIA_A100-SXM4-80GB.ir
Default platform: NVIDIA CUDA
Default device: #0, NVIDIA A100-SXM4-80GB
OpenCL device #0: NVIDIA A100-SXM4-80GB
############ Default Optimal (QUnit) ############
Filters: test_noisy_fidelity_2qb_nn_estimate
>>> 'test_noisy_fidelity_2qb_nn_estimate':
Circuit width: 54
Circuit layer depth (excluding factor of x2 for mirror validation): 9
For SDRP=1: 
Unitary fidelity: 6.0031e-08
Execution time: 7s
For SDRP=0.975: 
Unitary fidelity: 6.00315e-08
Execution time: 7s
For SDRP=0.95: 
Unitary fidelity: 6.60115e-08
Execution time: 8s
For SDRP=0.925: 
Unitary fidelity: 6.60118e-08
Execution time: 7s
For SDRP=0.9: 
Unitary fidelity: 3.81082e-08
Execution time: 7s
For SDRP=0.875: 
Unitary fidelity: 9.9669e-08
Execution time: 8s

~~~~~~~~~~~~~~~~~~~~~~~~~~~~~~~~~~~~~~~~~~~~~~~~~~~~~~~~~~~~~~~~~~~~~~~~~~~~~~~
benchmarks is a Catch v2.13.7 host application.
Run with -? for options

Randomness seeded to: 1685739441

-------------------------------------------------------------------------------
test_noisy_fidelity_2qb_nn_estimate
-------------------------------------------------------------------------------
/home/paperspace/qrack/test/benchmarks.cpp:5763
...............................................................................

/home/paperspace/qrack/test/benchmarks.cpp:5763: FAILED:
due to unexpected exception with message:
  Cannot instantiate a QPager with greater capacity than environment variable
  QRACK_MAX_PAGING_QB.

===============================================================================
test cases: 1 | 1 failed
assertions: 1 | 1 failed

Random Seed: 1685739491 (Overridden by hardware generation!)
Device #0, Loaded binary from: /home/paperspace/.qrack/qrack_ocl_dev_NVIDIA_A100-SXM4-80GB.ir
Default platform: NVIDIA CUDA
Default device: #0, NVIDIA A100-SXM4-80GB
OpenCL device #0: NVIDIA A100-SXM4-80GB
############ Default Optimal (QUnit) ############
Filters: test_noisy_fidelity_2qb_nn_estimate
>>> 'test_noisy_fidelity_2qb_nn_estimate':
Circuit width: 54
Circuit layer depth (excluding factor of x2 for mirror validation): 9
For SDRP=1: 
Unitary fidelity: 9.78335e-09
Execution time: 0s
For SDRP=0.975: 
Unitary fidelity: 1.21492e-08
Execution time: 0s
For SDRP=0.95: 
Unitary fidelity: 1.8289e-08
Execution time: 0s
For SDRP=0.925: 
Unitary fidelity: 1.8289e-08
Execution time: 0s
For SDRP=0.9: 
Unitary fidelity: 4.36717e-08
Execution time: 0s
For SDRP=0.875: 
Unitary fidelity: 2.49157e-08
Execution time: 0s
For SDRP=0.85: 
Unitary fidelity: 8.15096e-08
Execution time: 0s
For SDRP=0.825: 
Unitary fidelity: 2.42739e-07
Execution time: 0s
For SDRP=0.8: 
Unitary fidelity: 6.16484e-07
Execution time: 1s
For SDRP=0.775: 
Unitary fidelity: 5.58694e-06
Execution time: 14s

~~~~~~~~~~~~~~~~~~~~~~~~~~~~~~~~~~~~~~~~~~~~~~~~~~~~~~~~~~~~~~~~~~~~~~~~~~~~~~~
benchmarks is a Catch v2.13.7 host application.
Run with -? for options

Randomness seeded to: 1685739491

-------------------------------------------------------------------------------
test_noisy_fidelity_2qb_nn_estimate
-------------------------------------------------------------------------------
/home/paperspace/qrack/test/benchmarks.cpp:5763
...............................................................................

/home/paperspace/qrack/test/benchmarks.cpp:5763: FAILED:
due to unexpected exception with message:
  Cannot instantiate a QPager with greater capacity than environment variable
  QRACK_MAX_PAGING_QB.

===============================================================================
test cases: 1 | 1 failed
assertions: 1 | 1 failed

Random Seed: 1685739534 (Overridden by hardware generation!)
Device #0, Loaded binary from: /home/paperspace/.qrack/qrack_ocl_dev_NVIDIA_A100-SXM4-80GB.ir
Default platform: NVIDIA CUDA
Default device: #0, NVIDIA A100-SXM4-80GB
OpenCL device #0: NVIDIA A100-SXM4-80GB
############ Default Optimal (QUnit) ############
Filters: test_noisy_fidelity_2qb_nn_estimate
>>> 'test_noisy_fidelity_2qb_nn_estimate':
Circuit width: 54
Circuit layer depth (excluding factor of x2 for mirror validation): 9
For SDRP=1: 
Unitary fidelity: 1.22655e-09
Execution time: 0s
For SDRP=0.975: 
Unitary fidelity: 1.22656e-09
Execution time: 0s
For SDRP=0.95: 
Unitary fidelity: 1.29129e-09
Execution time: 0s
For SDRP=0.925: 
Unitary fidelity: 9.71352e-09
Execution time: 0s
For SDRP=0.9: 
Unitary fidelity: 2.81217e-08
Execution time: 1s
For SDRP=0.875: 
Unitary fidelity: 5.00066e-07
Execution time: 1s
For SDRP=0.85: 
Unitary fidelity: 5.00065e-07
Execution time: 1s

~~~~~~~~~~~~~~~~~~~~~~~~~~~~~~~~~~~~~~~~~~~~~~~~~~~~~~~~~~~~~~~~~~~~~~~~~~~~~~~
benchmarks is a Catch v2.13.7 host application.
Run with -? for options

Randomness seeded to: 1685739534

-------------------------------------------------------------------------------
test_noisy_fidelity_2qb_nn_estimate
-------------------------------------------------------------------------------
/home/paperspace/qrack/test/benchmarks.cpp:5763
...............................................................................

/home/paperspace/qrack/test/benchmarks.cpp:5763: FAILED:
due to unexpected exception with message:
  Cannot instantiate a QPager with greater capacity than environment variable
  QRACK_MAX_PAGING_QB.

===============================================================================
test cases: 1 | 1 failed
assertions: 1 | 1 failed

Random Seed: 1685739544 (Overridden by hardware generation!)
Device #0, Loaded binary from: /home/paperspace/.qrack/qrack_ocl_dev_NVIDIA_A100-SXM4-80GB.ir
Default platform: NVIDIA CUDA
Default device: #0, NVIDIA A100-SXM4-80GB
OpenCL device #0: NVIDIA A100-SXM4-80GB
############ Default Optimal (QUnit) ############
Filters: test_noisy_fidelity_2qb_nn_estimate
>>> 'test_noisy_fidelity_2qb_nn_estimate':
Circuit width: 54
Circuit layer depth (excluding factor of x2 for mirror validation): 9
For SDRP=1: 
Unitary fidelity: 5.61079e-07
Execution time: 0s
For SDRP=0.975: 
Unitary fidelity: 5.61074e-07
Execution time: 0s
For SDRP=0.95: 
Unitary fidelity: 5.61076e-07
Execution time: 0s
For SDRP=0.925: 
Unitary fidelity: 1.84883e-07
Execution time: 0s
For SDRP=0.9: 
Unitary fidelity: 1.84883e-07
Execution time: 0s
For SDRP=0.875: 
Unitary fidelity: 1.84883e-07
Execution time: 0s
For SDRP=0.85: 
Unitary fidelity: 9.15198e-08
Execution time: 0s
For SDRP=0.825: 
Unitary fidelity: 5.12418e-07
Execution time: 0s
For SDRP=0.8: 
Unitary fidelity: 5.12418e-07
Execution time: 0s
For SDRP=0.775: 
Unitary fidelity: 5.12418e-07
Execution time: 0s
For SDRP=0.75: 
Unitary fidelity: 4.86123e-06
Execution time: 2s
For SDRP=0.725: 
Unitary fidelity: 2.03478e-05
Execution time: 23s

~~~~~~~~~~~~~~~~~~~~~~~~~~~~~~~~~~~~~~~~~~~~~~~~~~~~~~~~~~~~~~~~~~~~~~~~~~~~~~~
benchmarks is a Catch v2.13.7 host application.
Run with -? for options

Randomness seeded to: 1685739544

-------------------------------------------------------------------------------
test_noisy_fidelity_2qb_nn_estimate
-------------------------------------------------------------------------------
/home/paperspace/qrack/test/benchmarks.cpp:5763
...............................................................................

/home/paperspace/qrack/test/benchmarks.cpp:5763: FAILED:
due to unexpected exception with message:
  Cannot instantiate a QPager with greater capacity than environment variable
  QRACK_MAX_PAGING_QB.

===============================================================================
test cases: 1 | 1 failed
assertions: 1 | 1 failed

Random Seed: 1685739588 (Overridden by hardware generation!)
Device #0, Loaded binary from: /home/paperspace/.qrack/qrack_ocl_dev_NVIDIA_A100-SXM4-80GB.ir
Default platform: NVIDIA CUDA
Default device: #0, NVIDIA A100-SXM4-80GB
OpenCL device #0: NVIDIA A100-SXM4-80GB
############ Default Optimal (QUnit) ############
Filters: test_noisy_fidelity_2qb_nn_estimate
>>> 'test_noisy_fidelity_2qb_nn_estimate':
Circuit width: 54
Circuit layer depth (excluding factor of x2 for mirror validation): 9
For SDRP=1: 
Unitary fidelity: 3.64819e-08
Execution time: 0s
For SDRP=0.975: 
Unitary fidelity: 3.79878e-07
Execution time: 6s
For SDRP=0.95: 
Unitary fidelity: 3.7987e-07
Execution time: 5s
For SDRP=0.925: 
Unitary fidelity: 4.54662e-07
Execution time: 6s
For SDRP=0.9: 
Unitary fidelity: 4.64752e-07
Execution time: 2s
For SDRP=0.875: 
Unitary fidelity: 4.64753e-07
Execution time: 2s
For SDRP=0.85: 
Unitary fidelity: 1.39893e-06
Execution time: 2s
For SDRP=0.825: 
Unitary fidelity: 1.74321e-06
Execution time: 2s
For SDRP=0.8: 
Unitary fidelity: 3.49829e-06
Execution time: 6s
For SDRP=0.775: 
Unitary fidelity: 1.04869e-05
Execution time: 5s
For SDRP=0.75: 
Unitary fidelity: 8.00265e-06
Execution time: 6s
For SDRP=0.725: 
Unitary fidelity: 1.54938e-05
Execution time: 18s

~~~~~~~~~~~~~~~~~~~~~~~~~~~~~~~~~~~~~~~~~~~~~~~~~~~~~~~~~~~~~~~~~~~~~~~~~~~~~~~
benchmarks is a Catch v2.13.7 host application.
Run with -? for options

Randomness seeded to: 1685739588

-------------------------------------------------------------------------------
test_noisy_fidelity_2qb_nn_estimate
-------------------------------------------------------------------------------
/home/paperspace/qrack/test/benchmarks.cpp:5763
...............................................................................

/home/paperspace/qrack/test/benchmarks.cpp:5763: FAILED:
due to unexpected exception with message:
  VRAM limits exceeded in QEngineOCL::AddAlloc()

===============================================================================
test cases: 1 | 1 failed
assertions: 1 | 1 failed

Random Seed: 1685739655 (Overridden by hardware generation!)
Device #0, Loaded binary from: /home/paperspace/.qrack/qrack_ocl_dev_NVIDIA_A100-SXM4-80GB.ir
Default platform: NVIDIA CUDA
Default device: #0, NVIDIA A100-SXM4-80GB
OpenCL device #0: NVIDIA A100-SXM4-80GB
############ Default Optimal (QUnit) ############
Filters: test_noisy_fidelity_2qb_nn_estimate
>>> 'test_noisy_fidelity_2qb_nn_estimate':
Circuit width: 54
Circuit layer depth (excluding factor of x2 for mirror validation): 9
For SDRP=1: 
Unitary fidelity: 2.34852e-08
Execution time: 0s
For SDRP=0.975: 
Unitary fidelity: 2.20894e-08
Execution time: 0s
For SDRP=0.95: 
Unitary fidelity: 5.6562e-08
Execution time: 0s

~~~~~~~~~~~~~~~~~~~~~~~~~~~~~~~~~~~~~~~~~~~~~~~~~~~~~~~~~~~~~~~~~~~~~~~~~~~~~~~
benchmarks is a Catch v2.13.7 host application.
Run with -? for options

Randomness seeded to: 1685739655

-------------------------------------------------------------------------------
test_noisy_fidelity_2qb_nn_estimate
-------------------------------------------------------------------------------
/home/paperspace/qrack/test/benchmarks.cpp:5763
...............................................................................

/home/paperspace/qrack/test/benchmarks.cpp:5763: FAILED:
due to unexpected exception with message:
  VRAM limits exceeded in QEngineOCL::AddAlloc()

===============================================================================
test cases: 1 | 1 failed
assertions: 1 | 1 failed

Random Seed: 1685739658 (Overridden by hardware generation!)
Device #0, Loaded binary from: /home/paperspace/.qrack/qrack_ocl_dev_NVIDIA_A100-SXM4-80GB.ir
Default platform: NVIDIA CUDA
Default device: #0, NVIDIA A100-SXM4-80GB
OpenCL device #0: NVIDIA A100-SXM4-80GB
############ Default Optimal (QUnit) ############
Filters: test_noisy_fidelity_2qb_nn_estimate
>>> 'test_noisy_fidelity_2qb_nn_estimate':
Circuit width: 54
Circuit layer depth (excluding factor of x2 for mirror validation): 9
For SDRP=1: 
Unitary fidelity: 3.85825e-08
Execution time: 0s
For SDRP=0.975: 
Unitary fidelity: 3.50245e-07
Execution time: 0s
For SDRP=0.95: 
Unitary fidelity: 3.50243e-07
Execution time: 0s
For SDRP=0.925: 
Unitary fidelity: 3.88351e-07
Execution time: 0s
For SDRP=0.9: 
Unitary fidelity: 3.88353e-07
Execution time: 0s
For SDRP=0.875: 
Unitary fidelity: 7.99241e-07
Execution time: 0s
For SDRP=0.85: 
Unitary fidelity: 2.85307e-07
Execution time: 0s
For SDRP=0.825: 
Unitary fidelity: 7.6381e-07
Execution time: 0s
For SDRP=0.8: 
Unitary fidelity: 1.47846e-07
Execution time: 0s
For SDRP=0.775: 
Unitary fidelity: 3.7349e-07
Execution time: 5s
For SDRP=0.75: 
Unitary fidelity: 9.33351e-06
Execution time: 0s
For SDRP=0.725: 
Unitary fidelity: 8.07407e-06
Execution time: 0s

~~~~~~~~~~~~~~~~~~~~~~~~~~~~~~~~~~~~~~~~~~~~~~~~~~~~~~~~~~~~~~~~~~~~~~~~~~~~~~~
benchmarks is a Catch v2.13.7 host application.
Run with -? for options

Randomness seeded to: 1685739658

-------------------------------------------------------------------------------
test_noisy_fidelity_2qb_nn_estimate
-------------------------------------------------------------------------------
/home/paperspace/qrack/test/benchmarks.cpp:5763
...............................................................................

/home/paperspace/qrack/test/benchmarks.cpp:5763: FAILED:
due to unexpected exception with message:
  Cannot instantiate a QPager with greater capacity than environment variable
  QRACK_MAX_PAGING_QB.

===============================================================================
test cases: 1 | 1 failed
assertions: 1 | 1 failed

Random Seed: 1685739713 (Overridden by hardware generation!)
Device #0, Loaded binary from: /home/paperspace/.qrack/qrack_ocl_dev_NVIDIA_A100-SXM4-80GB.ir
Default platform: NVIDIA CUDA
Default device: #0, NVIDIA A100-SXM4-80GB
OpenCL device #0: NVIDIA A100-SXM4-80GB
############ Default Optimal (QUnit) ############
Filters: test_noisy_fidelity_2qb_nn_estimate
>>> 'test_noisy_fidelity_2qb_nn_estimate':
Circuit width: 54
Circuit layer depth (excluding factor of x2 for mirror validation): 9
For SDRP=1: 
Unitary fidelity: 3.18831e-08
Execution time: 0s
For SDRP=0.975: 
Unitary fidelity: 3.18831e-08
Execution time: 0s
For SDRP=0.95: 
Unitary fidelity: 3.18831e-08
Execution time: 0s
For SDRP=0.925: 
Unitary fidelity: 1.04923e-07
Execution time: 0s
For SDRP=0.9: 
Unitary fidelity: 1.04923e-07
Execution time: 0s
For SDRP=0.875: 
Unitary fidelity: 2.67197e-07
Execution time: 0s
For SDRP=0.85: 
Unitary fidelity: 8.14671e-07
Execution time: 0s
For SDRP=0.825: 
Unitary fidelity: 5.4765e-06
Execution time: 0s
For SDRP=0.8: 
Unitary fidelity: 7.31651e-06
Execution time: 0s
For SDRP=0.775: 
Unitary fidelity: 1.1455e-05
Execution time: 0s
For SDRP=0.75: 
Unitary fidelity: 1.60549e-05
Execution time: 0s

~~~~~~~~~~~~~~~~~~~~~~~~~~~~~~~~~~~~~~~~~~~~~~~~~~~~~~~~~~~~~~~~~~~~~~~~~~~~~~~
benchmarks is a Catch v2.13.7 host application.
Run with -? for options

Randomness seeded to: 1685739713

-------------------------------------------------------------------------------
test_noisy_fidelity_2qb_nn_estimate
-------------------------------------------------------------------------------
/home/paperspace/qrack/test/benchmarks.cpp:5763
...............................................................................

/home/paperspace/qrack/test/benchmarks.cpp:5763: FAILED:
due to unexpected exception with message:
  VRAM limits exceeded in QEngineOCL::AddAlloc()

===============================================================================
test cases: 1 | 1 failed
assertions: 1 | 1 failed

Random Seed: 1685739716 (Overridden by hardware generation!)
Device #0, Loaded binary from: /home/paperspace/.qrack/qrack_ocl_dev_NVIDIA_A100-SXM4-80GB.ir
Default platform: NVIDIA CUDA
Default device: #0, NVIDIA A100-SXM4-80GB
OpenCL device #0: NVIDIA A100-SXM4-80GB
############ Default Optimal (QUnit) ############
Filters: test_noisy_fidelity_2qb_nn_estimate
>>> 'test_noisy_fidelity_2qb_nn_estimate':
Circuit width: 54
Circuit layer depth (excluding factor of x2 for mirror validation): 9
For SDRP=1: 
Unitary fidelity: 1.04801e-08
Execution time: 3s
For SDRP=0.975: 
Unitary fidelity: 1.04801e-08
Execution time: 2s
For SDRP=0.95: 
Unitary fidelity: 2.42861e-08
Execution time: 2s
For SDRP=0.925: 
Unitary fidelity: 2.42862e-08
Execution time: 3s
For SDRP=0.9: 
Unitary fidelity: 5.2305e-08
Execution time: 5s
For SDRP=0.875: 
Unitary fidelity: 5.44171e-08
Execution time: 2s
For SDRP=0.85: 
Unitary fidelity: 2.37391e-07
Execution time: 18s
For SDRP=0.825: 
Unitary fidelity: 2.0169e-07
Execution time: 12s
For SDRP=0.8: 
Unitary fidelity: 2.2131e-06
Execution time: 75s

~~~~~~~~~~~~~~~~~~~~~~~~~~~~~~~~~~~~~~~~~~~~~~~~~~~~~~~~~~~~~~~~~~~~~~~~~~~~~~~
benchmarks is a Catch v2.13.7 host application.
Run with -? for options

Randomness seeded to: 1685739716

-------------------------------------------------------------------------------
test_noisy_fidelity_2qb_nn_estimate
-------------------------------------------------------------------------------
/home/paperspace/qrack/test/benchmarks.cpp:5763
...............................................................................

/home/paperspace/qrack/test/benchmarks.cpp:5763: FAILED:
due to unexpected exception with message:
  Cannot instantiate a QPager with greater capacity than environment variable
  QRACK_MAX_PAGING_QB.

===============================================================================
test cases: 1 | 1 failed
assertions: 1 | 1 failed

Random Seed: 1685739883 (Overridden by hardware generation!)
Device #0, Loaded binary from: /home/paperspace/.qrack/qrack_ocl_dev_NVIDIA_A100-SXM4-80GB.ir
Default platform: NVIDIA CUDA
Default device: #0, NVIDIA A100-SXM4-80GB
OpenCL device #0: NVIDIA A100-SXM4-80GB
############ Default Optimal (QUnit) ############
Filters: test_noisy_fidelity_2qb_nn_estimate
>>> 'test_noisy_fidelity_2qb_nn_estimate':
Circuit width: 54
Circuit layer depth (excluding factor of x2 for mirror validation): 9
For SDRP=1: 
Unitary fidelity: 3.89385e-09
Execution time: 0s
For SDRP=0.975: 
Unitary fidelity: 1.06121e-09
Execution time: 0s
For SDRP=0.95: 
Unitary fidelity: 5.59535e-09
Execution time: 0s
For SDRP=0.925: 
Unitary fidelity: 1.69219e-07
Execution time: 1s
For SDRP=0.9: 
Unitary fidelity: 5.23264e-08
Execution time: 1s
For SDRP=0.875: 
Unitary fidelity: 7.25102e-09
Execution time: 18s

~~~~~~~~~~~~~~~~~~~~~~~~~~~~~~~~~~~~~~~~~~~~~~~~~~~~~~~~~~~~~~~~~~~~~~~~~~~~~~~
benchmarks is a Catch v2.13.7 host application.
Run with -? for options

Randomness seeded to: 1685739883

-------------------------------------------------------------------------------
test_noisy_fidelity_2qb_nn_estimate
-------------------------------------------------------------------------------
/home/paperspace/qrack/test/benchmarks.cpp:5763
...............................................................................

/home/paperspace/qrack/test/benchmarks.cpp:5763: FAILED:
due to unexpected exception with message:
  Cannot instantiate a QPager with greater capacity than environment variable
  QRACK_MAX_PAGING_QB.

===============================================================================
test cases: 1 | 1 failed
assertions: 1 | 1 failed

Random Seed: 1685739933 (Overridden by hardware generation!)
Device #0, Loaded binary from: /home/paperspace/.qrack/qrack_ocl_dev_NVIDIA_A100-SXM4-80GB.ir
Default platform: NVIDIA CUDA
Default device: #0, NVIDIA A100-SXM4-80GB
OpenCL device #0: NVIDIA A100-SXM4-80GB
############ Default Optimal (QUnit) ############
Filters: test_noisy_fidelity_2qb_nn_estimate
>>> 'test_noisy_fidelity_2qb_nn_estimate':
Circuit width: 54
Circuit layer depth (excluding factor of x2 for mirror validation): 9
For SDRP=1: 
Unitary fidelity: 4.42908e-08
Execution time: 0s
For SDRP=0.975: 
Unitary fidelity: 8.76985e-08
Execution time: 0s
For SDRP=0.95: 
Unitary fidelity: 1.52694e-07
Execution time: 0s
For SDRP=0.925: 
Unitary fidelity: 1.52695e-07
Execution time: 0s
For SDRP=0.9: 
Unitary fidelity: 1.52695e-07
Execution time: 0s
For SDRP=0.875: 
Unitary fidelity: 2.87713e-07
Execution time: 0s
For SDRP=0.85: 
Unitary fidelity: 2.87713e-07
Execution time: 0s
For SDRP=0.825: 
Unitary fidelity: 5.84077e-07
Execution time: 7s
For SDRP=0.8: 
Unitary fidelity: 1.5639e-06
Execution time: 8s
For SDRP=0.775: 
Unitary fidelity: 3.25914e-06
Execution time: 8s
For SDRP=0.75: 
Unitary fidelity: 5.69489e-06
Execution time: 0s
For SDRP=0.725: 
Unitary fidelity: 5.69491e-06
Execution time: 0s
For SDRP=0.7: 
Unitary fidelity: 6.90319e-06
Execution time: 7s
For SDRP=0.675: 
Unitary fidelity: 1.08271e-05
Execution time: 7s
For SDRP=0.65: 
Unitary fidelity: 1.521e-05
Execution time: 6s

~~~~~~~~~~~~~~~~~~~~~~~~~~~~~~~~~~~~~~~~~~~~~~~~~~~~~~~~~~~~~~~~~~~~~~~~~~~~~~~
benchmarks is a Catch v2.13.7 host application.
Run with -? for options

Randomness seeded to: 1685739933

-------------------------------------------------------------------------------
test_noisy_fidelity_2qb_nn_estimate
-------------------------------------------------------------------------------
/home/paperspace/qrack/test/benchmarks.cpp:5763
...............................................................................

/home/paperspace/qrack/test/benchmarks.cpp:5763: FAILED:
due to unexpected exception with message:
  Cannot instantiate a QPager with greater capacity than environment variable
  QRACK_MAX_PAGING_QB.

===============================================================================
test cases: 1 | 1 failed
assertions: 1 | 1 failed

Random Seed: 1685739992 (Overridden by hardware generation!)
Device #0, Loaded binary from: /home/paperspace/.qrack/qrack_ocl_dev_NVIDIA_A100-SXM4-80GB.ir
Default platform: NVIDIA CUDA
Default device: #0, NVIDIA A100-SXM4-80GB
OpenCL device #0: NVIDIA A100-SXM4-80GB
############ Default Optimal (QUnit) ############
Filters: test_noisy_fidelity_2qb_nn_estimate
>>> 'test_noisy_fidelity_2qb_nn_estimate':
Circuit width: 54
Circuit layer depth (excluding factor of x2 for mirror validation): 9
For SDRP=1: 
Unitary fidelity: 1.01614e-09
Execution time: 0s
For SDRP=0.975: 
Unitary fidelity: 1.01611e-09
Execution time: 0s
For SDRP=0.95: 
Unitary fidelity: 1.01611e-09
Execution time: 0s
For SDRP=0.925: 
Unitary fidelity: 1.33118e-09
Execution time: 0s
For SDRP=0.9: 
Unitary fidelity: 2.76321e-09
Execution time: 0s
For SDRP=0.875: 
Unitary fidelity: 2.76317e-09
Execution time: 0s
For SDRP=0.85: 
Unitary fidelity: 4.25405e-09
Execution time: 0s
For SDRP=0.825: 
Unitary fidelity: 2.42353e-08
Execution time: 0s
For SDRP=0.8: 
Unitary fidelity: 3.10467e-08
Execution time: 1s
For SDRP=0.775: 
Unitary fidelity: 4.44818e-07
Execution time: 11s
For SDRP=0.75: 
Unitary fidelity: 7.20306e-07
Execution time: 32s

~~~~~~~~~~~~~~~~~~~~~~~~~~~~~~~~~~~~~~~~~~~~~~~~~~~~~~~~~~~~~~~~~~~~~~~~~~~~~~~
benchmarks is a Catch v2.13.7 host application.
Run with -? for options

Randomness seeded to: 1685739992

-------------------------------------------------------------------------------
test_noisy_fidelity_2qb_nn_estimate
-------------------------------------------------------------------------------
/home/paperspace/qrack/test/benchmarks.cpp:5763
...............................................................................

/home/paperspace/qrack/test/benchmarks.cpp:5763: FAILED:
due to unexpected exception with message:
  Cannot instantiate a QPager with greater capacity than environment variable
  QRACK_MAX_PAGING_QB.

===============================================================================
test cases: 1 | 1 failed
assertions: 1 | 1 failed

Random Seed: 1685740045 (Overridden by hardware generation!)
Device #0, Loaded binary from: /home/paperspace/.qrack/qrack_ocl_dev_NVIDIA_A100-SXM4-80GB.ir
Default platform: NVIDIA CUDA
Default device: #0, NVIDIA A100-SXM4-80GB
OpenCL device #0: NVIDIA A100-SXM4-80GB
############ Default Optimal (QUnit) ############
Filters: test_noisy_fidelity_2qb_nn_estimate
>>> 'test_noisy_fidelity_2qb_nn_estimate':
Circuit width: 54
Circuit layer depth (excluding factor of x2 for mirror validation): 9
For SDRP=1: 
Unitary fidelity: 5.57021e-08
Execution time: 0s
For SDRP=0.975: 
Unitary fidelity: 5.57026e-08
Execution time: 0s
For SDRP=0.95: 
Unitary fidelity: 5.57025e-08
Execution time: 0s
For SDRP=0.925: 
Unitary fidelity: 5.57026e-08
Execution time: 0s

~~~~~~~~~~~~~~~~~~~~~~~~~~~~~~~~~~~~~~~~~~~~~~~~~~~~~~~~~~~~~~~~~~~~~~~~~~~~~~~
benchmarks is a Catch v2.13.7 host application.
Run with -? for options

Randomness seeded to: 1685740045

-------------------------------------------------------------------------------
test_noisy_fidelity_2qb_nn_estimate
-------------------------------------------------------------------------------
/home/paperspace/qrack/test/benchmarks.cpp:5763
...............................................................................

/home/paperspace/qrack/test/benchmarks.cpp:5763: FAILED:
due to unexpected exception with message:
  Cannot instantiate a QPager with greater capacity than environment variable
  QRACK_MAX_PAGING_QB.

===============================================================================
test cases: 1 | 1 failed
assertions: 1 | 1 failed

Random Seed: 1685740047 (Overridden by hardware generation!)
Device #0, Loaded binary from: /home/paperspace/.qrack/qrack_ocl_dev_NVIDIA_A100-SXM4-80GB.ir
Default platform: NVIDIA CUDA
Default device: #0, NVIDIA A100-SXM4-80GB
OpenCL device #0: NVIDIA A100-SXM4-80GB
############ Default Optimal (QUnit) ############
Filters: test_noisy_fidelity_2qb_nn_estimate
>>> 'test_noisy_fidelity_2qb_nn_estimate':
Circuit width: 54
Circuit layer depth (excluding factor of x2 for mirror validation): 9
For SDRP=1: 
Unitary fidelity: 3.41091e-08
Execution time: 0s
For SDRP=0.975: 
Unitary fidelity: 2.08381e-08
Execution time: 0s
For SDRP=0.95: 
Unitary fidelity: 1.18687e-08
Execution time: 0s
For SDRP=0.925: 
Unitary fidelity: 1.18684e-08
Execution time: 0s
For SDRP=0.9: 
Unitary fidelity: 2.54585e-08
Execution time: 1s
For SDRP=0.875: 
Unitary fidelity: 1.18431e-07
Execution time: 0s
For SDRP=0.85: 
Unitary fidelity: 6.19651e-08
Execution time: 3s
For SDRP=0.825: 
Unitary fidelity: 9.69288e-08
Execution time: 1s
For SDRP=0.8: 
Unitary fidelity: 9.69283e-08
Execution time: 1s
For SDRP=0.775: 
Unitary fidelity: 7.00576e-07
Execution time: 2s
For SDRP=0.75: 
Unitary fidelity: 2.76345e-06
Execution time: 17s
For SDRP=0.725: 
Unitary fidelity: 6.45113e-06
Execution time: 39s

~~~~~~~~~~~~~~~~~~~~~~~~~~~~~~~~~~~~~~~~~~~~~~~~~~~~~~~~~~~~~~~~~~~~~~~~~~~~~~~
benchmarks is a Catch v2.13.7 host application.
Run with -? for options

Randomness seeded to: 1685740047

-------------------------------------------------------------------------------
test_noisy_fidelity_2qb_nn_estimate
-------------------------------------------------------------------------------
/home/paperspace/qrack/test/benchmarks.cpp:5763
...............................................................................

/home/paperspace/qrack/test/benchmarks.cpp:5763: FAILED:
due to unexpected exception with message:
  Cannot instantiate a QPager with greater capacity than environment variable
  QRACK_MAX_PAGING_QB.

===============================================================================
test cases: 1 | 1 failed
assertions: 1 | 1 failed

Random Seed: 1685740122 (Overridden by hardware generation!)
Device #0, Loaded binary from: /home/paperspace/.qrack/qrack_ocl_dev_NVIDIA_A100-SXM4-80GB.ir
Default platform: NVIDIA CUDA
Default device: #0, NVIDIA A100-SXM4-80GB
OpenCL device #0: NVIDIA A100-SXM4-80GB
############ Default Optimal (QUnit) ############
Filters: test_noisy_fidelity_2qb_nn_estimate
>>> 'test_noisy_fidelity_2qb_nn_estimate':
Circuit width: 54
Circuit layer depth (excluding factor of x2 for mirror validation): 9
For SDRP=1: 
Unitary fidelity: 2.09829e-08
Execution time: 0s
For SDRP=0.975: 
Unitary fidelity: 2.09825e-08
Execution time: 0s
For SDRP=0.95: 
Unitary fidelity: 2.01934e-08
Execution time: 0s
For SDRP=0.925: 
Unitary fidelity: 2.01931e-08
Execution time: 0s
For SDRP=0.9: 
Unitary fidelity: 1.49622e-08
Execution time: 0s
For SDRP=0.875: 
Unitary fidelity: 6.17196e-08
Execution time: 0s
For SDRP=0.85: 
Unitary fidelity: 3.05118e-07
Execution time: 0s
For SDRP=0.825: 
Unitary fidelity: 3.05116e-07
Execution time: 0s
For SDRP=0.8: 
Unitary fidelity: 2.1352e-06
Execution time: 0s
For SDRP=0.775: 
Unitary fidelity: 1.58071e-06
Execution time: 0s
For SDRP=0.75: 
Unitary fidelity: 1.8995e-05
Execution time: 1s

~~~~~~~~~~~~~~~~~~~~~~~~~~~~~~~~~~~~~~~~~~~~~~~~~~~~~~~~~~~~~~~~~~~~~~~~~~~~~~~
benchmarks is a Catch v2.13.7 host application.
Run with -? for options

Randomness seeded to: 1685740122

-------------------------------------------------------------------------------
test_noisy_fidelity_2qb_nn_estimate
-------------------------------------------------------------------------------
/home/paperspace/qrack/test/benchmarks.cpp:5763
...............................................................................

/home/paperspace/qrack/test/benchmarks.cpp:5763: FAILED:
due to unexpected exception with message:
  Cannot instantiate a QPager with greater capacity than environment variable
  QRACK_MAX_PAGING_QB.

===============================================================================
test cases: 1 | 1 failed
assertions: 1 | 1 failed

Random Seed: 1685740133 (Overridden by hardware generation!)
Device #0, Loaded binary from: /home/paperspace/.qrack/qrack_ocl_dev_NVIDIA_A100-SXM4-80GB.ir
Default platform: NVIDIA CUDA
Default device: #0, NVIDIA A100-SXM4-80GB
OpenCL device #0: NVIDIA A100-SXM4-80GB
############ Default Optimal (QUnit) ############
Filters: test_noisy_fidelity_2qb_nn_estimate
>>> 'test_noisy_fidelity_2qb_nn_estimate':
Circuit width: 54
Circuit layer depth (excluding factor of x2 for mirror validation): 9
For SDRP=1: 
Unitary fidelity: 1.18635e-09
Execution time: 0s
For SDRP=0.975: 
Unitary fidelity: 1.1864e-09
Execution time: 0s
For SDRP=0.95: 
Unitary fidelity: 5.92483e-09
Execution time: 0s
For SDRP=0.925: 
Unitary fidelity: 1.35973e-08
Execution time: 0s
For SDRP=0.9: 
Unitary fidelity: 1.4124e-08
Execution time: 0s
For SDRP=0.875: 
Unitary fidelity: 3.34227e-08
Execution time: 0s
For SDRP=0.85: 
Unitary fidelity: 4.3542e-08
Execution time: 1s
For SDRP=0.825: 
Unitary fidelity: 5.26208e-07
Execution time: 19s
For SDRP=0.8: 
Unitary fidelity: 9.01147e-07
Execution time: 22s
For SDRP=0.775: 
Unitary fidelity: 9.01145e-07
Execution time: 24s

~~~~~~~~~~~~~~~~~~~~~~~~~~~~~~~~~~~~~~~~~~~~~~~~~~~~~~~~~~~~~~~~~~~~~~~~~~~~~~~
benchmarks is a Catch v2.13.7 host application.
Run with -? for options

Randomness seeded to: 1685740133

-------------------------------------------------------------------------------
test_noisy_fidelity_2qb_nn_estimate
-------------------------------------------------------------------------------
/home/paperspace/qrack/test/benchmarks.cpp:5763
...............................................................................

/home/paperspace/qrack/test/benchmarks.cpp:5763: FAILED:
due to unexpected exception with message:
  Cannot instantiate a QPager with greater capacity than environment variable
  QRACK_MAX_PAGING_QB.

===============================================================================
test cases: 1 | 1 failed
assertions: 1 | 1 failed

Random Seed: 1685740213 (Overridden by hardware generation!)
Device #0, Loaded binary from: /home/paperspace/.qrack/qrack_ocl_dev_NVIDIA_A100-SXM4-80GB.ir
Default platform: NVIDIA CUDA
Default device: #0, NVIDIA A100-SXM4-80GB
OpenCL device #0: NVIDIA A100-SXM4-80GB
############ Default Optimal (QUnit) ############
Filters: test_noisy_fidelity_2qb_nn_estimate
>>> 'test_noisy_fidelity_2qb_nn_estimate':
Circuit width: 54
Circuit layer depth (excluding factor of x2 for mirror validation): 9
For SDRP=1: 
Unitary fidelity: 1.43669e-09
Execution time: 0s
For SDRP=0.975: 
Unitary fidelity: 1.43671e-09
Execution time: 0s
For SDRP=0.95: 
Unitary fidelity: 1.43667e-09
Execution time: 0s
For SDRP=0.925: 
Unitary fidelity: 5.7523e-09
Execution time: 0s
For SDRP=0.9: 
Unitary fidelity: 5.06265e-09
Execution time: 0s
For SDRP=0.875: 
Unitary fidelity: 5.60161e-09
Execution time: 0s
For SDRP=0.85: 
Unitary fidelity: 1.49084e-08
Execution time: 0s
For SDRP=0.825: 
Unitary fidelity: 1.58952e-08
Execution time: 0s
For SDRP=0.8: 
Unitary fidelity: 1.58952e-08
Execution time: 0s
For SDRP=0.775: 
Unitary fidelity: 1.49291e-07
Execution time: 1s
For SDRP=0.75: 
Unitary fidelity: 1.23815e-06
Execution time: 4s
For SDRP=0.725: 
Unitary fidelity: 8.19278e-07
Execution time: 4s

~~~~~~~~~~~~~~~~~~~~~~~~~~~~~~~~~~~~~~~~~~~~~~~~~~~~~~~~~~~~~~~~~~~~~~~~~~~~~~~
benchmarks is a Catch v2.13.7 host application.
Run with -? for options

Randomness seeded to: 1685740213

-------------------------------------------------------------------------------
test_noisy_fidelity_2qb_nn_estimate
-------------------------------------------------------------------------------
/home/paperspace/qrack/test/benchmarks.cpp:5763
...............................................................................

/home/paperspace/qrack/test/benchmarks.cpp:5763: FAILED:
due to unexpected exception with message:
  Cannot instantiate a QPager with greater capacity than environment variable
  QRACK_MAX_PAGING_QB.

===============================================================================
test cases: 1 | 1 failed
assertions: 1 | 1 failed

Random Seed: 1685740259 (Overridden by hardware generation!)
Device #0, Loaded binary from: /home/paperspace/.qrack/qrack_ocl_dev_NVIDIA_A100-SXM4-80GB.ir
Default platform: NVIDIA CUDA
Default device: #0, NVIDIA A100-SXM4-80GB
OpenCL device #0: NVIDIA A100-SXM4-80GB
############ Default Optimal (QUnit) ############
Filters: test_noisy_fidelity_2qb_nn_estimate
>>> 'test_noisy_fidelity_2qb_nn_estimate':
Circuit width: 54
Circuit layer depth (excluding factor of x2 for mirror validation): 9
For SDRP=1: 
Unitary fidelity: 5.94137e-09
Execution time: 0s
For SDRP=0.975: 
Unitary fidelity: 5.94134e-09
Execution time: 0s
For SDRP=0.95: 
Unitary fidelity: 5.94131e-09
Execution time: 0s
For SDRP=0.925: 
Unitary fidelity: 1.12617e-08
Execution time: 0s
For SDRP=0.9: 
Unitary fidelity: 1.12618e-08
Execution time: 0s
For SDRP=0.875: 
Unitary fidelity: 1.27433e-08
Execution time: 0s
For SDRP=0.85: 
Unitary fidelity: 1.27432e-08
Execution time: 0s
For SDRP=0.825: 
Unitary fidelity: 2.47432e-07
Execution time: 1s
For SDRP=0.8: 
Unitary fidelity: 2.47433e-07
Execution time: 1s
For SDRP=0.775: 
Unitary fidelity: 4.0793e-07
Execution time: 1s
For SDRP=0.75: 
Unitary fidelity: 5.67268e-07
Execution time: 1s
For SDRP=0.725: 
Unitary fidelity: 7.25358e-07
Execution time: 1s
For SDRP=0.7: 
Unitary fidelity: 8.94463e-07
Execution time: 22s

~~~~~~~~~~~~~~~~~~~~~~~~~~~~~~~~~~~~~~~~~~~~~~~~~~~~~~~~~~~~~~~~~~~~~~~~~~~~~~~
benchmarks is a Catch v2.13.7 host application.
Run with -? for options

Randomness seeded to: 1685740259

-------------------------------------------------------------------------------
test_noisy_fidelity_2qb_nn_estimate
-------------------------------------------------------------------------------
/home/paperspace/qrack/test/benchmarks.cpp:5763
...............................................................................

/home/paperspace/qrack/test/benchmarks.cpp:5763: FAILED:
due to unexpected exception with message:
  Cannot instantiate a QPager with greater capacity than environment variable
  QRACK_MAX_PAGING_QB.

===============================================================================
test cases: 1 | 1 failed
assertions: 1 | 1 failed

Random Seed: 1685740314 (Overridden by hardware generation!)
Device #0, Loaded binary from: /home/paperspace/.qrack/qrack_ocl_dev_NVIDIA_A100-SXM4-80GB.ir
Default platform: NVIDIA CUDA
Default device: #0, NVIDIA A100-SXM4-80GB
OpenCL device #0: NVIDIA A100-SXM4-80GB
############ Default Optimal (QUnit) ############
Filters: test_noisy_fidelity_2qb_nn_estimate
>>> 'test_noisy_fidelity_2qb_nn_estimate':
Circuit width: 54
Circuit layer depth (excluding factor of x2 for mirror validation): 9
For SDRP=1: 
Unitary fidelity: 3.49714e-08
Execution time: 1s
For SDRP=0.975: 
Unitary fidelity: 3.49713e-08
Execution time: 1s
For SDRP=0.95: 
Unitary fidelity: 9.64531e-09
Execution time: 1s
For SDRP=0.925: 
Unitary fidelity: 8.46466e-09
Execution time: 3s
For SDRP=0.9: 
Unitary fidelity: 1.49843e-08
Execution time: 13s
For SDRP=0.875: 
Unitary fidelity: 9.95528e-09
Execution time: 15s

~~~~~~~~~~~~~~~~~~~~~~~~~~~~~~~~~~~~~~~~~~~~~~~~~~~~~~~~~~~~~~~~~~~~~~~~~~~~~~~
benchmarks is a Catch v2.13.7 host application.
Run with -? for options

Randomness seeded to: 1685740314

-------------------------------------------------------------------------------
test_noisy_fidelity_2qb_nn_estimate
-------------------------------------------------------------------------------
/home/paperspace/qrack/test/benchmarks.cpp:5763
...............................................................................

/home/paperspace/qrack/test/benchmarks.cpp:5763: FAILED:
due to unexpected exception with message:
  VRAM limits exceeded in QEngineOCL::AddAlloc()

===============================================================================
test cases: 1 | 1 failed
assertions: 1 | 1 failed

Random Seed: 1685740354 (Overridden by hardware generation!)
Device #0, Loaded binary from: /home/paperspace/.qrack/qrack_ocl_dev_NVIDIA_A100-SXM4-80GB.ir
Default platform: NVIDIA CUDA
Default device: #0, NVIDIA A100-SXM4-80GB
OpenCL device #0: NVIDIA A100-SXM4-80GB
############ Default Optimal (QUnit) ############
Filters: test_noisy_fidelity_2qb_nn_estimate
>>> 'test_noisy_fidelity_2qb_nn_estimate':
Circuit width: 54
Circuit layer depth (excluding factor of x2 for mirror validation): 9
For SDRP=1: 
Unitary fidelity: 3.31136e-08
Execution time: 0s
For SDRP=0.975: 
Unitary fidelity: 3.3114e-08
Execution time: 0s
For SDRP=0.95: 
Unitary fidelity: 3.31135e-08
Execution time: 0s
For SDRP=0.925: 
Unitary fidelity: 7.88148e-08
Execution time: 0s
For SDRP=0.9: 
Unitary fidelity: 2.38077e-07
Execution time: 0s
For SDRP=0.875: 
Unitary fidelity: 5.82937e-08
Execution time: 0s
For SDRP=0.85: 
Unitary fidelity: 5.9609e-07
Execution time: 1s
For SDRP=0.825: 
Unitary fidelity: 2.1991e-07
Execution time: 1s
For SDRP=0.8: 
Unitary fidelity: 1.01675e-06
Execution time: 12s
For SDRP=0.775: 
Unitary fidelity: 1.85284e-06
Execution time: 11s

~~~~~~~~~~~~~~~~~~~~~~~~~~~~~~~~~~~~~~~~~~~~~~~~~~~~~~~~~~~~~~~~~~~~~~~~~~~~~~~
benchmarks is a Catch v2.13.7 host application.
Run with -? for options

Randomness seeded to: 1685740354

-------------------------------------------------------------------------------
test_noisy_fidelity_2qb_nn_estimate
-------------------------------------------------------------------------------
/home/paperspace/qrack/test/benchmarks.cpp:5763
...............................................................................

/home/paperspace/qrack/test/benchmarks.cpp:5763: FAILED:
due to unexpected exception with message:
  Cannot instantiate a QPager with greater capacity than environment variable
  QRACK_MAX_PAGING_QB.

===============================================================================
test cases: 1 | 1 failed
assertions: 1 | 1 failed

Random Seed: 1685740388 (Overridden by hardware generation!)
Device #0, Loaded binary from: /home/paperspace/.qrack/qrack_ocl_dev_NVIDIA_A100-SXM4-80GB.ir
Default platform: NVIDIA CUDA
Default device: #0, NVIDIA A100-SXM4-80GB
OpenCL device #0: NVIDIA A100-SXM4-80GB
############ Default Optimal (QUnit) ############
Filters: test_noisy_fidelity_2qb_nn_estimate
>>> 'test_noisy_fidelity_2qb_nn_estimate':
Circuit width: 54
Circuit layer depth (excluding factor of x2 for mirror validation): 9
For SDRP=1: 
Unitary fidelity: 1.86262e-07
Execution time: 0s
For SDRP=0.975: 
Unitary fidelity: 1.86261e-07
Execution time: 0s
For SDRP=0.95: 
Unitary fidelity: 1.18054e-06
Execution time: 0s
For SDRP=0.925: 
Unitary fidelity: 2.74831e-06
Execution time: 0s
For SDRP=0.9: 
Unitary fidelity: 2.74834e-06
Execution time: 0s
For SDRP=0.875: 
Unitary fidelity: 2.74833e-06
Execution time: 0s
For SDRP=0.85: 
Unitary fidelity: 2.74832e-06
Execution time: 0s
For SDRP=0.825: 
Unitary fidelity: 1.34066e-06
Execution time: 0s
For SDRP=0.8: 
Unitary fidelity: 8.46285e-06
Execution time: 0s
For SDRP=0.775: 
Unitary fidelity: 6.50472e-06
Execution time: 0s
For SDRP=0.75: 
Unitary fidelity: 1.16641e-05
Execution time: 1s
For SDRP=0.725: 
Unitary fidelity: 3.21652e-05
Execution time: 1s
For SDRP=0.7: 
Unitary fidelity: 8.97292e-05
Execution time: 0s
For SDRP=0.675: 
Unitary fidelity: 0.000126411
Execution time: 1s

~~~~~~~~~~~~~~~~~~~~~~~~~~~~~~~~~~~~~~~~~~~~~~~~~~~~~~~~~~~~~~~~~~~~~~~~~~~~~~~
benchmarks is a Catch v2.13.7 host application.
Run with -? for options

Randomness seeded to: 1685740388

-------------------------------------------------------------------------------
test_noisy_fidelity_2qb_nn_estimate
-------------------------------------------------------------------------------
/home/paperspace/qrack/test/benchmarks.cpp:5763
...............................................................................

/home/paperspace/qrack/test/benchmarks.cpp:5763: FAILED:
due to unexpected exception with message:
  Cannot instantiate a QPager with greater capacity than environment variable
  QRACK_MAX_PAGING_QB.

===============================================================================
test cases: 1 | 1 failed
assertions: 1 | 1 failed

Random Seed: 1685740413 (Overridden by hardware generation!)
Device #0, Loaded binary from: /home/paperspace/.qrack/qrack_ocl_dev_NVIDIA_A100-SXM4-80GB.ir
Default platform: NVIDIA CUDA
Default device: #0, NVIDIA A100-SXM4-80GB
OpenCL device #0: NVIDIA A100-SXM4-80GB
############ Default Optimal (QUnit) ############
Filters: test_noisy_fidelity_2qb_nn_estimate
>>> 'test_noisy_fidelity_2qb_nn_estimate':
Circuit width: 54
Circuit layer depth (excluding factor of x2 for mirror validation): 9
For SDRP=1: 
Unitary fidelity: 1.44217e-07
Execution time: 0s
For SDRP=0.975: 
Unitary fidelity: 1.44183e-07
Execution time: 0s
For SDRP=0.95: 
Unitary fidelity: 1.44429e-07
Execution time: 0s
For SDRP=0.925: 
Unitary fidelity: 4.98688e-07
Execution time: 0s
For SDRP=0.9: 
Unitary fidelity: 4.81129e-07
Execution time: 0s
For SDRP=0.875: 
Unitary fidelity: 4.8113e-07
Execution time: 0s
For SDRP=0.85: 
Unitary fidelity: 1.40117e-05
Execution time: 16s
For SDRP=0.825: 
Unitary fidelity: 1.40118e-05
Execution time: 17s

~~~~~~~~~~~~~~~~~~~~~~~~~~~~~~~~~~~~~~~~~~~~~~~~~~~~~~~~~~~~~~~~~~~~~~~~~~~~~~~
benchmarks is a Catch v2.13.7 host application.
Run with -? for options

Randomness seeded to: 1685740413

-------------------------------------------------------------------------------
test_noisy_fidelity_2qb_nn_estimate
-------------------------------------------------------------------------------
/home/paperspace/qrack/test/benchmarks.cpp:5763
...............................................................................

/home/paperspace/qrack/test/benchmarks.cpp:5763: FAILED:
due to unexpected exception with message:
  Cannot instantiate a QPager with greater capacity than environment variable
  QRACK_MAX_PAGING_QB.

===============================================================================
test cases: 1 | 1 failed
assertions: 1 | 1 failed

Random Seed: 1685740473 (Overridden by hardware generation!)
Device #0, Loaded binary from: /home/paperspace/.qrack/qrack_ocl_dev_NVIDIA_A100-SXM4-80GB.ir
Default platform: NVIDIA CUDA
Default device: #0, NVIDIA A100-SXM4-80GB
OpenCL device #0: NVIDIA A100-SXM4-80GB
############ Default Optimal (QUnit) ############
Filters: test_noisy_fidelity_2qb_nn_estimate
>>> 'test_noisy_fidelity_2qb_nn_estimate':
Circuit width: 54
Circuit layer depth (excluding factor of x2 for mirror validation): 9
For SDRP=1: 
Unitary fidelity: 1.33629e-08
Execution time: 0s
For SDRP=0.975: 
Unitary fidelity: 1.3363e-08
Execution time: 0s
For SDRP=0.95: 
Unitary fidelity: 7.68161e-07
Execution time: 0s
For SDRP=0.925: 
Unitary fidelity: 5.48086e-07
Execution time: 5s
For SDRP=0.9: 
Unitary fidelity: 1.02438e-06
Execution time: 5s
For SDRP=0.875: 
Unitary fidelity: 1.02438e-06
Execution time: 5s
For SDRP=0.85: 
Unitary fidelity: 2.18183e-06
Execution time: 5s
For SDRP=0.825: 
Unitary fidelity: 2.87867e-06
Execution time: 5s

~~~~~~~~~~~~~~~~~~~~~~~~~~~~~~~~~~~~~~~~~~~~~~~~~~~~~~~~~~~~~~~~~~~~~~~~~~~~~~~
benchmarks is a Catch v2.13.7 host application.
Run with -? for options

Randomness seeded to: 1685740473

-------------------------------------------------------------------------------
test_noisy_fidelity_2qb_nn_estimate
-------------------------------------------------------------------------------
/home/paperspace/qrack/test/benchmarks.cpp:5763
...............................................................................

/home/paperspace/qrack/test/benchmarks.cpp:5763: FAILED:
due to unexpected exception with message:
  Cannot instantiate a QPager with greater capacity than environment variable
  QRACK_MAX_PAGING_QB.

===============================================================================
test cases: 1 | 1 failed
assertions: 1 | 1 failed

Random Seed: 1685740507 (Overridden by hardware generation!)
Device #0, Loaded binary from: /home/paperspace/.qrack/qrack_ocl_dev_NVIDIA_A100-SXM4-80GB.ir
Default platform: NVIDIA CUDA
Default device: #0, NVIDIA A100-SXM4-80GB
OpenCL device #0: NVIDIA A100-SXM4-80GB
############ Default Optimal (QUnit) ############
Filters: test_noisy_fidelity_2qb_nn_estimate
>>> 'test_noisy_fidelity_2qb_nn_estimate':
Circuit width: 54
Circuit layer depth (excluding factor of x2 for mirror validation): 9
For SDRP=1: 
Unitary fidelity: 3.98588e-09
Execution time: 1s
For SDRP=0.975: 
Unitary fidelity: 3.98588e-09
Execution time: 1s
For SDRP=0.95: 
Unitary fidelity: 3.1266e-08
Execution time: 1s
For SDRP=0.925: 
Unitary fidelity: 3.12657e-08
Execution time: 1s
For SDRP=0.9: 
Unitary fidelity: 8.84095e-08
Execution time: 6s
For SDRP=0.875: 
Unitary fidelity: 4.28004e-07
Execution time: 5s
For SDRP=0.85: 
Unitary fidelity: 5.11026e-07
Execution time: 11s
For SDRP=0.825: 
Unitary fidelity: 5.11029e-07
Execution time: 11s

~~~~~~~~~~~~~~~~~~~~~~~~~~~~~~~~~~~~~~~~~~~~~~~~~~~~~~~~~~~~~~~~~~~~~~~~~~~~~~~
benchmarks is a Catch v2.13.7 host application.
Run with -? for options

Randomness seeded to: 1685740507

-------------------------------------------------------------------------------
test_noisy_fidelity_2qb_nn_estimate
-------------------------------------------------------------------------------
/home/paperspace/qrack/test/benchmarks.cpp:5763
...............................................................................

/home/paperspace/qrack/test/benchmarks.cpp:5763: FAILED:
due to unexpected exception with message:
  Cannot instantiate a QPager with greater capacity than environment variable
  QRACK_MAX_PAGING_QB.

===============================================================================
test cases: 1 | 1 failed
assertions: 1 | 1 failed

Random Seed: 1685740554 (Overridden by hardware generation!)
Device #0, Loaded binary from: /home/paperspace/.qrack/qrack_ocl_dev_NVIDIA_A100-SXM4-80GB.ir
Default platform: NVIDIA CUDA
Default device: #0, NVIDIA A100-SXM4-80GB
OpenCL device #0: NVIDIA A100-SXM4-80GB
############ Default Optimal (QUnit) ############
Filters: test_noisy_fidelity_2qb_nn_estimate
>>> 'test_noisy_fidelity_2qb_nn_estimate':
Circuit width: 54
Circuit layer depth (excluding factor of x2 for mirror validation): 9
For SDRP=1: 
Unitary fidelity: 3.637e-08
Execution time: 4s
For SDRP=0.975: 
Unitary fidelity: 3.63703e-08
Execution time: 4s
For SDRP=0.95: 
Unitary fidelity: 3.63702e-08
Execution time: 4s
For SDRP=0.925: 
Unitary fidelity: 1.05926e-07
Execution time: 4s
For SDRP=0.9: 
Unitary fidelity: 7.69684e-08
Execution time: 4s
For SDRP=0.875: 
Unitary fidelity: 2.86237e-07
Execution time: 14s
For SDRP=0.85: 
Unitary fidelity: 3.3385e-07
Execution time: 13s

~~~~~~~~~~~~~~~~~~~~~~~~~~~~~~~~~~~~~~~~~~~~~~~~~~~~~~~~~~~~~~~~~~~~~~~~~~~~~~~
benchmarks is a Catch v2.13.7 host application.
Run with -? for options

Randomness seeded to: 1685740554

-------------------------------------------------------------------------------
test_noisy_fidelity_2qb_nn_estimate
-------------------------------------------------------------------------------
/home/paperspace/qrack/test/benchmarks.cpp:5763
...............................................................................

/home/paperspace/qrack/test/benchmarks.cpp:5763: FAILED:
due to unexpected exception with message:
  VRAM limits exceeded in QEngineOCL::AddAlloc()

===============================================================================
test cases: 1 | 1 failed
assertions: 1 | 1 failed

Random Seed: 1685740606 (Overridden by hardware generation!)
Device #0, Loaded binary from: /home/paperspace/.qrack/qrack_ocl_dev_NVIDIA_A100-SXM4-80GB.ir
Default platform: NVIDIA CUDA
Default device: #0, NVIDIA A100-SXM4-80GB
OpenCL device #0: NVIDIA A100-SXM4-80GB
############ Default Optimal (QUnit) ############
Filters: test_noisy_fidelity_2qb_nn_estimate
>>> 'test_noisy_fidelity_2qb_nn_estimate':
Circuit width: 54
Circuit layer depth (excluding factor of x2 for mirror validation): 9
For SDRP=1: 
Unitary fidelity: 1.28779e-07
Execution time: 0s
For SDRP=0.975: 
Unitary fidelity: 1.28775e-07
Execution time: 0s
For SDRP=0.95: 
Unitary fidelity: 2.63848e-07
Execution time: 1s
For SDRP=0.925: 
Unitary fidelity: 2.63849e-07
Execution time: 2s
For SDRP=0.9: 
Unitary fidelity: 4.44447e-07
Execution time: 2s
For SDRP=0.875: 
Unitary fidelity: 5.87275e-07
Execution time: 2s
For SDRP=0.85: 
Unitary fidelity: 5.8727e-07
Execution time: 2s
For SDRP=0.825: 
Unitary fidelity: 2.67888e-07
Execution time: 0s
For SDRP=0.8: 
Unitary fidelity: 2.67888e-07
Execution time: 0s
For SDRP=0.775: 
Unitary fidelity: 3.88956e-07
Execution time: 3s
For SDRP=0.75: 
Unitary fidelity: 4.26785e-06
Execution time: 43s
For SDRP=0.725: 
Unitary fidelity: 5.14433e-06
Execution time: 43s

~~~~~~~~~~~~~~~~~~~~~~~~~~~~~~~~~~~~~~~~~~~~~~~~~~~~~~~~~~~~~~~~~~~~~~~~~~~~~~~
benchmarks is a Catch v2.13.7 host application.
Run with -? for options

Randomness seeded to: 1685740606

-------------------------------------------------------------------------------
test_noisy_fidelity_2qb_nn_estimate
-------------------------------------------------------------------------------
/home/paperspace/qrack/test/benchmarks.cpp:5763
...............................................................................

/home/paperspace/qrack/test/benchmarks.cpp:5763: FAILED:
due to unexpected exception with message:
  Cannot instantiate a QPager with greater capacity than environment variable
  QRACK_MAX_PAGING_QB.

===============================================================================
test cases: 1 | 1 failed
assertions: 1 | 1 failed

Random Seed: 1685740730 (Overridden by hardware generation!)
Device #0, Loaded binary from: /home/paperspace/.qrack/qrack_ocl_dev_NVIDIA_A100-SXM4-80GB.ir
Default platform: NVIDIA CUDA
Default device: #0, NVIDIA A100-SXM4-80GB
OpenCL device #0: NVIDIA A100-SXM4-80GB
############ Default Optimal (QUnit) ############
Filters: test_noisy_fidelity_2qb_nn_estimate
>>> 'test_noisy_fidelity_2qb_nn_estimate':
Circuit width: 54
Circuit layer depth (excluding factor of x2 for mirror validation): 9
For SDRP=1: 
Unitary fidelity: 1.09346e-07
Execution time: 0s
For SDRP=0.975: 
Unitary fidelity: 1.09346e-07
Execution time: 0s
For SDRP=0.95: 
Unitary fidelity: 5.51072e-08
Execution time: 0s
For SDRP=0.925: 
Unitary fidelity: 5.51076e-08
Execution time: 0s
For SDRP=0.9: 
Unitary fidelity: 1.33602e-07
Execution time: 0s
For SDRP=0.875: 
Unitary fidelity: 1.33601e-07
Execution time: 0s
For SDRP=0.85: 
Unitary fidelity: 6.07683e-07
Execution time: 0s
For SDRP=0.825: 
Unitary fidelity: 1.74239e-06
Execution time: 0s
For SDRP=0.8: 
Unitary fidelity: 9.01277e-07
Execution time: 1s
For SDRP=0.775: 
Unitary fidelity: 1.40913e-06
Execution time: 1s
For SDRP=0.75: 
Unitary fidelity: 2.86091e-06
Execution time: 3s

~~~~~~~~~~~~~~~~~~~~~~~~~~~~~~~~~~~~~~~~~~~~~~~~~~~~~~~~~~~~~~~~~~~~~~~~~~~~~~~
benchmarks is a Catch v2.13.7 host application.
Run with -? for options

Randomness seeded to: 1685740730

-------------------------------------------------------------------------------
test_noisy_fidelity_2qb_nn_estimate
-------------------------------------------------------------------------------
/home/paperspace/qrack/test/benchmarks.cpp:5763
...............................................................................

/home/paperspace/qrack/test/benchmarks.cpp:5763: FAILED:
due to unexpected exception with message:
  Cannot instantiate a QPager with greater capacity than environment variable
  QRACK_MAX_PAGING_QB.

===============================================================================
test cases: 1 | 1 failed
assertions: 1 | 1 failed

Random Seed: 1685740746 (Overridden by hardware generation!)
Device #0, Loaded binary from: /home/paperspace/.qrack/qrack_ocl_dev_NVIDIA_A100-SXM4-80GB.ir
Default platform: NVIDIA CUDA
Default device: #0, NVIDIA A100-SXM4-80GB
OpenCL device #0: NVIDIA A100-SXM4-80GB
############ Default Optimal (QUnit) ############
Filters: test_noisy_fidelity_2qb_nn_estimate
>>> 'test_noisy_fidelity_2qb_nn_estimate':
Circuit width: 54
Circuit layer depth (excluding factor of x2 for mirror validation): 9
For SDRP=1: 
Unitary fidelity: 1.95551e-07
Execution time: 8s
For SDRP=0.975: 
Unitary fidelity: 1.95551e-07
Execution time: 8s
For SDRP=0.95: 
Unitary fidelity: 1.95551e-07
Execution time: 8s
For SDRP=0.925: 
Unitary fidelity: 1.80504e-07
Execution time: 64s
For SDRP=0.9: 
Unitary fidelity: 4.901e-07
Execution time: 65s
For SDRP=0.875: 
Unitary fidelity: 4.90098e-07
Execution time: 64s

~~~~~~~~~~~~~~~~~~~~~~~~~~~~~~~~~~~~~~~~~~~~~~~~~~~~~~~~~~~~~~~~~~~~~~~~~~~~~~~
benchmarks is a Catch v2.13.7 host application.
Run with -? for options

Randomness seeded to: 1685740746

-------------------------------------------------------------------------------
test_noisy_fidelity_2qb_nn_estimate
-------------------------------------------------------------------------------
/home/paperspace/qrack/test/benchmarks.cpp:5763
...............................................................................

/home/paperspace/qrack/test/benchmarks.cpp:5763: FAILED:
due to unexpected exception with message:
  Cannot instantiate a QPager with greater capacity than environment variable
  QRACK_MAX_PAGING_QB.

===============================================================================
test cases: 1 | 1 failed
assertions: 1 | 1 failed

Random Seed: 1685740974 (Overridden by hardware generation!)
Device #0, Loaded binary from: /home/paperspace/.qrack/qrack_ocl_dev_NVIDIA_A100-SXM4-80GB.ir
Default platform: NVIDIA CUDA
Default device: #0, NVIDIA A100-SXM4-80GB
OpenCL device #0: NVIDIA A100-SXM4-80GB
############ Default Optimal (QUnit) ############
Filters: test_noisy_fidelity_2qb_nn_estimate
>>> 'test_noisy_fidelity_2qb_nn_estimate':
Circuit width: 54
Circuit layer depth (excluding factor of x2 for mirror validation): 9
For SDRP=1: 
Unitary fidelity: 1.94193e-10
Execution time: 0s
For SDRP=0.975: 
Unitary fidelity: 3.86048e-10
Execution time: 0s
For SDRP=0.95: 
Unitary fidelity: 2.03708e-09
Execution time: 1s
For SDRP=0.925: 
Unitary fidelity: 4.36109e-09
Execution time: 1s
For SDRP=0.9: 
Unitary fidelity: 4.54154e-09
Execution time: 1s
For SDRP=0.875: 
Unitary fidelity: 4.42086e-09
Execution time: 1s

~~~~~~~~~~~~~~~~~~~~~~~~~~~~~~~~~~~~~~~~~~~~~~~~~~~~~~~~~~~~~~~~~~~~~~~~~~~~~~~
benchmarks is a Catch v2.13.7 host application.
Run with -? for options

Randomness seeded to: 1685740974

-------------------------------------------------------------------------------
test_noisy_fidelity_2qb_nn_estimate
-------------------------------------------------------------------------------
/home/paperspace/qrack/test/benchmarks.cpp:5763
...............................................................................

/home/paperspace/qrack/test/benchmarks.cpp:5763: FAILED:
due to unexpected exception with message:
  Cannot instantiate a QPager with greater capacity than environment variable
  QRACK_MAX_PAGING_QB.

===============================================================================
test cases: 1 | 1 failed
assertions: 1 | 1 failed

Random Seed: 1685740981 (Overridden by hardware generation!)
Device #0, Loaded binary from: /home/paperspace/.qrack/qrack_ocl_dev_NVIDIA_A100-SXM4-80GB.ir
Default platform: NVIDIA CUDA
Default device: #0, NVIDIA A100-SXM4-80GB
OpenCL device #0: NVIDIA A100-SXM4-80GB
############ Default Optimal (QUnit) ############
Filters: test_noisy_fidelity_2qb_nn_estimate
>>> 'test_noisy_fidelity_2qb_nn_estimate':
Circuit width: 54
Circuit layer depth (excluding factor of x2 for mirror validation): 9
For SDRP=1: 
Unitary fidelity: 6.5717e-09
Execution time: 0s
For SDRP=0.975: 
Unitary fidelity: 1.23532e-08
Execution time: 0s
For SDRP=0.95: 
Unitary fidelity: 1.23532e-08
Execution time: 0s
For SDRP=0.925: 
Unitary fidelity: 9.75463e-09
Execution time: 0s
For SDRP=0.9: 
Unitary fidelity: 1.8934e-08
Execution time: 0s
For SDRP=0.875: 
Unitary fidelity: 2.69917e-08
Execution time: 0s
For SDRP=0.85: 
Unitary fidelity: 1.46886e-08
Execution time: 0s
For SDRP=0.825: 
Unitary fidelity: 2.85679e-08
Execution time: 0s
For SDRP=0.8: 
Unitary fidelity: 1.06396e-07
Execution time: 0s
For SDRP=0.775: 
Unitary fidelity: 1.89546e-06
Execution time: 1s
For SDRP=0.75: 
Unitary fidelity: 4.27657e-06
Execution time: 1s
For SDRP=0.725: 
Unitary fidelity: 9.35517e-06
Execution time: 3s
For SDRP=0.7: 
Unitary fidelity: 9.35518e-06
Execution time: 3s
For SDRP=0.675: 
Unitary fidelity: 1.77874e-05
Execution time: 11s

~~~~~~~~~~~~~~~~~~~~~~~~~~~~~~~~~~~~~~~~~~~~~~~~~~~~~~~~~~~~~~~~~~~~~~~~~~~~~~~
benchmarks is a Catch v2.13.7 host application.
Run with -? for options

Randomness seeded to: 1685740981

-------------------------------------------------------------------------------
test_noisy_fidelity_2qb_nn_estimate
-------------------------------------------------------------------------------
/home/paperspace/qrack/test/benchmarks.cpp:5763
...............................................................................

/home/paperspace/qrack/test/benchmarks.cpp:5763: FAILED:
due to unexpected exception with message:
  Cannot instantiate a QPager with greater capacity than environment variable
  QRACK_MAX_PAGING_QB.

===============================================================================
test cases: 1 | 1 failed
assertions: 1 | 1 failed

Random Seed: 1685741022 (Overridden by hardware generation!)
Device #0, Loaded binary from: /home/paperspace/.qrack/qrack_ocl_dev_NVIDIA_A100-SXM4-80GB.ir
Default platform: NVIDIA CUDA
Default device: #0, NVIDIA A100-SXM4-80GB
OpenCL device #0: NVIDIA A100-SXM4-80GB
############ Default Optimal (QUnit) ############
Filters: test_noisy_fidelity_2qb_nn_estimate
>>> 'test_noisy_fidelity_2qb_nn_estimate':
Circuit width: 54
Circuit layer depth (excluding factor of x2 for mirror validation): 9
For SDRP=1: 
Unitary fidelity: 4.64288e-08
Execution time: 1s
For SDRP=0.975: 
Unitary fidelity: 4.64284e-08
Execution time: 1s
For SDRP=0.95: 
Unitary fidelity: 1.03356e-08
Execution time: 1s
For SDRP=0.925: 
Unitary fidelity: 4.20951e-08
Execution time: 2s
For SDRP=0.9: 
Unitary fidelity: 2.76821e-08
Execution time: 17s
For SDRP=0.875: 
Unitary fidelity: 1.72681e-07
Execution time: 17s
For SDRP=0.85: 
Unitary fidelity: 5.31447e-07
Execution time: 17s
For SDRP=0.825: 
Unitary fidelity: 5.68683e-07
Execution time: 8s
For SDRP=0.8: 
Unitary fidelity: 8.96401e-07
Execution time: 12s
For SDRP=0.775: 
Unitary fidelity: 8.96378e-07
Execution time: 12s
For SDRP=0.75: 
Unitary fidelity: 1.74293e-05
Execution time: 11s
For SDRP=0.725: 
Unitary fidelity: 8.70785e-06
Execution time: 13s

~~~~~~~~~~~~~~~~~~~~~~~~~~~~~~~~~~~~~~~~~~~~~~~~~~~~~~~~~~~~~~~~~~~~~~~~~~~~~~~
benchmarks is a Catch v2.13.7 host application.
Run with -? for options

Randomness seeded to: 1685741022

-------------------------------------------------------------------------------
test_noisy_fidelity_2qb_nn_estimate
-------------------------------------------------------------------------------
/home/paperspace/qrack/test/benchmarks.cpp:5763
...............................................................................

/home/paperspace/qrack/test/benchmarks.cpp:5763: FAILED:
due to unexpected exception with message:
  VRAM limits exceeded in QEngineOCL::AddAlloc()

===============================================================================
test cases: 1 | 1 failed
assertions: 1 | 1 failed

Random Seed: 1685741142 (Overridden by hardware generation!)
Device #0, Loaded binary from: /home/paperspace/.qrack/qrack_ocl_dev_NVIDIA_A100-SXM4-80GB.ir
Default platform: NVIDIA CUDA
Default device: #0, NVIDIA A100-SXM4-80GB
OpenCL device #0: NVIDIA A100-SXM4-80GB
############ Default Optimal (QUnit) ############
Filters: test_noisy_fidelity_2qb_nn_estimate
>>> 'test_noisy_fidelity_2qb_nn_estimate':
Circuit width: 54
Circuit layer depth (excluding factor of x2 for mirror validation): 9
For SDRP=1: 
Unitary fidelity: 1.4456e-08
Execution time: 0s
For SDRP=0.975: 
Unitary fidelity: 1.08067e-07
Execution time: 0s
For SDRP=0.95: 
Unitary fidelity: 1.08067e-07
Execution time: 0s
For SDRP=0.925: 
Unitary fidelity: 4.84829e-08
Execution time: 0s
For SDRP=0.9: 
Unitary fidelity: 6.51781e-08
Execution time: 0s
For SDRP=0.875: 
Unitary fidelity: 1.44965e-07
Execution time: 0s
For SDRP=0.85: 
Unitary fidelity: 2.48857e-07
Execution time: 0s
For SDRP=0.825: 
Unitary fidelity: 1.16054e-06
Execution time: 0s
For SDRP=0.8: 
Unitary fidelity: 2.35228e-06
Execution time: 0s
For SDRP=0.775: 
Unitary fidelity: 4.82945e-06
Execution time: 8s
For SDRP=0.75: 
Unitary fidelity: 4.06221e-06
Execution time: 1s
For SDRP=0.725: 
Unitary fidelity: 7.11863e-06
Execution time: 2s
For SDRP=0.7: 
Unitary fidelity: 1.61456e-05
Execution time: 27s

~~~~~~~~~~~~~~~~~~~~~~~~~~~~~~~~~~~~~~~~~~~~~~~~~~~~~~~~~~~~~~~~~~~~~~~~~~~~~~~
benchmarks is a Catch v2.13.7 host application.
Run with -? for options

Randomness seeded to: 1685741142

-------------------------------------------------------------------------------
test_noisy_fidelity_2qb_nn_estimate
-------------------------------------------------------------------------------
/home/paperspace/qrack/test/benchmarks.cpp:5763
...............................................................................

/home/paperspace/qrack/test/benchmarks.cpp:5763: FAILED:
due to unexpected exception with message:
  Cannot instantiate a QPager with greater capacity than environment variable
  QRACK_MAX_PAGING_QB.

===============================================================================
test cases: 1 | 1 failed
assertions: 1 | 1 failed

Random Seed: 1685741206 (Overridden by hardware generation!)
Device #0, Loaded binary from: /home/paperspace/.qrack/qrack_ocl_dev_NVIDIA_A100-SXM4-80GB.ir
Default platform: NVIDIA CUDA
Default device: #0, NVIDIA A100-SXM4-80GB
OpenCL device #0: NVIDIA A100-SXM4-80GB
############ Default Optimal (QUnit) ############
Filters: test_noisy_fidelity_2qb_nn_estimate
>>> 'test_noisy_fidelity_2qb_nn_estimate':
Circuit width: 54
Circuit layer depth (excluding factor of x2 for mirror validation): 9
For SDRP=1: 
Unitary fidelity: 2.74759e-08
Execution time: 0s
For SDRP=0.975: 
Unitary fidelity: 2.74761e-08
Execution time: 0s
For SDRP=0.95: 
Unitary fidelity: 2.74761e-08
Execution time: 0s
For SDRP=0.925: 
Unitary fidelity: 5.63725e-08
Execution time: 0s
For SDRP=0.9: 
Unitary fidelity: 2.68801e-08
Execution time: 0s
For SDRP=0.875: 
Unitary fidelity: 1.04777e-07
Execution time: 0s
For SDRP=0.85: 
Unitary fidelity: 1.04778e-07
Execution time: 0s
For SDRP=0.825: 
Unitary fidelity: 8.08177e-08
Execution time: 0s
For SDRP=0.8: 
Unitary fidelity: 1.74893e-07
Execution time: 0s
For SDRP=0.775: 
Unitary fidelity: 3.74917e-07
Execution time: 0s
For SDRP=0.75: 
Unitary fidelity: 4.32385e-07
Execution time: 0s
For SDRP=0.725: 
Unitary fidelity: 4.32385e-07
Execution time: 0s
For SDRP=0.7: 
Unitary fidelity: 7.31388e-06
Execution time: 7s
For SDRP=0.675: 
Unitary fidelity: 1.30614e-05
Execution time: 11s
For SDRP=0.65: 
Unitary fidelity: 7.21817e-05
Execution time: 60s
For SDRP=0.625: 
Unitary fidelity: 8.67141e-05
Execution time: 1s
For SDRP=0.6: 
Unitary fidelity: 0.000180831
Execution time: 2s
For SDRP=0.575: 
Unitary fidelity: 0.000568754
Execution time: 19s
For SDRP=0.55: 
Unitary fidelity: 0.00139675
Execution time: 20s
For SDRP=0.525: 
Unitary fidelity: 0.00163646
Execution time: 28s
For SDRP=0.5: 
Unitary fidelity: 0.00184584
Execution time: 53s

~~~~~~~~~~~~~~~~~~~~~~~~~~~~~~~~~~~~~~~~~~~~~~~~~~~~~~~~~~~~~~~~~~~~~~~~~~~~~~~
benchmarks is a Catch v2.13.7 host application.
Run with -? for options

Randomness seeded to: 1685741206

-------------------------------------------------------------------------------
test_noisy_fidelity_2qb_nn_estimate
-------------------------------------------------------------------------------
/home/paperspace/qrack/test/benchmarks.cpp:5763
...............................................................................

/home/paperspace/qrack/test/benchmarks.cpp:5763: FAILED:
due to unexpected exception with message:
  Cannot instantiate a QPager with greater capacity than environment variable
  QRACK_MAX_PAGING_QB.

===============================================================================
test cases: 1 | 1 failed
assertions: 1 | 1 failed

Random Seed: 1685741450 (Overridden by hardware generation!)
Device #0, Loaded binary from: /home/paperspace/.qrack/qrack_ocl_dev_NVIDIA_A100-SXM4-80GB.ir
Default platform: NVIDIA CUDA
Default device: #0, NVIDIA A100-SXM4-80GB
OpenCL device #0: NVIDIA A100-SXM4-80GB
############ Default Optimal (QUnit) ############
Filters: test_noisy_fidelity_2qb_nn_estimate
>>> 'test_noisy_fidelity_2qb_nn_estimate':
Circuit width: 54
Circuit layer depth (excluding factor of x2 for mirror validation): 9
For SDRP=1: 
Unitary fidelity: 4.7858e-08
Execution time: 0s
For SDRP=0.975: 
Unitary fidelity: 8.68607e-08
Execution time: 0s
For SDRP=0.95: 
Unitary fidelity: 8.68606e-08
Execution time: 0s
For SDRP=0.925: 
Unitary fidelity: 1.77577e-07
Execution time: 0s
For SDRP=0.9: 
Unitary fidelity: 1.84795e-07
Execution time: 0s
For SDRP=0.875: 
Unitary fidelity: 2.40538e-07
Execution time: 0s
For SDRP=0.85: 
Unitary fidelity: 3.2424e-07
Execution time: 0s
For SDRP=0.825: 
Unitary fidelity: 5.22582e-07
Execution time: 0s
For SDRP=0.8: 
Unitary fidelity: 5.42495e-07
Execution time: 0s
For SDRP=0.775: 
Unitary fidelity: 2.33234e-06
Execution time: 0s
For SDRP=0.75: 
Unitary fidelity: 3.01885e-06
Execution time: 0s
For SDRP=0.725: 
Unitary fidelity: 1.46344e-05
Execution time: 0s
For SDRP=0.7: 
Unitary fidelity: 2.74188e-05
Execution time: 0s
For SDRP=0.675: 
Unitary fidelity: 9.42102e-05
Execution time: 0s
For SDRP=0.65: 
Unitary fidelity: 0.000202285
Execution time: 0s
For SDRP=0.625: 
Unitary fidelity: 0.000437803
Execution time: 0s
For SDRP=0.6: 
Unitary fidelity: 0.00126626
Execution time: 0s
For SDRP=0.575: 
Unitary fidelity: 0.00472404
Execution time: 0s
For SDRP=0.55: 
Unitary fidelity: 0.00506815
Execution time: 0s
For SDRP=0.525: 
Unitary fidelity: 0.00506816
Execution time: 0s
For SDRP=0.5: 
Unitary fidelity: 0.0115478
Execution time: 0s
For SDRP=0.475: 
Unitary fidelity: 0.0213971
Execution time: 5s
For SDRP=0.45: 
Unitary fidelity: 0.0463943
Execution time: 5s
For SDRP=0.425: 
Unitary fidelity: 0.0743091
Execution time: 8s
For SDRP=0.4: 
Unitary fidelity: 0.0923413
Execution time: 9s
For SDRP=0.375: 
Unitary fidelity: 0.119365
Execution time: 8s
For SDRP=0.35: 
Unitary fidelity: 0.214235
Execution time: 8s
For SDRP=0.325: 
Unitary fidelity: 0.258908
Execution time: 8s
For SDRP=0.3: 
Unitary fidelity: 0.307575
Execution time: 8s
For SDRP=0.275: 
Unitary fidelity: 0.356989
Execution time: 15s
For SDRP=0.25: 
Unitary fidelity: 0.677998
Execution time: 13s
For SDRP=0.225: 
Unitary fidelity: 0.821151
Execution time: 13s
For SDRP=0.2: 
Unitary fidelity: 0.821151
Execution time: 13s
For SDRP=0.175: 
Unitary fidelity: 0.821151
Execution time: 13s
For SDRP=0.15: 
Unitary fidelity: 0.821151
Execution time: 13s
For SDRP=0.125: 
Unitary fidelity: 0.821151
Execution time: 13s
For SDRP=0.1: 
Unitary fidelity: 0.846336
Execution time: 14s

~~~~~~~~~~~~~~~~~~~~~~~~~~~~~~~~~~~~~~~~~~~~~~~~~~~~~~~~~~~~~~~~~~~~~~~~~~~~~~~
benchmarks is a Catch v2.13.7 host application.
Run with -? for options

Randomness seeded to: 1685741450

-------------------------------------------------------------------------------
test_noisy_fidelity_2qb_nn_estimate
-------------------------------------------------------------------------------
/home/paperspace/qrack/test/benchmarks.cpp:5763
...............................................................................

/home/paperspace/qrack/test/benchmarks.cpp:5763: FAILED:
due to unexpected exception with message:
  Cannot instantiate a QPager with greater capacity than environment variable
  QRACK_MAX_PAGING_QB.

===============================================================================
test cases: 1 | 1 failed
assertions: 1 | 1 failed

Random Seed: 1685741651 (Overridden by hardware generation!)
Device #0, Loaded binary from: /home/paperspace/.qrack/qrack_ocl_dev_NVIDIA_A100-SXM4-80GB.ir
Default platform: NVIDIA CUDA
Default device: #0, NVIDIA A100-SXM4-80GB
OpenCL device #0: NVIDIA A100-SXM4-80GB
############ Default Optimal (QUnit) ############
Filters: test_noisy_fidelity_2qb_nn_estimate
>>> 'test_noisy_fidelity_2qb_nn_estimate':
Circuit width: 54
Circuit layer depth (excluding factor of x2 for mirror validation): 9
For SDRP=1: 
Unitary fidelity: 1.3389e-07
Execution time: 0s
For SDRP=0.975: 
Unitary fidelity: 4.58288e-08
Execution time: 0s
For SDRP=0.95: 
Unitary fidelity: 4.58288e-08
Execution time: 0s
For SDRP=0.925: 
Unitary fidelity: 4.58289e-08
Execution time: 0s
For SDRP=0.9: 
Unitary fidelity: 4.5829e-08
Execution time: 0s
For SDRP=0.875: 
Unitary fidelity: 4.58288e-08
Execution time: 0s
For SDRP=0.85: 
Unitary fidelity: 5.04116e-08
Execution time: 0s
For SDRP=0.825: 
Unitary fidelity: 8.88378e-08
Execution time: 0s
For SDRP=0.8: 
Unitary fidelity: 3.24016e-07
Execution time: 0s
For SDRP=0.775: 
Unitary fidelity: 5.26091e-07
Execution time: 10s

~~~~~~~~~~~~~~~~~~~~~~~~~~~~~~~~~~~~~~~~~~~~~~~~~~~~~~~~~~~~~~~~~~~~~~~~~~~~~~~
benchmarks is a Catch v2.13.7 host application.
Run with -? for options

Randomness seeded to: 1685741651

-------------------------------------------------------------------------------
test_noisy_fidelity_2qb_nn_estimate
-------------------------------------------------------------------------------
/home/paperspace/qrack/test/benchmarks.cpp:5763
...............................................................................

/home/paperspace/qrack/test/benchmarks.cpp:5763: FAILED:
due to unexpected exception with message:
  Cannot instantiate a QPager with greater capacity than environment variable
  QRACK_MAX_PAGING_QB.

===============================================================================
test cases: 1 | 1 failed
assertions: 1 | 1 failed

Random Seed: 1685741662 (Overridden by hardware generation!)
Device #0, Loaded binary from: /home/paperspace/.qrack/qrack_ocl_dev_NVIDIA_A100-SXM4-80GB.ir
Default platform: NVIDIA CUDA
Default device: #0, NVIDIA A100-SXM4-80GB
OpenCL device #0: NVIDIA A100-SXM4-80GB
############ Default Optimal (QUnit) ############
Filters: test_noisy_fidelity_2qb_nn_estimate
>>> 'test_noisy_fidelity_2qb_nn_estimate':
Circuit width: 54
Circuit layer depth (excluding factor of x2 for mirror validation): 9
For SDRP=1: 
Unitary fidelity: 4.94583e-08
Execution time: 11s
For SDRP=0.975: 
Unitary fidelity: 4.09071e-08
Execution time: 11s
For SDRP=0.95: 
Unitary fidelity: 1.79397e-07
Execution time: 11s

~~~~~~~~~~~~~~~~~~~~~~~~~~~~~~~~~~~~~~~~~~~~~~~~~~~~~~~~~~~~~~~~~~~~~~~~~~~~~~~
benchmarks is a Catch v2.13.7 host application.
Run with -? for options

Randomness seeded to: 1685741662

-------------------------------------------------------------------------------
test_noisy_fidelity_2qb_nn_estimate
-------------------------------------------------------------------------------
/home/paperspace/qrack/test/benchmarks.cpp:5763
...............................................................................

/home/paperspace/qrack/test/benchmarks.cpp:5763: FAILED:
due to unexpected exception with message:
  Cannot instantiate a QPager with greater capacity than environment variable
  QRACK_MAX_PAGING_QB.

===============================================================================
test cases: 1 | 1 failed
assertions: 1 | 1 failed

Random Seed: 1685741706 (Overridden by hardware generation!)
Device #0, Loaded binary from: /home/paperspace/.qrack/qrack_ocl_dev_NVIDIA_A100-SXM4-80GB.ir
Default platform: NVIDIA CUDA
Default device: #0, NVIDIA A100-SXM4-80GB
OpenCL device #0: NVIDIA A100-SXM4-80GB
############ Default Optimal (QUnit) ############
Filters: test_noisy_fidelity_2qb_nn_estimate
>>> 'test_noisy_fidelity_2qb_nn_estimate':
Circuit width: 54
Circuit layer depth (excluding factor of x2 for mirror validation): 9

~~~~~~~~~~~~~~~~~~~~~~~~~~~~~~~~~~~~~~~~~~~~~~~~~~~~~~~~~~~~~~~~~~~~~~~~~~~~~~~
benchmarks is a Catch v2.13.7 host application.
Run with -? for options

Randomness seeded to: 1685741706

-------------------------------------------------------------------------------
test_noisy_fidelity_2qb_nn_estimate
-------------------------------------------------------------------------------
/home/paperspace/qrack/test/benchmarks.cpp:5763
...............................................................................

/home/paperspace/qrack/test/benchmarks.cpp:5763: FAILED:
due to unexpected exception with message:
  Cannot instantiate a QPager with greater capacity than environment variable
  QRACK_MAX_PAGING_QB.

===============================================================================
test cases: 1 | 1 failed
assertions: 1 | 1 failed

Random Seed: 1685741708 (Overridden by hardware generation!)
Device #0, Loaded binary from: /home/paperspace/.qrack/qrack_ocl_dev_NVIDIA_A100-SXM4-80GB.ir
Default platform: NVIDIA CUDA
Default device: #0, NVIDIA A100-SXM4-80GB
OpenCL device #0: NVIDIA A100-SXM4-80GB
############ Default Optimal (QUnit) ############
Filters: test_noisy_fidelity_2qb_nn_estimate
>>> 'test_noisy_fidelity_2qb_nn_estimate':
Circuit width: 54
Circuit layer depth (excluding factor of x2 for mirror validation): 9
For SDRP=1: 
Unitary fidelity: 6.38e-08
Execution time: 0s
For SDRP=0.975: 
Unitary fidelity: 6.37999e-08
Execution time: 0s
For SDRP=0.95: 
Unitary fidelity: 6.38e-08
Execution time: 0s
For SDRP=0.925: 
Unitary fidelity: 6.37999e-08
Execution time: 0s
For SDRP=0.9: 
Unitary fidelity: 6.37999e-08
Execution time: 0s
For SDRP=0.875: 
Unitary fidelity: 2.43631e-06
Execution time: 0s
For SDRP=0.85: 
Unitary fidelity: 6.97171e-06
Execution time: 4s
For SDRP=0.825: 
Unitary fidelity: 2.54568e-06
Execution time: 1s
For SDRP=0.8: 
Unitary fidelity: 3.7066e-05
Execution time: 6s
For SDRP=0.775: 
Unitary fidelity: 3.57745e-05
Execution time: 29s
For SDRP=0.75: 
Unitary fidelity: 2.07028e-05
Execution time: 22s

~~~~~~~~~~~~~~~~~~~~~~~~~~~~~~~~~~~~~~~~~~~~~~~~~~~~~~~~~~~~~~~~~~~~~~~~~~~~~~~
benchmarks is a Catch v2.13.7 host application.
Run with -? for options

Randomness seeded to: 1685741708

-------------------------------------------------------------------------------
test_noisy_fidelity_2qb_nn_estimate
-------------------------------------------------------------------------------
/home/paperspace/qrack/test/benchmarks.cpp:5763
...............................................................................

/home/paperspace/qrack/test/benchmarks.cpp:5763: FAILED:
due to unexpected exception with message:
  Cannot instantiate a QPager with greater capacity than environment variable
  QRACK_MAX_PAGING_QB.

===============================================================================
test cases: 1 | 1 failed
assertions: 1 | 1 failed

Random Seed: 1685741785 (Overridden by hardware generation!)
Device #0, Loaded binary from: /home/paperspace/.qrack/qrack_ocl_dev_NVIDIA_A100-SXM4-80GB.ir
Default platform: NVIDIA CUDA
Default device: #0, NVIDIA A100-SXM4-80GB
OpenCL device #0: NVIDIA A100-SXM4-80GB
############ Default Optimal (QUnit) ############
Filters: test_noisy_fidelity_2qb_nn_estimate
>>> 'test_noisy_fidelity_2qb_nn_estimate':
Circuit width: 54
Circuit layer depth (excluding factor of x2 for mirror validation): 9
For SDRP=1: 
Unitary fidelity: 9.49646e-09
Execution time: 4s
For SDRP=0.975: 
Unitary fidelity: 9.49648e-09
Execution time: 3s
For SDRP=0.95: 
Unitary fidelity: 9.49653e-09
Execution time: 3s
For SDRP=0.925: 
Unitary fidelity: 9.49647e-09
Execution time: 3s
For SDRP=0.9: 
Unitary fidelity: 2.57108e-08
Execution time: 13s
For SDRP=0.875: 
Unitary fidelity: 2.64306e-08
Execution time: 16s

~~~~~~~~~~~~~~~~~~~~~~~~~~~~~~~~~~~~~~~~~~~~~~~~~~~~~~~~~~~~~~~~~~~~~~~~~~~~~~~
benchmarks is a Catch v2.13.7 host application.
Run with -? for options

Randomness seeded to: 1685741785

-------------------------------------------------------------------------------
test_noisy_fidelity_2qb_nn_estimate
-------------------------------------------------------------------------------
/home/paperspace/qrack/test/benchmarks.cpp:5763
...............................................................................

/home/paperspace/qrack/test/benchmarks.cpp:5763: FAILED:
due to unexpected exception with message:
  VRAM limits exceeded in QEngineOCL::AddAlloc()

===============================================================================
test cases: 1 | 1 failed
assertions: 1 | 1 failed

Random Seed: 1685741836 (Overridden by hardware generation!)
Device #0, Loaded binary from: /home/paperspace/.qrack/qrack_ocl_dev_NVIDIA_A100-SXM4-80GB.ir
Default platform: NVIDIA CUDA
Default device: #0, NVIDIA A100-SXM4-80GB
OpenCL device #0: NVIDIA A100-SXM4-80GB
############ Default Optimal (QUnit) ############
Filters: test_noisy_fidelity_2qb_nn_estimate
>>> 'test_noisy_fidelity_2qb_nn_estimate':
Circuit width: 54
Circuit layer depth (excluding factor of x2 for mirror validation): 9
For SDRP=1: 
Unitary fidelity: 1.09056e-08
Execution time: 0s
For SDRP=0.975: 
Unitary fidelity: 1.09056e-08
Execution time: 0s
For SDRP=0.95: 
Unitary fidelity: 1.09057e-08
Execution time: 0s
For SDRP=0.925: 
Unitary fidelity: 1.09056e-08
Execution time: 0s
For SDRP=0.9: 
Unitary fidelity: 1.09056e-08
Execution time: 0s
For SDRP=0.875: 
Unitary fidelity: 1.09057e-08
Execution time: 0s
For SDRP=0.85: 
Unitary fidelity: 3.42016e-08
Execution time: 0s
For SDRP=0.825: 
Unitary fidelity: 5.21592e-07
Execution time: 4s

~~~~~~~~~~~~~~~~~~~~~~~~~~~~~~~~~~~~~~~~~~~~~~~~~~~~~~~~~~~~~~~~~~~~~~~~~~~~~~~
benchmarks is a Catch v2.13.7 host application.
Run with -? for options

Randomness seeded to: 1685741836

-------------------------------------------------------------------------------
test_noisy_fidelity_2qb_nn_estimate
-------------------------------------------------------------------------------
/home/paperspace/qrack/test/benchmarks.cpp:5763
...............................................................................

/home/paperspace/qrack/test/benchmarks.cpp:5763: FAILED:
due to unexpected exception with message:
  Cannot instantiate a QPager with greater capacity than environment variable
  QRACK_MAX_PAGING_QB.

===============================================================================
test cases: 1 | 1 failed
assertions: 1 | 1 failed

Random Seed: 1685741856 (Overridden by hardware generation!)
Device #0, Loaded binary from: /home/paperspace/.qrack/qrack_ocl_dev_NVIDIA_A100-SXM4-80GB.ir
Default platform: NVIDIA CUDA
Default device: #0, NVIDIA A100-SXM4-80GB
OpenCL device #0: NVIDIA A100-SXM4-80GB
############ Default Optimal (QUnit) ############
Filters: test_noisy_fidelity_2qb_nn_estimate
>>> 'test_noisy_fidelity_2qb_nn_estimate':
Circuit width: 54
Circuit layer depth (excluding factor of x2 for mirror validation): 9
For SDRP=1: 
Unitary fidelity: 1.22273e-07
Execution time: 0s
For SDRP=0.975: 
Unitary fidelity: 1.87962e-07
Execution time: 0s
For SDRP=0.95: 
Unitary fidelity: 1.87962e-07
Execution time: 0s
For SDRP=0.925: 
Unitary fidelity: 3.56667e-07
Execution time: 0s
For SDRP=0.9: 
Unitary fidelity: 3.56668e-07
Execution time: 0s
For SDRP=0.875: 
Unitary fidelity: 3.56667e-07
Execution time: 0s
For SDRP=0.85: 
Unitary fidelity: 7.33837e-07
Execution time: 3s
For SDRP=0.825: 
Unitary fidelity: 1.04096e-06
Execution time: 10s

~~~~~~~~~~~~~~~~~~~~~~~~~~~~~~~~~~~~~~~~~~~~~~~~~~~~~~~~~~~~~~~~~~~~~~~~~~~~~~~
benchmarks is a Catch v2.13.7 host application.
Run with -? for options

Randomness seeded to: 1685741856

-------------------------------------------------------------------------------
test_noisy_fidelity_2qb_nn_estimate
-------------------------------------------------------------------------------
/home/paperspace/qrack/test/benchmarks.cpp:5763
...............................................................................

/home/paperspace/qrack/test/benchmarks.cpp:5763: FAILED:
due to unexpected exception with message:
  Cannot instantiate a QPager with greater capacity than environment variable
  QRACK_MAX_PAGING_QB.

===============================================================================
test cases: 1 | 1 failed
assertions: 1 | 1 failed

Random Seed: 1685741876 (Overridden by hardware generation!)
Device #0, Loaded binary from: /home/paperspace/.qrack/qrack_ocl_dev_NVIDIA_A100-SXM4-80GB.ir
Default platform: NVIDIA CUDA
Default device: #0, NVIDIA A100-SXM4-80GB
OpenCL device #0: NVIDIA A100-SXM4-80GB
############ Default Optimal (QUnit) ############
Filters: test_noisy_fidelity_2qb_nn_estimate
>>> 'test_noisy_fidelity_2qb_nn_estimate':
Circuit width: 54
Circuit layer depth (excluding factor of x2 for mirror validation): 9
For SDRP=1: 
Unitary fidelity: 2.87095e-08
Execution time: 0s
For SDRP=0.975: 
Unitary fidelity: 4.67687e-08
Execution time: 0s
For SDRP=0.95: 
Unitary fidelity: 4.67694e-08
Execution time: 0s
For SDRP=0.925: 
Unitary fidelity: 4.6769e-08
Execution time: 0s
For SDRP=0.9: 
Unitary fidelity: 4.67691e-08
Execution time: 0s
For SDRP=0.875: 
Unitary fidelity: 1.46722e-07
Execution time: 0s
For SDRP=0.85: 
Unitary fidelity: 6.93081e-07
Execution time: 0s
For SDRP=0.825: 
Unitary fidelity: 1.14857e-06
Execution time: 0s
For SDRP=0.8: 
Unitary fidelity: 1.14857e-06
Execution time: 0s
For SDRP=0.775: 
Unitary fidelity: 2.7812e-06
Execution time: 2s

~~~~~~~~~~~~~~~~~~~~~~~~~~~~~~~~~~~~~~~~~~~~~~~~~~~~~~~~~~~~~~~~~~~~~~~~~~~~~~~
benchmarks is a Catch v2.13.7 host application.
Run with -? for options

Randomness seeded to: 1685741876

-------------------------------------------------------------------------------
test_noisy_fidelity_2qb_nn_estimate
-------------------------------------------------------------------------------
/home/paperspace/qrack/test/benchmarks.cpp:5763
...............................................................................

/home/paperspace/qrack/test/benchmarks.cpp:5763: FAILED:
due to unexpected exception with message:
  Cannot instantiate a QPager with greater capacity than environment variable
  QRACK_MAX_PAGING_QB.

===============================================================================
test cases: 1 | 1 failed
assertions: 1 | 1 failed

Random Seed: 1685741881 (Overridden by hardware generation!)
Device #0, Loaded binary from: /home/paperspace/.qrack/qrack_ocl_dev_NVIDIA_A100-SXM4-80GB.ir
Default platform: NVIDIA CUDA
Default device: #0, NVIDIA A100-SXM4-80GB
OpenCL device #0: NVIDIA A100-SXM4-80GB
############ Default Optimal (QUnit) ############
Filters: test_noisy_fidelity_2qb_nn_estimate
>>> 'test_noisy_fidelity_2qb_nn_estimate':
Circuit width: 54
Circuit layer depth (excluding factor of x2 for mirror validation): 9
For SDRP=1: 
Unitary fidelity: 1.70761e-09
Execution time: 0s
For SDRP=0.975: 
Unitary fidelity: 1.70755e-09
Execution time: 0s
For SDRP=0.95: 
Unitary fidelity: 9.63762e-10
Execution time: 0s
For SDRP=0.925: 
Unitary fidelity: 5.47788e-09
Execution time: 0s
For SDRP=0.9: 
Unitary fidelity: 7.59584e-09
Execution time: 0s
For SDRP=0.875: 
Unitary fidelity: 1.39346e-08
Execution time: 0s
For SDRP=0.85: 
Unitary fidelity: 1.28292e-07
Execution time: 1s
For SDRP=0.825: 
Unitary fidelity: 6.30064e-07
Execution time: 2s
For SDRP=0.8: 
Unitary fidelity: 1.84366e-06
Execution time: 59s

~~~~~~~~~~~~~~~~~~~~~~~~~~~~~~~~~~~~~~~~~~~~~~~~~~~~~~~~~~~~~~~~~~~~~~~~~~~~~~~
benchmarks is a Catch v2.13.7 host application.
Run with -? for options

Randomness seeded to: 1685741881

-------------------------------------------------------------------------------
test_noisy_fidelity_2qb_nn_estimate
-------------------------------------------------------------------------------
/home/paperspace/qrack/test/benchmarks.cpp:5763
...............................................................................

/home/paperspace/qrack/test/benchmarks.cpp:5763: FAILED:
due to unexpected exception with message:
  Cannot instantiate a QPager with greater capacity than environment variable
  QRACK_MAX_PAGING_QB.

===============================================================================
test cases: 1 | 1 failed
assertions: 1 | 1 failed

Random Seed: 1685741973 (Overridden by hardware generation!)
Device #0, Loaded binary from: /home/paperspace/.qrack/qrack_ocl_dev_NVIDIA_A100-SXM4-80GB.ir
Default platform: NVIDIA CUDA
Default device: #0, NVIDIA A100-SXM4-80GB
OpenCL device #0: NVIDIA A100-SXM4-80GB
############ Default Optimal (QUnit) ############
Filters: test_noisy_fidelity_2qb_nn_estimate
>>> 'test_noisy_fidelity_2qb_nn_estimate':
Circuit width: 54
Circuit layer depth (excluding factor of x2 for mirror validation): 9
For SDRP=1: 
Unitary fidelity: 7.02334e-09
Execution time: 0s
For SDRP=0.975: 
Unitary fidelity: 7.02351e-09
Execution time: 0s
For SDRP=0.95: 
Unitary fidelity: 9.3861e-09
Execution time: 0s
For SDRP=0.925: 
Unitary fidelity: 9.38539e-09
Execution time: 0s
For SDRP=0.9: 
Unitary fidelity: 7.22475e-09
Execution time: 0s
For SDRP=0.875: 
Unitary fidelity: 2.32177e-08
Execution time: 0s
For SDRP=0.85: 
Unitary fidelity: 8.62114e-08
Execution time: 0s
For SDRP=0.825: 
Unitary fidelity: 9.02115e-08
Execution time: 0s
For SDRP=0.8: 
Unitary fidelity: 2.98616e-07
Execution time: 0s
For SDRP=0.775: 
Unitary fidelity: 3.79875e-07
Execution time: 1s
For SDRP=0.75: 
Unitary fidelity: 3.10988e-06
Execution time: 4s

~~~~~~~~~~~~~~~~~~~~~~~~~~~~~~~~~~~~~~~~~~~~~~~~~~~~~~~~~~~~~~~~~~~~~~~~~~~~~~~
benchmarks is a Catch v2.13.7 host application.
Run with -? for options

Randomness seeded to: 1685741973

-------------------------------------------------------------------------------
test_noisy_fidelity_2qb_nn_estimate
-------------------------------------------------------------------------------
/home/paperspace/qrack/test/benchmarks.cpp:5763
...............................................................................

/home/paperspace/qrack/test/benchmarks.cpp:5763: FAILED:
due to unexpected exception with message:
  Cannot instantiate a QPager with greater capacity than environment variable
  QRACK_MAX_PAGING_QB.

===============================================================================
test cases: 1 | 1 failed
assertions: 1 | 1 failed

Random Seed: 1685741994 (Overridden by hardware generation!)
Device #0, Loaded binary from: /home/paperspace/.qrack/qrack_ocl_dev_NVIDIA_A100-SXM4-80GB.ir
Default platform: NVIDIA CUDA
Default device: #0, NVIDIA A100-SXM4-80GB
OpenCL device #0: NVIDIA A100-SXM4-80GB
############ Default Optimal (QUnit) ############
Filters: test_noisy_fidelity_2qb_nn_estimate
>>> 'test_noisy_fidelity_2qb_nn_estimate':
Circuit width: 54
Circuit layer depth (excluding factor of x2 for mirror validation): 9
For SDRP=1: 
Unitary fidelity: 1.27974e-09
Execution time: 0s
For SDRP=0.975: 
Unitary fidelity: 1.27968e-09
Execution time: 0s
For SDRP=0.95: 
Unitary fidelity: 1.2797e-09
Execution time: 0s
For SDRP=0.925: 
Unitary fidelity: 4.07808e-09
Execution time: 0s
For SDRP=0.9: 
Unitary fidelity: 5.20406e-09
Execution time: 0s
For SDRP=0.875: 
Unitary fidelity: 5.16313e-08
Execution time: 0s
For SDRP=0.85: 
Unitary fidelity: 2.99268e-08
Execution time: 0s
For SDRP=0.825: 
Unitary fidelity: 1.22399e-07
Execution time: 1s
For SDRP=0.8: 
Unitary fidelity: 1.5396e-07
Execution time: 1s
For SDRP=0.775: 
Unitary fidelity: 4.36347e-07
Execution time: 4s
For SDRP=0.75: 
Unitary fidelity: 6.57217e-07
Execution time: 13s
For SDRP=0.725: 
Unitary fidelity: 2.358e-05
Execution time: 44s

~~~~~~~~~~~~~~~~~~~~~~~~~~~~~~~~~~~~~~~~~~~~~~~~~~~~~~~~~~~~~~~~~~~~~~~~~~~~~~~
benchmarks is a Catch v2.13.7 host application.
Run with -? for options

Randomness seeded to: 1685741994

-------------------------------------------------------------------------------
test_noisy_fidelity_2qb_nn_estimate
-------------------------------------------------------------------------------
/home/paperspace/qrack/test/benchmarks.cpp:5763
...............................................................................

/home/paperspace/qrack/test/benchmarks.cpp:5763: FAILED:
due to unexpected exception with message:
  Cannot instantiate a QPager with greater capacity than environment variable
  QRACK_MAX_PAGING_QB.

===============================================================================
test cases: 1 | 1 failed
assertions: 1 | 1 failed

Random Seed: 1685742134 (Overridden by hardware generation!)
Device #0, Loaded binary from: /home/paperspace/.qrack/qrack_ocl_dev_NVIDIA_A100-SXM4-80GB.ir
Default platform: NVIDIA CUDA
Default device: #0, NVIDIA A100-SXM4-80GB
OpenCL device #0: NVIDIA A100-SXM4-80GB
############ Default Optimal (QUnit) ############
Filters: test_noisy_fidelity_2qb_nn_estimate
>>> 'test_noisy_fidelity_2qb_nn_estimate':
Circuit width: 54
Circuit layer depth (excluding factor of x2 for mirror validation): 9
For SDRP=1: 
Unitary fidelity: 3.4659e-09
Execution time: 0s
For SDRP=0.975: 
Unitary fidelity: 1.01093e-08
Execution time: 0s
For SDRP=0.95: 
Unitary fidelity: 1.01093e-08
Execution time: 0s
For SDRP=0.925: 
Unitary fidelity: 1.01093e-08
Execution time: 0s
For SDRP=0.9: 
Unitary fidelity: 1.84237e-08
Execution time: 0s
For SDRP=0.875: 
Unitary fidelity: 3.46592e-08
Execution time: 0s
For SDRP=0.85: 
Unitary fidelity: 1.24318e-07
Execution time: 0s
For SDRP=0.825: 
Unitary fidelity: 7.93175e-07
Execution time: 1s

~~~~~~~~~~~~~~~~~~~~~~~~~~~~~~~~~~~~~~~~~~~~~~~~~~~~~~~~~~~~~~~~~~~~~~~~~~~~~~~
benchmarks is a Catch v2.13.7 host application.
Run with -? for options

Randomness seeded to: 1685742134

-------------------------------------------------------------------------------
test_noisy_fidelity_2qb_nn_estimate
-------------------------------------------------------------------------------
/home/paperspace/qrack/test/benchmarks.cpp:5763
...............................................................................

/home/paperspace/qrack/test/benchmarks.cpp:5763: FAILED:
due to unexpected exception with message:
  Cannot instantiate a QPager with greater capacity than environment variable
  QRACK_MAX_PAGING_QB.

===============================================================================
test cases: 1 | 1 failed
assertions: 1 | 1 failed

Random Seed: 1685742152 (Overridden by hardware generation!)
Device #0, Loaded binary from: /home/paperspace/.qrack/qrack_ocl_dev_NVIDIA_A100-SXM4-80GB.ir
Default platform: NVIDIA CUDA
Default device: #0, NVIDIA A100-SXM4-80GB
OpenCL device #0: NVIDIA A100-SXM4-80GB
############ Default Optimal (QUnit) ############
Filters: test_noisy_fidelity_2qb_nn_estimate
>>> 'test_noisy_fidelity_2qb_nn_estimate':
Circuit width: 54
Circuit layer depth (excluding factor of x2 for mirror validation): 9
For SDRP=1: 
Unitary fidelity: 2.38395e-09
Execution time: 0s
For SDRP=0.975: 
Unitary fidelity: 1.94501e-09
Execution time: 0s
For SDRP=0.95: 
Unitary fidelity: 2.19685e-09
Execution time: 0s
For SDRP=0.925: 
Unitary fidelity: 1.20026e-09
Execution time: 0s
For SDRP=0.9: 
Unitary fidelity: 1.79307e-08
Execution time: 1s
For SDRP=0.875: 
Unitary fidelity: 7.53093e-08
Execution time: 1s

~~~~~~~~~~~~~~~~~~~~~~~~~~~~~~~~~~~~~~~~~~~~~~~~~~~~~~~~~~~~~~~~~~~~~~~~~~~~~~~
benchmarks is a Catch v2.13.7 host application.
Run with -? for options

Randomness seeded to: 1685742152

-------------------------------------------------------------------------------
test_noisy_fidelity_2qb_nn_estimate
-------------------------------------------------------------------------------
/home/paperspace/qrack/test/benchmarks.cpp:5763
...............................................................................

/home/paperspace/qrack/test/benchmarks.cpp:5763: FAILED:
due to unexpected exception with message:
  Cannot instantiate a QPager with greater capacity than environment variable
  QRACK_MAX_PAGING_QB.

===============================================================================
test cases: 1 | 1 failed
assertions: 1 | 1 failed

Random Seed: 1685742172 (Overridden by hardware generation!)
Device #0, Loaded binary from: /home/paperspace/.qrack/qrack_ocl_dev_NVIDIA_A100-SXM4-80GB.ir
Default platform: NVIDIA CUDA
Default device: #0, NVIDIA A100-SXM4-80GB
OpenCL device #0: NVIDIA A100-SXM4-80GB
############ Default Optimal (QUnit) ############
Filters: test_noisy_fidelity_2qb_nn_estimate
>>> 'test_noisy_fidelity_2qb_nn_estimate':
Circuit width: 54
Circuit layer depth (excluding factor of x2 for mirror validation): 9
For SDRP=1: 
Unitary fidelity: 4.53213e-08
Execution time: 0s
For SDRP=0.975: 
Unitary fidelity: 1.82508e-08
Execution time: 0s
For SDRP=0.95: 
Unitary fidelity: 1.21699e-07
Execution time: 0s
For SDRP=0.925: 
Unitary fidelity: 1.21699e-07
Execution time: 0s
For SDRP=0.9: 
Unitary fidelity: 4.25896e-08
Execution time: 0s
For SDRP=0.875: 
Unitary fidelity: 2.70311e-07
Execution time: 0s
For SDRP=0.85: 
Unitary fidelity: 5.38145e-07
Execution time: 0s
For SDRP=0.825: 
Unitary fidelity: 5.38147e-07
Execution time: 0s
For SDRP=0.8: 
Unitary fidelity: 2.8629e-06
Execution time: 0s
For SDRP=0.775: 
Unitary fidelity: 1.672e-05
Execution time: 3s

~~~~~~~~~~~~~~~~~~~~~~~~~~~~~~~~~~~~~~~~~~~~~~~~~~~~~~~~~~~~~~~~~~~~~~~~~~~~~~~
benchmarks is a Catch v2.13.7 host application.
Run with -? for options

Randomness seeded to: 1685742172

-------------------------------------------------------------------------------
test_noisy_fidelity_2qb_nn_estimate
-------------------------------------------------------------------------------
/home/paperspace/qrack/test/benchmarks.cpp:5763
...............................................................................

/home/paperspace/qrack/test/benchmarks.cpp:5763: FAILED:
due to unexpected exception with message:
  Cannot instantiate a QPager with greater capacity than environment variable
  QRACK_MAX_PAGING_QB.

===============================================================================
test cases: 1 | 1 failed
assertions: 1 | 1 failed

Random Seed: 1685742218 (Overridden by hardware generation!)
Device #0, Loaded binary from: /home/paperspace/.qrack/qrack_ocl_dev_NVIDIA_A100-SXM4-80GB.ir
Default platform: NVIDIA CUDA
Default device: #0, NVIDIA A100-SXM4-80GB
OpenCL device #0: NVIDIA A100-SXM4-80GB
############ Default Optimal (QUnit) ############
Filters: test_noisy_fidelity_2qb_nn_estimate
>>> 'test_noisy_fidelity_2qb_nn_estimate':
Circuit width: 54
Circuit layer depth (excluding factor of x2 for mirror validation): 9
For SDRP=1: 
Unitary fidelity: 8.4945e-08
Execution time: 2s
For SDRP=0.975: 
Unitary fidelity: 7.59467e-08
Execution time: 13s
For SDRP=0.95: 
Unitary fidelity: 7.59462e-08
Execution time: 14s

~~~~~~~~~~~~~~~~~~~~~~~~~~~~~~~~~~~~~~~~~~~~~~~~~~~~~~~~~~~~~~~~~~~~~~~~~~~~~~~
benchmarks is a Catch v2.13.7 host application.
Run with -? for options

Randomness seeded to: 1685742218

-------------------------------------------------------------------------------
test_noisy_fidelity_2qb_nn_estimate
-------------------------------------------------------------------------------
/home/paperspace/qrack/test/benchmarks.cpp:5763
...............................................................................

/home/paperspace/qrack/test/benchmarks.cpp:5763: FAILED:
due to unexpected exception with message:
  VRAM limits exceeded in QEngineOCL::AddAlloc()

===============================================================================
test cases: 1 | 1 failed
assertions: 1 | 1 failed

Random Seed: 1685742269 (Overridden by hardware generation!)
Device #0, Loaded binary from: /home/paperspace/.qrack/qrack_ocl_dev_NVIDIA_A100-SXM4-80GB.ir
Default platform: NVIDIA CUDA
Default device: #0, NVIDIA A100-SXM4-80GB
OpenCL device #0: NVIDIA A100-SXM4-80GB
############ Default Optimal (QUnit) ############
Filters: test_noisy_fidelity_2qb_nn_estimate
>>> 'test_noisy_fidelity_2qb_nn_estimate':
Circuit width: 54
Circuit layer depth (excluding factor of x2 for mirror validation): 9
For SDRP=1: 
Unitary fidelity: 2.14284e-07
Execution time: 1s
For SDRP=0.975: 
Unitary fidelity: 2.14284e-07
Execution time: 1s
For SDRP=0.95: 
Unitary fidelity: 2.14284e-07
Execution time: 1s
For SDRP=0.925: 
Unitary fidelity: 2.14284e-07
Execution time: 1s
For SDRP=0.9: 
Unitary fidelity: 2.14285e-07
Execution time: 1s
For SDRP=0.875: 
Unitary fidelity: 2.50831e-06
Execution time: 21s

~~~~~~~~~~~~~~~~~~~~~~~~~~~~~~~~~~~~~~~~~~~~~~~~~~~~~~~~~~~~~~~~~~~~~~~~~~~~~~~
benchmarks is a Catch v2.13.7 host application.
Run with -? for options

Randomness seeded to: 1685742269

-------------------------------------------------------------------------------
test_noisy_fidelity_2qb_nn_estimate
-------------------------------------------------------------------------------
/home/paperspace/qrack/test/benchmarks.cpp:5763
...............................................................................

/home/paperspace/qrack/test/benchmarks.cpp:5763: FAILED:
due to unexpected exception with message:
  Cannot instantiate a QPager with greater capacity than environment variable
  QRACK_MAX_PAGING_QB.

===============================================================================
test cases: 1 | 1 failed
assertions: 1 | 1 failed

Random Seed: 1685742318 (Overridden by hardware generation!)
Device #0, Loaded binary from: /home/paperspace/.qrack/qrack_ocl_dev_NVIDIA_A100-SXM4-80GB.ir
Default platform: NVIDIA CUDA
Default device: #0, NVIDIA A100-SXM4-80GB
OpenCL device #0: NVIDIA A100-SXM4-80GB
############ Default Optimal (QUnit) ############
Filters: test_noisy_fidelity_2qb_nn_estimate
>>> 'test_noisy_fidelity_2qb_nn_estimate':
Circuit width: 54
Circuit layer depth (excluding factor of x2 for mirror validation): 9
For SDRP=1: 
Unitary fidelity: 4.96579e-10
Execution time: 0s
For SDRP=0.975: 
Unitary fidelity: 1.03587e-09
Execution time: 0s
For SDRP=0.95: 
Unitary fidelity: 1.08108e-09
Execution time: 0s
For SDRP=0.925: 
Unitary fidelity: 1.08106e-09
Execution time: 0s
For SDRP=0.9: 
Unitary fidelity: 4.24143e-09
Execution time: 0s
For SDRP=0.875: 
Unitary fidelity: 8.29701e-09
Execution time: 0s
For SDRP=0.85: 
Unitary fidelity: 9.89621e-09
Execution time: 0s
For SDRP=0.825: 
Unitary fidelity: 5.82057e-08
Execution time: 3s
For SDRP=0.8: 
Unitary fidelity: 2.57721e-08
Execution time: 6s

~~~~~~~~~~~~~~~~~~~~~~~~~~~~~~~~~~~~~~~~~~~~~~~~~~~~~~~~~~~~~~~~~~~~~~~~~~~~~~~
benchmarks is a Catch v2.13.7 host application.
Run with -? for options

Randomness seeded to: 1685742318

-------------------------------------------------------------------------------
test_noisy_fidelity_2qb_nn_estimate
-------------------------------------------------------------------------------
/home/paperspace/qrack/test/benchmarks.cpp:5763
...............................................................................

/home/paperspace/qrack/test/benchmarks.cpp:5763: FAILED:
due to unexpected exception with message:
  VRAM limits exceeded in QEngineOCL::AddAlloc()

===============================================================================
test cases: 1 | 1 failed
assertions: 1 | 1 failed

Random Seed: 1685742334 (Overridden by hardware generation!)
Device #0, Loaded binary from: /home/paperspace/.qrack/qrack_ocl_dev_NVIDIA_A100-SXM4-80GB.ir
Default platform: NVIDIA CUDA
Default device: #0, NVIDIA A100-SXM4-80GB
OpenCL device #0: NVIDIA A100-SXM4-80GB
############ Default Optimal (QUnit) ############
Filters: test_noisy_fidelity_2qb_nn_estimate
>>> 'test_noisy_fidelity_2qb_nn_estimate':
Circuit width: 54
Circuit layer depth (excluding factor of x2 for mirror validation): 9
For SDRP=1: 
Unitary fidelity: 2.20204e-09
Execution time: 0s
For SDRP=0.975: 
Unitary fidelity: 2.20208e-09
Execution time: 0s
For SDRP=0.95: 
Unitary fidelity: 3.60152e-09
Execution time: 1s
For SDRP=0.925: 
Unitary fidelity: 1.08804e-08
Execution time: 1s
For SDRP=0.9: 
Unitary fidelity: 6.41173e-08
Execution time: 14s
For SDRP=0.875: 
Unitary fidelity: 1.98054e-07
Execution time: 16s
For SDRP=0.85: 
Unitary fidelity: 1.98053e-07
Execution time: 16s
For SDRP=0.825: 
Unitary fidelity: 2.32075e-07
Execution time: 1s
For SDRP=0.8: 
Unitary fidelity: 2.32073e-07
Execution time: 1s
For SDRP=0.775: 
Unitary fidelity: 2.32074e-07
Execution time: 1s
For SDRP=0.75: 
Unitary fidelity: 8.8165e-07
Execution time: 7s

~~~~~~~~~~~~~~~~~~~~~~~~~~~~~~~~~~~~~~~~~~~~~~~~~~~~~~~~~~~~~~~~~~~~~~~~~~~~~~~
benchmarks is a Catch v2.13.7 host application.
Run with -? for options

Randomness seeded to: 1685742334

-------------------------------------------------------------------------------
test_noisy_fidelity_2qb_nn_estimate
-------------------------------------------------------------------------------
/home/paperspace/qrack/test/benchmarks.cpp:5763
...............................................................................

/home/paperspace/qrack/test/benchmarks.cpp:5763: FAILED:
due to unexpected exception with message:
  Cannot instantiate a QPager with greater capacity than environment variable
  QRACK_MAX_PAGING_QB.

===============================================================================
test cases: 1 | 1 failed
assertions: 1 | 1 failed

Random Seed: 1685742411 (Overridden by hardware generation!)
Device #0, Loaded binary from: /home/paperspace/.qrack/qrack_ocl_dev_NVIDIA_A100-SXM4-80GB.ir
Default platform: NVIDIA CUDA
Default device: #0, NVIDIA A100-SXM4-80GB
OpenCL device #0: NVIDIA A100-SXM4-80GB
############ Default Optimal (QUnit) ############
Filters: test_noisy_fidelity_2qb_nn_estimate
>>> 'test_noisy_fidelity_2qb_nn_estimate':
Circuit width: 54
Circuit layer depth (excluding factor of x2 for mirror validation): 9
For SDRP=1: 
Unitary fidelity: 9.46895e-08
Execution time: 0s
For SDRP=0.975: 
Unitary fidelity: 9.46902e-08
Execution time: 0s
For SDRP=0.95: 
Unitary fidelity: 1.15666e-07
Execution time: 0s
For SDRP=0.925: 
Unitary fidelity: 2.15388e-07
Execution time: 0s
For SDRP=0.9: 
Unitary fidelity: 4.47504e-07
Execution time: 0s
For SDRP=0.875: 
Unitary fidelity: 3.59936e-06
Execution time: 0s
For SDRP=0.85: 
Unitary fidelity: 1.27633e-05
Execution time: 0s

~~~~~~~~~~~~~~~~~~~~~~~~~~~~~~~~~~~~~~~~~~~~~~~~~~~~~~~~~~~~~~~~~~~~~~~~~~~~~~~
benchmarks is a Catch v2.13.7 host application.
Run with -? for options

Randomness seeded to: 1685742411

-------------------------------------------------------------------------------
test_noisy_fidelity_2qb_nn_estimate
-------------------------------------------------------------------------------
/home/paperspace/qrack/test/benchmarks.cpp:5763
...............................................................................

/home/paperspace/qrack/test/benchmarks.cpp:5763: FAILED:
due to unexpected exception with message:
  VRAM limits exceeded in QEngineOCL::AddAlloc()

===============================================================================
test cases: 1 | 1 failed
assertions: 1 | 1 failed

Random Seed: 1685742413 (Overridden by hardware generation!)
Device #0, Loaded binary from: /home/paperspace/.qrack/qrack_ocl_dev_NVIDIA_A100-SXM4-80GB.ir
Default platform: NVIDIA CUDA
Default device: #0, NVIDIA A100-SXM4-80GB
OpenCL device #0: NVIDIA A100-SXM4-80GB
############ Default Optimal (QUnit) ############
Filters: test_noisy_fidelity_2qb_nn_estimate
>>> 'test_noisy_fidelity_2qb_nn_estimate':
Circuit width: 54
Circuit layer depth (excluding factor of x2 for mirror validation): 9

~~~~~~~~~~~~~~~~~~~~~~~~~~~~~~~~~~~~~~~~~~~~~~~~~~~~~~~~~~~~~~~~~~~~~~~~~~~~~~~
benchmarks is a Catch v2.13.7 host application.
Run with -? for options

Randomness seeded to: 1685742413

-------------------------------------------------------------------------------
test_noisy_fidelity_2qb_nn_estimate
-------------------------------------------------------------------------------
/home/paperspace/qrack/test/benchmarks.cpp:5763
...............................................................................

/home/paperspace/qrack/test/benchmarks.cpp:5763: FAILED:
due to unexpected exception with message:
  Cannot instantiate a QPager with greater capacity than environment variable
  QRACK_MAX_PAGING_QB.

===============================================================================
test cases: 1 | 1 failed
assertions: 1 | 1 failed

Random Seed: 1685742417 (Overridden by hardware generation!)
Device #0, Loaded binary from: /home/paperspace/.qrack/qrack_ocl_dev_NVIDIA_A100-SXM4-80GB.ir
Default platform: NVIDIA CUDA
Default device: #0, NVIDIA A100-SXM4-80GB
OpenCL device #0: NVIDIA A100-SXM4-80GB
############ Default Optimal (QUnit) ############
Filters: test_noisy_fidelity_2qb_nn_estimate
>>> 'test_noisy_fidelity_2qb_nn_estimate':
Circuit width: 54
Circuit layer depth (excluding factor of x2 for mirror validation): 9
For SDRP=1: 
Unitary fidelity: 8.16164e-08
Execution time: 0s
For SDRP=0.975: 
Unitary fidelity: 8.16149e-08
Execution time: 0s
For SDRP=0.95: 
Unitary fidelity: 8.16151e-08
Execution time: 0s
For SDRP=0.925: 
Unitary fidelity: 8.1615e-08
Execution time: 0s
For SDRP=0.9: 
Unitary fidelity: 8.16152e-08
Execution time: 0s
For SDRP=0.875: 
Unitary fidelity: 2.41996e-07
Execution time: 0s
For SDRP=0.85: 
Unitary fidelity: 2.41996e-07
Execution time: 0s
For SDRP=0.825: 
Unitary fidelity: 2.07022e-06
Execution time: 1s

~~~~~~~~~~~~~~~~~~~~~~~~~~~~~~~~~~~~~~~~~~~~~~~~~~~~~~~~~~~~~~~~~~~~~~~~~~~~~~~
benchmarks is a Catch v2.13.7 host application.
Run with -? for options

Randomness seeded to: 1685742417

-------------------------------------------------------------------------------
test_noisy_fidelity_2qb_nn_estimate
-------------------------------------------------------------------------------
/home/paperspace/qrack/test/benchmarks.cpp:5763
...............................................................................

/home/paperspace/qrack/test/benchmarks.cpp:5763: FAILED:
due to unexpected exception with message:
  Cannot instantiate a QPager with greater capacity than environment variable
  QRACK_MAX_PAGING_QB.

===============================================================================
test cases: 1 | 1 failed
assertions: 1 | 1 failed

Random Seed: 1685742436 (Overridden by hardware generation!)
Device #0, Loaded binary from: /home/paperspace/.qrack/qrack_ocl_dev_NVIDIA_A100-SXM4-80GB.ir
Default platform: NVIDIA CUDA
Default device: #0, NVIDIA A100-SXM4-80GB
OpenCL device #0: NVIDIA A100-SXM4-80GB
############ Default Optimal (QUnit) ############
Filters: test_noisy_fidelity_2qb_nn_estimate
>>> 'test_noisy_fidelity_2qb_nn_estimate':
Circuit width: 54
Circuit layer depth (excluding factor of x2 for mirror validation): 9
For SDRP=1: 
Unitary fidelity: 4.77923e-09
Execution time: 0s
For SDRP=0.975: 
Unitary fidelity: 4.77931e-09
Execution time: 0s
For SDRP=0.95: 
Unitary fidelity: 4.81791e-08
Execution time: 0s
For SDRP=0.925: 
Unitary fidelity: 4.81791e-08
Execution time: 0s
For SDRP=0.9: 
Unitary fidelity: 1.78532e-08
Execution time: 2s
For SDRP=0.875: 
Unitary fidelity: 8.34087e-09
Execution time: 5s
For SDRP=0.85: 
Unitary fidelity: 1.70098e-07
Execution time: 3s

~~~~~~~~~~~~~~~~~~~~~~~~~~~~~~~~~~~~~~~~~~~~~~~~~~~~~~~~~~~~~~~~~~~~~~~~~~~~~~~
benchmarks is a Catch v2.13.7 host application.
Run with -? for options

Randomness seeded to: 1685742436

-------------------------------------------------------------------------------
test_noisy_fidelity_2qb_nn_estimate
-------------------------------------------------------------------------------
/home/paperspace/qrack/test/benchmarks.cpp:5763
...............................................................................

/home/paperspace/qrack/test/benchmarks.cpp:5763: FAILED:
due to unexpected exception with message:
  VRAM limits exceeded in QEngineOCL::AddAlloc()

===============================================================================
test cases: 1 | 1 failed
assertions: 1 | 1 failed

Random Seed: 1685742459 (Overridden by hardware generation!)
Device #0, Loaded binary from: /home/paperspace/.qrack/qrack_ocl_dev_NVIDIA_A100-SXM4-80GB.ir
Default platform: NVIDIA CUDA
Default device: #0, NVIDIA A100-SXM4-80GB
OpenCL device #0: NVIDIA A100-SXM4-80GB
############ Default Optimal (QUnit) ############
Filters: test_noisy_fidelity_2qb_nn_estimate
>>> 'test_noisy_fidelity_2qb_nn_estimate':
Circuit width: 54
Circuit layer depth (excluding factor of x2 for mirror validation): 9
For SDRP=1: 
Unitary fidelity: 1.88839e-06
Execution time: 0s
For SDRP=0.975: 
Unitary fidelity: 1.88839e-06
Execution time: 0s
For SDRP=0.95: 
Unitary fidelity: 1.88839e-06
Execution time: 0s
For SDRP=0.925: 
Unitary fidelity: 1.88839e-06
Execution time: 0s
For SDRP=0.9: 
Unitary fidelity: 1.88838e-06
Execution time: 0s
For SDRP=0.875: 
Unitary fidelity: 1.88839e-06
Execution time: 0s
For SDRP=0.85: 
Unitary fidelity: 2.81391e-06
Execution time: 0s
For SDRP=0.825: 
Unitary fidelity: 3.04552e-06
Execution time: 0s
For SDRP=0.8: 
Unitary fidelity: 3.04551e-06
Execution time: 0s
For SDRP=0.775: 
Unitary fidelity: 9.45933e-06
Execution time: 4s
For SDRP=0.75: 
Unitary fidelity: 7.32768e-06
Execution time: 9s

~~~~~~~~~~~~~~~~~~~~~~~~~~~~~~~~~~~~~~~~~~~~~~~~~~~~~~~~~~~~~~~~~~~~~~~~~~~~~~~
benchmarks is a Catch v2.13.7 host application.
Run with -? for options

Randomness seeded to: 1685742459

-------------------------------------------------------------------------------
test_noisy_fidelity_2qb_nn_estimate
-------------------------------------------------------------------------------
/home/paperspace/qrack/test/benchmarks.cpp:5763
...............................................................................

/home/paperspace/qrack/test/benchmarks.cpp:5763: FAILED:
due to unexpected exception with message:
  Cannot instantiate a QPager with greater capacity than environment variable
  QRACK_MAX_PAGING_QB.

===============================================================================
test cases: 1 | 1 failed
assertions: 1 | 1 failed

Random Seed: 1685742479 (Overridden by hardware generation!)
Device #0, Loaded binary from: /home/paperspace/.qrack/qrack_ocl_dev_NVIDIA_A100-SXM4-80GB.ir
Default platform: NVIDIA CUDA
Default device: #0, NVIDIA A100-SXM4-80GB
OpenCL device #0: NVIDIA A100-SXM4-80GB
############ Default Optimal (QUnit) ############
Filters: test_noisy_fidelity_2qb_nn_estimate
>>> 'test_noisy_fidelity_2qb_nn_estimate':
Circuit width: 54
Circuit layer depth (excluding factor of x2 for mirror validation): 9
For SDRP=1: 
Unitary fidelity: 7.45449e-10
Execution time: 1s
For SDRP=0.975: 
Unitary fidelity: 7.45441e-10
Execution time: 1s
For SDRP=0.95: 
Unitary fidelity: 5.69645e-10
Execution time: 1s
For SDRP=0.925: 
Unitary fidelity: 6.10355e-10
Execution time: 11s
For SDRP=0.9: 
Unitary fidelity: 1.04423e-09
Execution time: 11s
For SDRP=0.875: 
Unitary fidelity: 6.01935e-10
Execution time: 11s
For SDRP=0.85: 
Unitary fidelity: 3.73068e-09
Execution time: 0s
For SDRP=0.825: 
Unitary fidelity: 9.03747e-09
Execution time: 0s
For SDRP=0.8: 
Unitary fidelity: 1.02453e-07
Execution time: 16s

~~~~~~~~~~~~~~~~~~~~~~~~~~~~~~~~~~~~~~~~~~~~~~~~~~~~~~~~~~~~~~~~~~~~~~~~~~~~~~~
benchmarks is a Catch v2.13.7 host application.
Run with -? for options

Randomness seeded to: 1685742479

-------------------------------------------------------------------------------
test_noisy_fidelity_2qb_nn_estimate
-------------------------------------------------------------------------------
/home/paperspace/qrack/test/benchmarks.cpp:5763
...............................................................................

/home/paperspace/qrack/test/benchmarks.cpp:5763: FAILED:
due to unexpected exception with message:
  VRAM limits exceeded in QEngineOCL::AddAlloc()

===============================================================================
test cases: 1 | 1 failed
assertions: 1 | 1 failed

Random Seed: 1685742538 (Overridden by hardware generation!)
Device #0, Loaded binary from: /home/paperspace/.qrack/qrack_ocl_dev_NVIDIA_A100-SXM4-80GB.ir
Default platform: NVIDIA CUDA
Default device: #0, NVIDIA A100-SXM4-80GB
OpenCL device #0: NVIDIA A100-SXM4-80GB
############ Default Optimal (QUnit) ############
Filters: test_noisy_fidelity_2qb_nn_estimate
>>> 'test_noisy_fidelity_2qb_nn_estimate':
Circuit width: 54
Circuit layer depth (excluding factor of x2 for mirror validation): 9
For SDRP=1: 
Unitary fidelity: 1.40096e-08
Execution time: 5s
For SDRP=0.975: 
Unitary fidelity: 1.20844e-08
Execution time: 6s

~~~~~~~~~~~~~~~~~~~~~~~~~~~~~~~~~~~~~~~~~~~~~~~~~~~~~~~~~~~~~~~~~~~~~~~~~~~~~~~
benchmarks is a Catch v2.13.7 host application.
Run with -? for options

Randomness seeded to: 1685742538

-------------------------------------------------------------------------------
test_noisy_fidelity_2qb_nn_estimate
-------------------------------------------------------------------------------
/home/paperspace/qrack/test/benchmarks.cpp:5763
...............................................................................

/home/paperspace/qrack/test/benchmarks.cpp:5763: FAILED:
due to unexpected exception with message:
  VRAM limits exceeded in QEngineOCL::AddAlloc()

===============================================================================
test cases: 1 | 1 failed
assertions: 1 | 1 failed

Random Seed: 1685742554 (Overridden by hardware generation!)
Device #0, Loaded binary from: /home/paperspace/.qrack/qrack_ocl_dev_NVIDIA_A100-SXM4-80GB.ir
Default platform: NVIDIA CUDA
Default device: #0, NVIDIA A100-SXM4-80GB
OpenCL device #0: NVIDIA A100-SXM4-80GB
############ Default Optimal (QUnit) ############
Filters: test_noisy_fidelity_2qb_nn_estimate
>>> 'test_noisy_fidelity_2qb_nn_estimate':
Circuit width: 54
Circuit layer depth (excluding factor of x2 for mirror validation): 9
For SDRP=1: 
Unitary fidelity: 3.60325e-08
Execution time: 3s
For SDRP=0.975: 
Unitary fidelity: 6.1987e-08
Execution time: 1s
For SDRP=0.95: 
Unitary fidelity: 2.67987e-08
Execution time: 1s
For SDRP=0.925: 
Unitary fidelity: 2.94288e-08
Execution time: 13s
For SDRP=0.9: 
Unitary fidelity: 1.35265e-08
Execution time: 14s
For SDRP=0.875: 
Unitary fidelity: 1.60679e-07
Execution time: 28s

~~~~~~~~~~~~~~~~~~~~~~~~~~~~~~~~~~~~~~~~~~~~~~~~~~~~~~~~~~~~~~~~~~~~~~~~~~~~~~~
benchmarks is a Catch v2.13.7 host application.
Run with -? for options

Randomness seeded to: 1685742554

-------------------------------------------------------------------------------
test_noisy_fidelity_2qb_nn_estimate
-------------------------------------------------------------------------------
/home/paperspace/qrack/test/benchmarks.cpp:5763
...............................................................................

/home/paperspace/qrack/test/benchmarks.cpp:5763: FAILED:
due to unexpected exception with message:
  Cannot instantiate a QPager with greater capacity than environment variable
  QRACK_MAX_PAGING_QB.

===============================================================================
test cases: 1 | 1 failed
assertions: 1 | 1 failed

Random Seed: 1685742651 (Overridden by hardware generation!)
Device #0, Loaded binary from: /home/paperspace/.qrack/qrack_ocl_dev_NVIDIA_A100-SXM4-80GB.ir
Default platform: NVIDIA CUDA
Default device: #0, NVIDIA A100-SXM4-80GB
OpenCL device #0: NVIDIA A100-SXM4-80GB
############ Default Optimal (QUnit) ############
Filters: test_noisy_fidelity_2qb_nn_estimate
>>> 'test_noisy_fidelity_2qb_nn_estimate':
Circuit width: 54
Circuit layer depth (excluding factor of x2 for mirror validation): 9
For SDRP=1: 
Unitary fidelity: 2.15403e-09
Execution time: 0s
For SDRP=0.975: 
Unitary fidelity: 2.15406e-09
Execution time: 0s
For SDRP=0.95: 
Unitary fidelity: 2.6039e-08
Execution time: 0s
For SDRP=0.925: 
Unitary fidelity: 5.05335e-07
Execution time: 0s
For SDRP=0.9: 
Unitary fidelity: 5.0534e-07
Execution time: 0s
For SDRP=0.875: 
Unitary fidelity: 2.95641e-06
Execution time: 0s
For SDRP=0.85: 
Unitary fidelity: 4.24969e-06
Execution time: 1s
For SDRP=0.825: 
Unitary fidelity: 2.18478e-05
Execution time: 11s
For SDRP=0.8: 
Unitary fidelity: 3.92306e-05
Execution time: 3s
For SDRP=0.775: 
Unitary fidelity: 4.53209e-05
Execution time: 3s

~~~~~~~~~~~~~~~~~~~~~~~~~~~~~~~~~~~~~~~~~~~~~~~~~~~~~~~~~~~~~~~~~~~~~~~~~~~~~~~
benchmarks is a Catch v2.13.7 host application.
Run with -? for options

Randomness seeded to: 1685742651

-------------------------------------------------------------------------------
test_noisy_fidelity_2qb_nn_estimate
-------------------------------------------------------------------------------
/home/paperspace/qrack/test/benchmarks.cpp:5763
...............................................................................

/home/paperspace/qrack/test/benchmarks.cpp:5763: FAILED:
due to unexpected exception with message:
  Cannot instantiate a QPager with greater capacity than environment variable
  QRACK_MAX_PAGING_QB.

===============================================================================
test cases: 1 | 1 failed
assertions: 1 | 1 failed

Random Seed: 1685742683 (Overridden by hardware generation!)
Device #0, Loaded binary from: /home/paperspace/.qrack/qrack_ocl_dev_NVIDIA_A100-SXM4-80GB.ir
Default platform: NVIDIA CUDA
Default device: #0, NVIDIA A100-SXM4-80GB
OpenCL device #0: NVIDIA A100-SXM4-80GB
############ Default Optimal (QUnit) ############
Filters: test_noisy_fidelity_2qb_nn_estimate
>>> 'test_noisy_fidelity_2qb_nn_estimate':
Circuit width: 54
Circuit layer depth (excluding factor of x2 for mirror validation): 9
For SDRP=1: 
Unitary fidelity: 5.75889e-07
Execution time: 0s
For SDRP=0.975: 
Unitary fidelity: 5.7589e-07
Execution time: 0s
For SDRP=0.95: 
Unitary fidelity: 5.75884e-07
Execution time: 0s
For SDRP=0.925: 
Unitary fidelity: 5.75886e-07
Execution time: 0s
For SDRP=0.9: 
Unitary fidelity: 5.75887e-07
Execution time: 0s
For SDRP=0.875: 
Unitary fidelity: 5.75888e-07
Execution time: 0s
For SDRP=0.85: 
Unitary fidelity: 5.75887e-07
Execution time: 0s
For SDRP=0.825: 
Unitary fidelity: 6.17811e-06
Execution time: 5s

~~~~~~~~~~~~~~~~~~~~~~~~~~~~~~~~~~~~~~~~~~~~~~~~~~~~~~~~~~~~~~~~~~~~~~~~~~~~~~~
benchmarks is a Catch v2.13.7 host application.
Run with -? for options

Randomness seeded to: 1685742683

-------------------------------------------------------------------------------
test_noisy_fidelity_2qb_nn_estimate
-------------------------------------------------------------------------------
/home/paperspace/qrack/test/benchmarks.cpp:5763
...............................................................................

/home/paperspace/qrack/test/benchmarks.cpp:5763: FAILED:
due to unexpected exception with message:
  Cannot instantiate a QPager with greater capacity than environment variable
  QRACK_MAX_PAGING_QB.

===============================================================================
test cases: 1 | 1 failed
assertions: 1 | 1 failed

Random Seed: 1685742692 (Overridden by hardware generation!)
Device #0, Loaded binary from: /home/paperspace/.qrack/qrack_ocl_dev_NVIDIA_A100-SXM4-80GB.ir
Default platform: NVIDIA CUDA
Default device: #0, NVIDIA A100-SXM4-80GB
OpenCL device #0: NVIDIA A100-SXM4-80GB
############ Default Optimal (QUnit) ############
Filters: test_noisy_fidelity_2qb_nn_estimate
>>> 'test_noisy_fidelity_2qb_nn_estimate':
Circuit width: 54
Circuit layer depth (excluding factor of x2 for mirror validation): 9
For SDRP=1: 
Unitary fidelity: 1.10095e-05
Execution time: 0s
For SDRP=0.975: 
Unitary fidelity: 1.10096e-05
Execution time: 0s
For SDRP=0.95: 
Unitary fidelity: 1.10095e-05
Execution time: 0s
For SDRP=0.925: 
Unitary fidelity: 1.10095e-05
Execution time: 0s
For SDRP=0.9: 
Unitary fidelity: 8.41608e-06
Execution time: 0s
For SDRP=0.875: 
Unitary fidelity: 1.15422e-05
Execution time: 0s
For SDRP=0.85: 
Unitary fidelity: 7.81963e-06
Execution time: 0s
For SDRP=0.825: 
Unitary fidelity: 7.81965e-06
Execution time: 0s
For SDRP=0.8: 
Unitary fidelity: 1.49414e-05
Execution time: 0s
For SDRP=0.775: 
Unitary fidelity: 1.49414e-05
Execution time: 0s
For SDRP=0.75: 
Unitary fidelity: 5.2367e-05
Execution time: 0s
For SDRP=0.725: 
Unitary fidelity: 0.000255666
Execution time: 0s
For SDRP=0.7: 
Unitary fidelity: 0.000255666
Execution time: 0s
For SDRP=0.675: 
Unitary fidelity: 0.000255666
Execution time: 0s
For SDRP=0.65: 
Unitary fidelity: 0.000322619
Execution time: 0s
For SDRP=0.625: 
Unitary fidelity: 0.00256931
Execution time: 16s

~~~~~~~~~~~~~~~~~~~~~~~~~~~~~~~~~~~~~~~~~~~~~~~~~~~~~~~~~~~~~~~~~~~~~~~~~~~~~~~
benchmarks is a Catch v2.13.7 host application.
Run with -? for options

Randomness seeded to: 1685742692

-------------------------------------------------------------------------------
test_noisy_fidelity_2qb_nn_estimate
-------------------------------------------------------------------------------
/home/paperspace/qrack/test/benchmarks.cpp:5763
...............................................................................

/home/paperspace/qrack/test/benchmarks.cpp:5763: FAILED:
due to unexpected exception with message:
  VRAM limits exceeded in QEngineOCL::AddAlloc()

===============================================================================
test cases: 1 | 1 failed
assertions: 1 | 1 failed

Random Seed: 1685742735 (Overridden by hardware generation!)
Device #0, Loaded binary from: /home/paperspace/.qrack/qrack_ocl_dev_NVIDIA_A100-SXM4-80GB.ir
Default platform: NVIDIA CUDA
Default device: #0, NVIDIA A100-SXM4-80GB
OpenCL device #0: NVIDIA A100-SXM4-80GB
############ Default Optimal (QUnit) ############
Filters: test_noisy_fidelity_2qb_nn_estimate
>>> 'test_noisy_fidelity_2qb_nn_estimate':
Circuit width: 54
Circuit layer depth (excluding factor of x2 for mirror validation): 9
For SDRP=1: 
Unitary fidelity: 3.71988e-08
Execution time: 0s
For SDRP=0.975: 
Unitary fidelity: 3.71988e-08
Execution time: 0s
For SDRP=0.95: 
Unitary fidelity: 5.7081e-08
Execution time: 0s
For SDRP=0.925: 
Unitary fidelity: 5.70812e-08
Execution time: 0s
For SDRP=0.9: 
Unitary fidelity: 2.841e-07
Execution time: 0s
For SDRP=0.875: 
Unitary fidelity: 4.3748e-08
Execution time: 0s
For SDRP=0.85: 
Unitary fidelity: 1.28208e-07
Execution time: 2s
For SDRP=0.825: 
Unitary fidelity: 1.28207e-07
Execution time: 2s
For SDRP=0.8: 
Unitary fidelity: 7.63599e-07
Execution time: 4s

~~~~~~~~~~~~~~~~~~~~~~~~~~~~~~~~~~~~~~~~~~~~~~~~~~~~~~~~~~~~~~~~~~~~~~~~~~~~~~~
benchmarks is a Catch v2.13.7 host application.
Run with -? for options

Randomness seeded to: 1685742735

-------------------------------------------------------------------------------
test_noisy_fidelity_2qb_nn_estimate
-------------------------------------------------------------------------------
/home/paperspace/qrack/test/benchmarks.cpp:5763
...............................................................................

/home/paperspace/qrack/test/benchmarks.cpp:5763: FAILED:
due to unexpected exception with message:
  Cannot instantiate a QPager with greater capacity than environment variable
  QRACK_MAX_PAGING_QB.

===============================================================================
test cases: 1 | 1 failed
assertions: 1 | 1 failed

Random Seed: 1685742750 (Overridden by hardware generation!)
Device #0, Loaded binary from: /home/paperspace/.qrack/qrack_ocl_dev_NVIDIA_A100-SXM4-80GB.ir
Default platform: NVIDIA CUDA
Default device: #0, NVIDIA A100-SXM4-80GB
OpenCL device #0: NVIDIA A100-SXM4-80GB
############ Default Optimal (QUnit) ############
Filters: test_noisy_fidelity_2qb_nn_estimate
>>> 'test_noisy_fidelity_2qb_nn_estimate':
Circuit width: 54
Circuit layer depth (excluding factor of x2 for mirror validation): 9
For SDRP=1: 
Unitary fidelity: 8.97992e-08
Execution time: 0s
For SDRP=0.975: 
Unitary fidelity: 8.97991e-08
Execution time: 0s
For SDRP=0.95: 
Unitary fidelity: 8.9799e-08
Execution time: 0s
For SDRP=0.925: 
Unitary fidelity: 8.97996e-08
Execution time: 0s
For SDRP=0.9: 
Unitary fidelity: 3.37571e-07
Execution time: 0s
For SDRP=0.875: 
Unitary fidelity: 3.1344e-07
Execution time: 0s
For SDRP=0.85: 
Unitary fidelity: 1.12581e-06
Execution time: 0s
For SDRP=0.825: 
Unitary fidelity: 1.00301e-06
Execution time: 1s
For SDRP=0.8: 
Unitary fidelity: 6.01822e-07
Execution time: 7s
For SDRP=0.775: 
Unitary fidelity: 1.02575e-06
Execution time: 9s

~~~~~~~~~~~~~~~~~~~~~~~~~~~~~~~~~~~~~~~~~~~~~~~~~~~~~~~~~~~~~~~~~~~~~~~~~~~~~~~
benchmarks is a Catch v2.13.7 host application.
Run with -? for options

Randomness seeded to: 1685742750

-------------------------------------------------------------------------------
test_noisy_fidelity_2qb_nn_estimate
-------------------------------------------------------------------------------
/home/paperspace/qrack/test/benchmarks.cpp:5763
...............................................................................

/home/paperspace/qrack/test/benchmarks.cpp:5763: FAILED:
due to unexpected exception with message:
  Cannot instantiate a QPager with greater capacity than environment variable
  QRACK_MAX_PAGING_QB.

===============================================================================
test cases: 1 | 1 failed
assertions: 1 | 1 failed

Random Seed: 1685742772 (Overridden by hardware generation!)
Device #0, Loaded binary from: /home/paperspace/.qrack/qrack_ocl_dev_NVIDIA_A100-SXM4-80GB.ir
Default platform: NVIDIA CUDA
Default device: #0, NVIDIA A100-SXM4-80GB
OpenCL device #0: NVIDIA A100-SXM4-80GB
############ Default Optimal (QUnit) ############
Filters: test_noisy_fidelity_2qb_nn_estimate
>>> 'test_noisy_fidelity_2qb_nn_estimate':
Circuit width: 54
Circuit layer depth (excluding factor of x2 for mirror validation): 9
For SDRP=1: 
Unitary fidelity: 7.57187e-08
Execution time: 1s
For SDRP=0.975: 
Unitary fidelity: 7.57181e-08
Execution time: 1s
For SDRP=0.95: 
Unitary fidelity: 7.57184e-08
Execution time: 1s
For SDRP=0.925: 
Unitary fidelity: 7.57185e-08
Execution time: 1s
For SDRP=0.9: 
Unitary fidelity: 7.57188e-08
Execution time: 1s
For SDRP=0.875: 
Unitary fidelity: 7.57186e-08
Execution time: 1s
For SDRP=0.85: 
Unitary fidelity: 1.03832e-07
Execution time: 1s
For SDRP=0.825: 
Unitary fidelity: 1.03833e-07
Execution time: 1s
For SDRP=0.8: 
Unitary fidelity: 1.71666e-06
Execution time: 18s
For SDRP=0.775: 
Unitary fidelity: 2.45198e-06
Execution time: 13s

~~~~~~~~~~~~~~~~~~~~~~~~~~~~~~~~~~~~~~~~~~~~~~~~~~~~~~~~~~~~~~~~~~~~~~~~~~~~~~~
benchmarks is a Catch v2.13.7 host application.
Run with -? for options

Randomness seeded to: 1685742772

-------------------------------------------------------------------------------
test_noisy_fidelity_2qb_nn_estimate
-------------------------------------------------------------------------------
/home/paperspace/qrack/test/benchmarks.cpp:5763
...............................................................................

/home/paperspace/qrack/test/benchmarks.cpp:5763: FAILED:
due to unexpected exception with message:
  VRAM limits exceeded in QEngineOCL::AddAlloc()

===============================================================================
test cases: 1 | 1 failed
assertions: 1 | 1 failed

Random Seed: 1685742818 (Overridden by hardware generation!)
Device #0, Loaded binary from: /home/paperspace/.qrack/qrack_ocl_dev_NVIDIA_A100-SXM4-80GB.ir
Default platform: NVIDIA CUDA
Default device: #0, NVIDIA A100-SXM4-80GB
OpenCL device #0: NVIDIA A100-SXM4-80GB
############ Default Optimal (QUnit) ############
Filters: test_noisy_fidelity_2qb_nn_estimate
>>> 'test_noisy_fidelity_2qb_nn_estimate':
Circuit width: 54
Circuit layer depth (excluding factor of x2 for mirror validation): 9
For SDRP=1: 
Unitary fidelity: 1.1493e-08
Execution time: 1s
For SDRP=0.975: 
Unitary fidelity: 2.1678e-08
Execution time: 1s
For SDRP=0.95: 
Unitary fidelity: 2.16783e-08
Execution time: 1s
For SDRP=0.925: 
Unitary fidelity: 3.93295e-08
Execution time: 1s
For SDRP=0.9: 
Unitary fidelity: 1.03831e-07
Execution time: 0s
For SDRP=0.875: 
Unitary fidelity: 2.28108e-07
Execution time: 3s
For SDRP=0.85: 
Unitary fidelity: 2.2811e-07
Execution time: 1s
For SDRP=0.825: 
Unitary fidelity: 1.03212e-07
Execution time: 3s
For SDRP=0.8: 
Unitary fidelity: 1.05971e-07
Execution time: 14s

~~~~~~~~~~~~~~~~~~~~~~~~~~~~~~~~~~~~~~~~~~~~~~~~~~~~~~~~~~~~~~~~~~~~~~~~~~~~~~~
benchmarks is a Catch v2.13.7 host application.
Run with -? for options

Randomness seeded to: 1685742818

-------------------------------------------------------------------------------
test_noisy_fidelity_2qb_nn_estimate
-------------------------------------------------------------------------------
/home/paperspace/qrack/test/benchmarks.cpp:5763
...............................................................................

/home/paperspace/qrack/test/benchmarks.cpp:5763: FAILED:
due to unexpected exception with message:
  Cannot instantiate a QPager with greater capacity than environment variable
  QRACK_MAX_PAGING_QB.

===============================================================================
test cases: 1 | 1 failed
assertions: 1 | 1 failed

Random Seed: 1685742857 (Overridden by hardware generation!)
Device #0, Loaded binary from: /home/paperspace/.qrack/qrack_ocl_dev_NVIDIA_A100-SXM4-80GB.ir
Default platform: NVIDIA CUDA
Default device: #0, NVIDIA A100-SXM4-80GB
OpenCL device #0: NVIDIA A100-SXM4-80GB
############ Default Optimal (QUnit) ############
Filters: test_noisy_fidelity_2qb_nn_estimate
>>> 'test_noisy_fidelity_2qb_nn_estimate':
Circuit width: 54
Circuit layer depth (excluding factor of x2 for mirror validation): 9
For SDRP=1: 
Unitary fidelity: 1.99516e-07
Execution time: 0s
For SDRP=0.975: 
Unitary fidelity: 1.99513e-07
Execution time: 0s
For SDRP=0.95: 
Unitary fidelity: 2.51677e-07
Execution time: 0s
For SDRP=0.925: 
Unitary fidelity: 2.29729e-07
Execution time: 0s
For SDRP=0.9: 
Unitary fidelity: 7.86057e-07
Execution time: 0s
For SDRP=0.875: 
Unitary fidelity: 1.24643e-06
Execution time: 0s
For SDRP=0.85: 
Unitary fidelity: 1.39935e-06
Execution time: 1s
For SDRP=0.825: 
Unitary fidelity: 1.56614e-05
Execution time: 4s
For SDRP=0.8: 
Unitary fidelity: 5.59829e-05
Execution time: 5s
For SDRP=0.775: 
Unitary fidelity: 5.37971e-05
Execution time: 8s
For SDRP=0.75: 
Unitary fidelity: 0.000123236
Execution time: 9s
For SDRP=0.725: 
Unitary fidelity: 0.00012444
Execution time: 17s
For SDRP=0.7: 
Unitary fidelity: 0.00012444
Execution time: 18s
For SDRP=0.675: 
Unitary fidelity: 0.00023162
Execution time: 24s

~~~~~~~~~~~~~~~~~~~~~~~~~~~~~~~~~~~~~~~~~~~~~~~~~~~~~~~~~~~~~~~~~~~~~~~~~~~~~~~
benchmarks is a Catch v2.13.7 host application.
Run with -? for options

Randomness seeded to: 1685742857

-------------------------------------------------------------------------------
test_noisy_fidelity_2qb_nn_estimate
-------------------------------------------------------------------------------
/home/paperspace/qrack/test/benchmarks.cpp:5763
...............................................................................

/home/paperspace/qrack/test/benchmarks.cpp:5763: FAILED:
due to unexpected exception with message:
  Cannot instantiate a QPager with greater capacity than environment variable
  QRACK_MAX_PAGING_QB.

===============================================================================
test cases: 1 | 1 failed
assertions: 1 | 1 failed

Random Seed: 1685742952 (Overridden by hardware generation!)
Device #0, Loaded binary from: /home/paperspace/.qrack/qrack_ocl_dev_NVIDIA_A100-SXM4-80GB.ir
Default platform: NVIDIA CUDA
Default device: #0, NVIDIA A100-SXM4-80GB
OpenCL device #0: NVIDIA A100-SXM4-80GB
############ Default Optimal (QUnit) ############
Filters: test_noisy_fidelity_2qb_nn_estimate
>>> 'test_noisy_fidelity_2qb_nn_estimate':
Circuit width: 54
Circuit layer depth (excluding factor of x2 for mirror validation): 9
For SDRP=1: 
Unitary fidelity: 8.49967e-08
Execution time: 0s
For SDRP=0.975: 
Unitary fidelity: 8.49977e-08
Execution time: 0s
For SDRP=0.95: 
Unitary fidelity: 8.49974e-08
Execution time: 0s
For SDRP=0.925: 
Unitary fidelity: 8.49976e-08
Execution time: 0s
For SDRP=0.9: 
Unitary fidelity: 9.601e-08
Execution time: 1s
For SDRP=0.875: 
Unitary fidelity: 2.67167e-07
Execution time: 39s
For SDRP=0.85: 
Unitary fidelity: 7.18113e-07
Execution time: 40s
For SDRP=0.825: 
Unitary fidelity: 9.87817e-07
Execution time: 39s
For SDRP=0.8: 
Unitary fidelity: 3.73965e-06
Execution time: 49s

~~~~~~~~~~~~~~~~~~~~~~~~~~~~~~~~~~~~~~~~~~~~~~~~~~~~~~~~~~~~~~~~~~~~~~~~~~~~~~~
benchmarks is a Catch v2.13.7 host application.
Run with -? for options

Randomness seeded to: 1685742952

-------------------------------------------------------------------------------
test_noisy_fidelity_2qb_nn_estimate
-------------------------------------------------------------------------------
/home/paperspace/qrack/test/benchmarks.cpp:5763
...............................................................................

/home/paperspace/qrack/test/benchmarks.cpp:5763: FAILED:
due to unexpected exception with message:
  Cannot instantiate a QPager with greater capacity than environment variable
  QRACK_MAX_PAGING_QB.

===============================================================================
test cases: 1 | 1 failed
assertions: 1 | 1 failed

Random Seed: 1685743137 (Overridden by hardware generation!)
Device #0, Loaded binary from: /home/paperspace/.qrack/qrack_ocl_dev_NVIDIA_A100-SXM4-80GB.ir
Default platform: NVIDIA CUDA
Default device: #0, NVIDIA A100-SXM4-80GB
OpenCL device #0: NVIDIA A100-SXM4-80GB
############ Default Optimal (QUnit) ############
Filters: test_noisy_fidelity_2qb_nn_estimate
>>> 'test_noisy_fidelity_2qb_nn_estimate':
Circuit width: 54
Circuit layer depth (excluding factor of x2 for mirror validation): 9
For SDRP=1: 
Unitary fidelity: 3.7517e-10
Execution time: 0s
For SDRP=0.975: 
Unitary fidelity: 2.31007e-10
Execution time: 0s
For SDRP=0.95: 
Unitary fidelity: 2.3101e-10
Execution time: 0s
For SDRP=0.925: 
Unitary fidelity: 3.99431e-10
Execution time: 0s
For SDRP=0.9: 
Unitary fidelity: 3.9944e-10
Execution time: 0s

~~~~~~~~~~~~~~~~~~~~~~~~~~~~~~~~~~~~~~~~~~~~~~~~~~~~~~~~~~~~~~~~~~~~~~~~~~~~~~~
benchmarks is a Catch v2.13.7 host application.
Run with -? for options

Randomness seeded to: 1685743137

-------------------------------------------------------------------------------
test_noisy_fidelity_2qb_nn_estimate
-------------------------------------------------------------------------------
/home/paperspace/qrack/test/benchmarks.cpp:5763
...............................................................................

/home/paperspace/qrack/test/benchmarks.cpp:5763: FAILED:
due to unexpected exception with message:
  Cannot instantiate a QPager with greater capacity than environment variable
  QRACK_MAX_PAGING_QB.

===============================================================================
test cases: 1 | 1 failed
assertions: 1 | 1 failed

Random Seed: 1685743141 (Overridden by hardware generation!)
Device #0, Loaded binary from: /home/paperspace/.qrack/qrack_ocl_dev_NVIDIA_A100-SXM4-80GB.ir
Default platform: NVIDIA CUDA
Default device: #0, NVIDIA A100-SXM4-80GB
OpenCL device #0: NVIDIA A100-SXM4-80GB
############ Default Optimal (QUnit) ############
Filters: test_noisy_fidelity_2qb_nn_estimate
>>> 'test_noisy_fidelity_2qb_nn_estimate':
Circuit width: 54
Circuit layer depth (excluding factor of x2 for mirror validation): 9
For SDRP=1: 
Unitary fidelity: 7.25983e-09
Execution time: 0s
For SDRP=0.975: 
Unitary fidelity: 7.25985e-09
Execution time: 0s
For SDRP=0.95: 
Unitary fidelity: 1.06707e-08
Execution time: 0s
For SDRP=0.925: 
Unitary fidelity: 4.08512e-08
Execution time: 0s
For SDRP=0.9: 
Unitary fidelity: 4.08511e-08
Execution time: 0s
For SDRP=0.875: 
Unitary fidelity: 4.08512e-08
Execution time: 0s
For SDRP=0.85: 
Unitary fidelity: 5.95293e-08
Execution time: 1s

~~~~~~~~~~~~~~~~~~~~~~~~~~~~~~~~~~~~~~~~~~~~~~~~~~~~~~~~~~~~~~~~~~~~~~~~~~~~~~~
benchmarks is a Catch v2.13.7 host application.
Run with -? for options

Randomness seeded to: 1685743141

-------------------------------------------------------------------------------
test_noisy_fidelity_2qb_nn_estimate
-------------------------------------------------------------------------------
/home/paperspace/qrack/test/benchmarks.cpp:5763
...............................................................................

/home/paperspace/qrack/test/benchmarks.cpp:5763: FAILED:
due to unexpected exception with message:
  Cannot instantiate a QPager with greater capacity than environment variable
  QRACK_MAX_PAGING_QB.

===============================================================================
test cases: 1 | 1 failed
assertions: 1 | 1 failed

Random Seed: 1685743158 (Overridden by hardware generation!)
Device #0, Loaded binary from: /home/paperspace/.qrack/qrack_ocl_dev_NVIDIA_A100-SXM4-80GB.ir
Default platform: NVIDIA CUDA
Default device: #0, NVIDIA A100-SXM4-80GB
OpenCL device #0: NVIDIA A100-SXM4-80GB
############ Default Optimal (QUnit) ############
Filters: test_noisy_fidelity_2qb_nn_estimate
>>> 'test_noisy_fidelity_2qb_nn_estimate':
Circuit width: 54
Circuit layer depth (excluding factor of x2 for mirror validation): 9
For SDRP=1: 
Unitary fidelity: 1.37602e-08
Execution time: 12s
For SDRP=0.975: 
Unitary fidelity: 1.37602e-08
Execution time: 12s
For SDRP=0.95: 
Unitary fidelity: 1.37603e-08
Execution time: 12s
For SDRP=0.925: 
Unitary fidelity: 1.37603e-08
Execution time: 12s
For SDRP=0.9: 
Unitary fidelity: 1.37602e-08
Execution time: 12s

~~~~~~~~~~~~~~~~~~~~~~~~~~~~~~~~~~~~~~~~~~~~~~~~~~~~~~~~~~~~~~~~~~~~~~~~~~~~~~~
benchmarks is a Catch v2.13.7 host application.
Run with -? for options

Randomness seeded to: 1685743158

-------------------------------------------------------------------------------
test_noisy_fidelity_2qb_nn_estimate
-------------------------------------------------------------------------------
/home/paperspace/qrack/test/benchmarks.cpp:5763
...............................................................................

/home/paperspace/qrack/test/benchmarks.cpp:5763: FAILED:
due to unexpected exception with message:
  Cannot instantiate a QPager with greater capacity than environment variable
  QRACK_MAX_PAGING_QB.

===============================================================================
test cases: 1 | 1 failed
assertions: 1 | 1 failed

